Component: ARM Compiler 5.06 update 3 (build 300) Tool: armlink [4d35c9]

==============================================================================

Section Cross References

    main.o(i.SPI0MaterInit_forSSD1306) refers to nrf_drv_spi.o(i.nrf_drv_spi_init) for nrf_drv_spi_init
    main.o(i.SPI0MaterInit_forSSD1306) refers to bsp.o(i.bsp_indication_set) for bsp_indication_set
    main.o(i.SPI0MaterInit_forSSD1306) refers to main.o(.constdata) for .constdata
    main.o(i.SPI0MaterInit_forSSD1306) refers to main.o(i.spi_master_0_event_handler) for spi_master_0_event_handler
    main.o(i.SPI0MaterInit_forSSD1306) refers to sfe_microoled.o(.data) for b_SSDSPI
    main.o(i.SPI1MaterInit_forLSM9DS1) refers to nrf_drv_spi.o(i.nrf_drv_spi_init) for nrf_drv_spi_init
    main.o(i.SPI1MaterInit_forLSM9DS1) refers to bsp.o(i.bsp_indication_set) for bsp_indication_set
    main.o(i.SPI1MaterInit_forLSM9DS1) refers to main.o(.constdata) for .constdata
    main.o(i.SPI1MaterInit_forLSM9DS1) refers to main.o(i.spi_master_0_event_handler) for spi_master_0_event_handler
    main.o(i.SPI1MaterInit_forLSM9DS1) refers to sparkfunlsm9ds1.o(.data) for b_LSMSPI
    main.o(i.SSDprint) refers to sfe_microoled.o(i.write) for write
    main.o(i.app_error_handler) refers to bsp.o(i.bsp_indication_set) for bsp_indication_set
    main.o(i.bsp_configuration) refers to app_timer.o(i.app_timer_init) for app_timer_init
    main.o(i.bsp_configuration) refers to bsp.o(i.bsp_indication_set) for bsp_indication_set
    main.o(i.bsp_configuration) refers to bsp.o(i.bsp_init) for bsp_init
    main.o(i.bsp_configuration) refers to main.o(.bss) for .bss
    main.o(i.main) refers to main.o(i.bsp_configuration) for bsp_configuration
    main.o(i.main) refers to main.o(i.SPI0MaterInit_forSSD1306) for SPI0MaterInit_forSSD1306
    main.o(i.main) refers to main.o(i.SPI1MaterInit_forLSM9DS1) for SPI1MaterInit_forLSM9DS1
    main.o(i.main) refers to sfe_microoled.o(i.Oledbegin) for Oledbegin
    main.o(i.main) refers to sfe_microoled.o(i.clear) for clear
    main.o(i.main) refers to sfe_microoled.o(i.display) for display
    main.o(i.main) refers to sparkfunlsm9ds1.o(i.IMUbegin) for IMUbegin
    main.o(i.main) refers to nrf_delay.o(i.nrf_delay_ms) for nrf_delay_ms
    main.o(i.main) refers to sparkfunlsm9ds1.o(i.readGyro) for readGyro
    main.o(i.main) refers to sparkfunlsm9ds1.o(i.readAccel) for readAccel
    main.o(i.main) refers to sparkfunlsm9ds1.o(i.readMag) for readMag
    main.o(i.main) refers to sfe_microoled.o(i.setFontType) for setFontType
    main.o(i.main) refers to sfe_microoled.o(i.setCursor) for setCursor
    main.o(i.main) refers to printf1.o(i.__0sprintf$1) for __2sprintf
    main.o(i.main) refers to strlen.o(.text) for strlen
    main.o(i.main) refers to main.o(i.SSDprint) for SSDprint
    main.o(i.main) refers to sparkfunlsm9ds1.o(.bss) for settings
    main.o(i.main) refers to sparkfunlsm9ds1.o(.data) for gx
    main.o(i.main) refers to main.o(.bss) for .bss
    main.o(i.spi_master_0_event_handler) refers to main.o(i.check_buf_equal) for check_buf_equal
    main.o(i.spi_master_0_event_handler) refers to nrf_drv_spi.o(i.nrf_drv_spi_uninit) for nrf_drv_spi_uninit
    main.o(i.spi_master_0_event_handler) refers to bsp.o(i.bsp_indication_set) for bsp_indication_set
    main.o(i.spi_master_0_event_handler) refers to main.o(.bss) for .bss
    main.o(i.spi_master_0_event_handler) refers to main.o(.constdata) for .constdata
    main.o(i.spi_master_0_event_handler) refers to main.o(.data) for .data
    main.o(i.spi_master_1_event_handler) refers to main.o(i.check_buf_equal) for check_buf_equal
    main.o(i.spi_master_1_event_handler) refers to nrf_drv_spi.o(i.nrf_drv_spi_uninit) for nrf_drv_spi_uninit
    main.o(i.spi_master_1_event_handler) refers to bsp.o(i.bsp_indication_set) for bsp_indication_set
    main.o(i.spi_master_1_event_handler) refers to main.o(.bss) for .bss
    main.o(i.spi_master_1_event_handler) refers to main.o(.constdata) for .constdata
    main.o(i.spi_master_1_event_handler) refers to main.o(.data) for .data
    bsp.o(i.bsp_button_event_handler) refers to app_timer.o(i.app_timer_start) for app_timer_start
    bsp.o(i.bsp_button_event_handler) refers to app_timer.o(i.app_timer_stop) for app_timer_stop
    bsp.o(i.bsp_button_event_handler) refers to bsp.o(.constdata) for .constdata
    bsp.o(i.bsp_button_event_handler) refers to bsp.o(.bss) for .bss
    bsp.o(i.bsp_button_event_handler) refers to bsp.o(.data) for .data
    bsp.o(i.bsp_button_is_pressed) refers to bsp.o(.constdata) for .constdata
    bsp.o(i.bsp_buttons_disable) refers to app_button.o(i.app_button_disable) for app_button_disable
    bsp.o(i.bsp_buttons_enable) refers to app_button.o(i.app_button_enable) for app_button_enable
    bsp.o(i.bsp_buttons_state_get) refers to bsp.o(.constdata) for .constdata
    bsp.o(i.bsp_event_to_button_action_assign) refers to bsp.o(.bss) for .bss
[...]
    printf7.o(i.__0vprintf$7) refers to stdout.o(.data) for __stdout
    printf7.o(i.__0vsnprintf$7) refers to printf7.o(i._printf_core) for _printf_core
    printf7.o(i.__0vsnprintf$7) refers to printf7.o(i._snputc) for _snputc
    printf7.o(i.__0vsprintf$7) refers to printf7.o(i._printf_core) for _printf_core
    printf7.o(i.__0vsprintf$7) refers to printf7.o(i._sputc) for _sputc
    printf7.o(i._printf_core) refers to printf7.o(i._printf_pre_padding) for _printf_pre_padding
    printf7.o(i._printf_core) refers to printf7.o(i._printf_post_padding) for _printf_post_padding
    printf7.o(i._printf_core) refers to uldiv.o(.text) for __aeabi_uldivmod
    printf8.o(i.__0fprintf$8) refers to printf8.o(i._printf_core) for _printf_core
    printf8.o(i.__0fprintf$8) refers to fputc.o(i.fputc) for fputc
    printf8.o(i.__0printf$8) refers to printf8.o(i._printf_core) for _printf_core
    printf8.o(i.__0printf$8) refers to fputc.o(i.fputc) for fputc
    printf8.o(i.__0printf$8) refers to stdout.o(.data) for __stdout
    printf8.o(i.__0snprintf$8) refers to printf8.o(i._printf_core) for _printf_core
    printf8.o(i.__0snprintf$8) refers to printf8.o(i._snputc) for _snputc
    printf8.o(i.__0sprintf$8) refers to printf8.o(i._printf_core) for _printf_core
    printf8.o(i.__0sprintf$8) refers to printf8.o(i._sputc) for _sputc
    printf8.o(i.__0vfprintf$8) refers to printf8.o(i._printf_core) for _printf_core
    printf8.o(i.__0vfprintf$8) refers to fputc.o(i.fputc) for fputc
    printf8.o(i.__0vprintf$8) refers to printf8.o(i._printf_core) for _printf_core
    printf8.o(i.__0vprintf$8) refers to fputc.o(i.fputc) for fputc
    printf8.o(i.__0vprintf$8) refers to stdout.o(.data) for __stdout
    printf8.o(i.__0vsnprintf$8) refers to printf8.o(i._printf_core) for _printf_core
    printf8.o(i.__0vsnprintf$8) refers to printf8.o(i._snputc) for _snputc
    printf8.o(i.__0vsprintf$8) refers to printf8.o(i._printf_core) for _printf_core
    printf8.o(i.__0vsprintf$8) refers to printf8.o(i._sputc) for _sputc
    printf8.o(i._printf_core) refers to printf8.o(i._printf_pre_padding) for _printf_pre_padding
    printf8.o(i._printf_core) refers to printf8.o(i._printf_post_padding) for _printf_post_padding
    printf8.o(i._printf_core) refers to uldiv.o(.text) for __aeabi_uldivmod
    printfa.o(i.__0fprintf) refers (Special) to iusefp.o(.text) for __I$use$fp
    printfa.o(i.__0fprintf) refers to printfa.o(i._printf_core) for _printf_core
    printfa.o(i.__0fprintf) refers to fputc.o(i.fputc) for fputc
    printfa.o(i.__0printf) refers (Special) to iusefp.o(.text) for __I$use$fp
    printfa.o(i.__0printf) refers to printfa.o(i._printf_core) for _printf_core
    printfa.o(i.__0printf) refers to fputc.o(i.fputc) for fputc
    printfa.o(i.__0printf) refers to stdout.o(.data) for __stdout
    printfa.o(i.__0snprintf) refers (Special) to iusefp.o(.text) for __I$use$fp
    printfa.o(i.__0snprintf) refers to printfa.o(i._printf_core) for _printf_core
    printfa.o(i.__0snprintf) refers to printfa.o(i._snputc) for _snputc
    printfa.o(i.__0sprintf) refers (Special) to iusefp.o(.text) for __I$use$fp
    printfa.o(i.__0sprintf) refers to printfa.o(i._printf_core) for _printf_core
    printfa.o(i.__0sprintf) refers to printfa.o(i._sputc) for _sputc
    printfa.o(i.__0vfprintf) refers (Special) to iusefp.o(.text) for __I$use$fp
    printfa.o(i.__0vfprintf) refers to printfa.o(i._printf_core) for _printf_core
    printfa.o(i.__0vfprintf) refers to fputc.o(i.fputc) for fputc
    printfa.o(i.__0vprintf) refers (Special) to iusefp.o(.text) for __I$use$fp
    printfa.o(i.__0vprintf) refers to printfa.o(i._printf_core) for _printf_core
    printfa.o(i.__0vprintf) refers to fputc.o(i.fputc) for fputc
    printfa.o(i.__0vprintf) refers to stdout.o(.data) for __stdout
    printfa.o(i.__0vsnprintf) refers (Special) to iusefp.o(.text) for __I$use$fp
    printfa.o(i.__0vsnprintf) refers to printfa.o(i._printf_core) for _printf_core
    printfa.o(i.__0vsnprintf) refers to printfa.o(i._snputc) for _snputc
    printfa.o(i.__0vsprintf) refers (Special) to iusefp.o(.text) for __I$use$fp
    printfa.o(i.__0vsprintf) refers to printfa.o(i._printf_core) for _printf_core
    printfa.o(i.__0vsprintf) refers to printfa.o(i._sputc) for _sputc
    printfa.o(i._fp_digits) refers (Special) to iusefp.o(.text) for __I$use$fp
    printfa.o(i._fp_digits) refers to dmul.o(.text) for __aeabi_dmul
    printfa.o(i._fp_digits) refers to ddiv.o(.text) for __aeabi_ddiv
    printfa.o(i._fp_digits) refers to cdrcmple.o(.text) for __aeabi_cdrcmple
    printfa.o(i._fp_digits) refers to dadd.o(.text) for __aeabi_dadd
    printfa.o(i._fp_digits) refers to dfixul.o(.text) for __aeabi_d2ulz
    printfa.o(i._fp_digits) refers to uldiv.o(.text) for __aeabi_uldivmod
    printfa.o(i._printf_core) refers (Special) to iusefp.o(.text) for __I$use$fp
    printfa.o(i._printf_core) refers to printfa.o(i._printf_pre_padding) for _printf_pre_padding
    printfa.o(i._printf_core) refers to uldiv.o(.text) for __aeabi_uldivmod
    printfa.o(i._printf_core) refers to printfa.o(i._printf_post_padding) for _printf_post_padding
    printfa.o(i._printf_core) refers to printfa.o(i._fp_digits) for _fp_digits
    printfa.o(i._printf_core) refers to uidiv.o(.text) for __aeabi_uidivmod
    printfa.o(i._printf_post_padding) refers (Special) to iusefp.o(.text) for __I$use$fp
    printfa.o(i._printf_pre_padding) refers (Special) to iusefp.o(.text) for __I$use$fp
    printfa.o(i._snputc) refers (Special) to iusefp.o(.text) for __I$use$fp
    printfa.o(i._sputc) refers (Special) to iusefp.o(.text) for __I$use$fp
    fmul.o(.text) refers (Special) to iusefp.o(.text) for __I$use$fp
    fscalb.o(.text) refers (Special) to iusefp.o(.text) for __I$use$fp
    ddiv.o(.text) refers (Special) to iusefp.o(.text) for __I$use$fp
    ddiv.o(.text) refers to depilogue.o(.text) for _double_round
    fflti.o(.text) refers (Special) to iusefp.o(.text) for __I$use$fp
    fflti.o(.text) refers to fepilogue.o(.text) for _float_epilogue
    ffltui.o(.text) refers (Special) to iusefp.o(.text) for __I$use$fp
    ffltui.o(.text) refers to fepilogue.o(.text) for _float_epilogue
    dfixi.o(.text) refers (Special) to iusefp.o(.text) for __I$use$fp
    dfixi.o(.text) refers to llushr.o(.text) for __aeabi_llsr
    f2d.o(.text) refers (Special) to iusefp.o(.text) for __I$use$fp
    entry2.o(.ARM.Collect$$$$00000001) refers to entry2.o(.ARM.Collect$$$$00002712) for __lit__00000000
    entry2.o(.ARM.Collect$$$$00002712) refers to arm_startup_nrf51.o(STACK) for __initial_sp
    entry2.o(__vectab_stack_and_reset_area) refers to arm_startup_nrf51.o(STACK) for __initial_sp
    entry2.o(__vectab_stack_and_reset_area) refers to entry.o(.ARM.Collect$$$$00000000) for __main
    entry5.o(.ARM.Collect$$$$00000004) refers to init.o(.text) for __scatterload
    entry9a.o(.ARM.Collect$$$$0000000B) refers to main.o(i.main) for main
    entry9b.o(.ARM.Collect$$$$0000000C) refers to main.o(i.main) for main
    fputc.o(i.fputc) refers (Special) to iusesemip.o(.text) for __I$use$semihosting$fputc
    fputc.o(i.fputc) refers (Special) to semi.o(.text) for __semihosting_library_function
    uldiv.o(.text) refers to llushr.o(.text) for __aeabi_llsr
    uldiv.o(.text) refers to llshl.o(.text) for __aeabi_llsl
    depilogue.o(.text) refers to depilogue.o(i.__ARM_clz) for __ARM_clz
    depilogue.o(.text) refers to llshl.o(.text) for __aeabi_llsl
    depilogue.o(.text) refers to llushr.o(.text) for __aeabi_llsr
    dadd.o(.text) refers to llshl.o(.text) for __aeabi_llsl
    dadd.o(.text) refers to llsshr.o(.text) for __aeabi_lasr
    dadd.o(.text) refers to depilogue.o(.text) for _double_epilogue
    dmul.o(.text) refers to depilogue.o(.text) for _double_epilogue
    dfixul.o(.text) refers to llushr.o(.text) for __aeabi_llsr
    dfixul.o(.text) refers to llshl.o(.text) for __aeabi_llsl
    init.o(.text) refers to entry5.o(.ARM.Collect$$$$00000004) for __main_after_scatterload


==============================================================================

Removing Unused input sections from the image.

    Removing main.o(.rev16_text), (4 bytes).
    Removing main.o(.revsh_text), (4 bytes).
    Removing main.o(.emb_text), (30 bytes).
    Removing main.o(i.spi_master_1_event_handler), (72 bytes).
    Removing bsp.o(.rev16_text), (4 bytes).
    Removing bsp.o(.revsh_text), (4 bytes).
    Removing bsp.o(i.bsp_button_is_pressed), (44 bytes).
    Removing bsp.o(i.bsp_buttons_disable), (8 bytes).
    Removing bsp.o(i.bsp_buttons_enable), (8 bytes).
    Removing bsp.o(i.bsp_buttons_state_get), (60 bytes).
    Removing bsp.o(i.bsp_indication_text_set), (8 bytes).
    Removing bsp.o(i.bsp_wakeup_buttons_set), (60 bytes).
    Removing nrf_delay.o(.rev16_text), (4 bytes).
    Removing nrf_delay.o(.revsh_text), (4 bytes).
    Removing nrf_drv_common.o(.rev16_text), (4 bytes).
    Removing nrf_drv_common.o(.revsh_text), (4 bytes).
    Removing nrf_drv_gpiote.o(.rev16_text), (4 bytes).
    Removing nrf_drv_gpiote.o(.revsh_text), (4 bytes).
    Removing nrf_drv_gpiote.o(i.nrf_drv_gpiote_in_event_addr_get), (24 bytes).
    Removing nrf_drv_gpiote.o(i.nrf_drv_gpiote_in_event_disable), (72 bytes).
    Removing nrf_drv_gpiote.o(i.nrf_drv_gpiote_in_uninit), (76 bytes).
    Removing nrf_drv_gpiote.o(i.nrf_drv_gpiote_out_clear), (16 bytes).
    Removing nrf_drv_gpiote.o(i.nrf_drv_gpiote_out_init), (152 bytes).
    Removing nrf_drv_gpiote.o(i.nrf_drv_gpiote_out_set), (16 bytes).
    Removing nrf_drv_gpiote.o(i.nrf_drv_gpiote_out_task_addr_get), (20 bytes).
    Removing nrf_drv_gpiote.o(i.nrf_drv_gpiote_out_task_disable), (32 bytes).
    Removing nrf_drv_gpiote.o(i.nrf_drv_gpiote_out_task_enable), (48 bytes).
    Removing nrf_drv_gpiote.o(i.nrf_drv_gpiote_out_task_force), (44 bytes).
    Removing nrf_drv_gpiote.o(i.nrf_drv_gpiote_out_task_trigger), (24 bytes).
    Removing nrf_drv_gpiote.o(i.nrf_drv_gpiote_out_toggle), (28 bytes).
    Removing nrf_drv_gpiote.o(i.nrf_drv_gpiote_out_uninit), (68 bytes).
    Removing nrf_drv_gpiote.o(i.nrf_drv_gpiote_uninit), (56 bytes).
    Removing nrf_drv_gpiote.o(i.nrf_gpio_cfg_default), (18 bytes).
    Removing nrf_drv_spi.o(.rev16_text), (4 bytes).
    Removing nrf_drv_spi.o(.revsh_text), (4 bytes).
    Removing app_button.o(.rev16_text), (4 bytes).
    Removing app_button.o(.revsh_text), (4 bytes).
    Removing app_button.o(i.app_button_disable), (44 bytes).
    Removing app_button.o(i.app_button_is_pushed), (44 bytes).
    Removing app_error.o(.rev16_text), (4 bytes).
    Removing app_error.o(.revsh_text), (4 bytes).
    Removing app_error.o(i.app_error_handler), (28 bytes).
    Removing app_timer.o(.rev16_text), (4 bytes).
    Removing app_timer.o(.revsh_text), (4 bytes).
    Removing app_timer.o(i.app_timer_cnt_diff_compute), (12 bytes).
    Removing app_timer.o(i.app_timer_cnt_get), (16 bytes).
    Removing app_timer.o(i.app_timer_stop_all), (68 bytes).
    Removing app_util_platform.o(.rev16_text), (4 bytes).
    Removing app_util_platform.o(.revsh_text), (4 bytes).
    Removing app_util_platform.o(i.critical_region_enter), (16 bytes).
    Removing app_util_platform.o(i.critical_region_exit), (20 bytes).
    Removing app_util_platform.o(.data), (4 bytes).
    Removing sparkfunlsm9ds1.o(.rev16_text), (4 bytes).
    Removing sparkfunlsm9ds1.o(.revsh_text), (4 bytes).
    Removing sparkfunlsm9ds1.o(i.LSM9DS1), (8 bytes).
    Removing sparkfunlsm9ds1.o(i.accelAvailable), (14 bytes).
    Removing sparkfunlsm9ds1.o(i.calcAccel), (20 bytes).
    Removing sparkfunlsm9ds1.o(i.calcGyro), (20 bytes).
    Removing sparkfunlsm9ds1.o(i.calcMag), (20 bytes).
    Removing sparkfunlsm9ds1.o(i.calibrate), (260 bytes).
    Removing sparkfunlsm9ds1.o(i.calibrateMag), (160 bytes).
    Removing sparkfunlsm9ds1.o(i.configAccelInt), (20 bytes).
    Removing sparkfunlsm9ds1.o(i.configAccelThs), (38 bytes).
    Removing sparkfunlsm9ds1.o(i.configGyroInt), (28 bytes).
    Removing sparkfunlsm9ds1.o(i.configGyroThs), (62 bytes).
    Removing sparkfunlsm9ds1.o(i.configInactivity), (32 bytes).
    Removing sparkfunlsm9ds1.o(i.configInt), (54 bytes).
    Removing sparkfunlsm9ds1.o(i.configMagInt), (40 bytes).
    Removing sparkfunlsm9ds1.o(i.configMagThs), (24 bytes).
    Removing sparkfunlsm9ds1.o(i.enableFIFO), (34 bytes).
    Removing sparkfunlsm9ds1.o(i.getAccelIntSrc), (22 bytes).
    Removing sparkfunlsm9ds1.o(i.getFIFOSamples), (24 bytes).
    Removing sparkfunlsm9ds1.o(i.getGyroIntSrc), (22 bytes).
    Removing sparkfunlsm9ds1.o(i.getInactivity), (14 bytes).
    Removing sparkfunlsm9ds1.o(i.getMagIntSrc), (22 bytes).
    Removing sparkfunlsm9ds1.o(i.gyroAvailable), (14 bytes).
    Removing sparkfunlsm9ds1.o(i.init), (160 bytes).
    Removing sparkfunlsm9ds1.o(i.magAvailable), (20 bytes).
    Removing sparkfunlsm9ds1.o(i.magOffset), (34 bytes).
    Removing sparkfunlsm9ds1.o(i.readAccelAxis), (48 bytes).
    Removing sparkfunlsm9ds1.o(i.readGyroAxis), (48 bytes).
    Removing sparkfunlsm9ds1.o(i.readMagAxis), (24 bytes).
    Removing sparkfunlsm9ds1.o(i.readTemp), (28 bytes).
    Removing sparkfunlsm9ds1.o(i.setAccelODR), (44 bytes).
    Removing sparkfunlsm9ds1.o(i.setAccelScale), (72 bytes).
    Removing sparkfunlsm9ds1.o(i.setFIFO), (26 bytes).
    Removing sparkfunlsm9ds1.o(i.setGyroODR), (44 bytes).
    Removing sparkfunlsm9ds1.o(i.setGyroScale), (72 bytes).
    Removing sparkfunlsm9ds1.o(i.setMagODR), (40 bytes).
    Removing sparkfunlsm9ds1.o(i.setMagScale), (72 bytes).
    Removing sparkfunlsm9ds1.o(i.sleepGyro), (34 bytes).
    Removing sparkfunlsm9ds1.o(i.tempAvailable), (14 bytes).
    Removing sfe_microoled.o(.rev16_text), (4 bytes).
    Removing sfe_microoled.o(.revsh_text), (4 bytes).
    Removing sfe_microoled.o(.emb_text), (30 bytes).
    Removing sfe_microoled.o(i.MicroOLED), (20 bytes).
    Removing sfe_microoled.o(i.circle), (20 bytes).
    Removing sfe_microoled.o(i.circleFill), (20 bytes).
    Removing sfe_microoled.o(i.circleFillcolor), (262 bytes).
    Removing sfe_microoled.o(i.circlecolor), (290 bytes).
    Removing sfe_microoled.o(i.contrast), (18 bytes).
    Removing sfe_microoled.o(i.drawBitmap), (28 bytes).
    Removing sfe_microoled.o(i.drawChar), (20 bytes).
    Removing sfe_microoled.o(i.flipHorizontal), (18 bytes).
    Removing sfe_microoled.o(i.flipVertical), (18 bytes).
    Removing sfe_microoled.o(i.getFontHeight), (12 bytes).
    Removing sfe_microoled.o(i.getFontStartChar), (12 bytes).
    Removing sfe_microoled.o(i.getFontTotalChar), (12 bytes).
    Removing sfe_microoled.o(i.getFontType), (12 bytes).
    Removing sfe_microoled.o(i.getFontWidth), (12 bytes).
    Removing sfe_microoled.o(i.getLCDHeight), (4 bytes).
    Removing sfe_microoled.o(i.getLCDWidth), (4 bytes).
    Removing sfe_microoled.o(i.getScreenBuffer), (8 bytes).
    Removing sfe_microoled.o(i.getTotalFonts), (4 bytes).
    Removing sfe_microoled.o(i.invert), (18 bytes).
    Removing sfe_microoled.o(i.line), (24 bytes).
    Removing sfe_microoled.o(i.lineH), (28 bytes).
    Removing sfe_microoled.o(i.lineHcolor), (20 bytes).
    Removing sfe_microoled.o(i.lineV), (28 bytes).
    Removing sfe_microoled.o(i.lineVcolor), (20 bytes).
    Removing sfe_microoled.o(i.linecolor), (160 bytes).
    Removing sfe_microoled.o(i.pixel), (24 bytes).
    Removing sfe_microoled.o(i.rect), (24 bytes).
    Removing sfe_microoled.o(i.rectFill), (24 bytes).
    Removing sfe_microoled.o(i.rectFillcolor), (38 bytes).
    Removing sfe_microoled.o(i.rectcolor), (88 bytes).
    Removing sfe_microoled.o(i.scrollRight), (66 bytes).
    Removing sfe_microoled.o(i.scrollStop), (10 bytes).
    Removing sfe_microoled.o(i.setColor), (12 bytes).
    Removing sfe_microoled.o(i.setDrawMode), (12 bytes).
    Removing sfe_microoled.o(i.spiSetup), (2 bytes).
    Removing sfe_microoled.o(.data), (1 bytes).
    Removing arm_startup_nrf51.o(HEAP), (2048 bytes).
    Removing system_nrf51.o(.rev16_text), (4 bytes).
    Removing system_nrf51.o(.revsh_text), (4 bytes).
    Removing system_nrf51.o(i.SystemCoreClockUpdate), (16 bytes).
    Removing fmul.o(.text), (122 bytes).
    Removing ddiv.o(.text), (240 bytes).
    Removing fflti.o(.text), (22 bytes).
    Removing dfixi.o(.text), (72 bytes).
    Removing f2d.o(.text), (40 bytes).
    Removing depilogue.o(.text), (190 bytes).
    Removing dadd.o(.text), (356 bytes).
    Removing dmul.o(.text), (208 bytes).
    Removing dfixul.o(.text), (64 bytes).
    Removing cdrcmple.o(.text), (40 bytes).
    Removing depilogue.o(i.__ARM_clz), (46 bytes).

147 unused section(s) (total 7959 bytes) removed from the image.

==============================================================================

Image Symbol Table

    Local Symbols

    Symbol Name                              Value     Ov Type        Size  Object(Section)

    RESET                                    0x00000000   Section      192  arm_startup_nrf51.o(RESET)
    ../clib/../cmprslib/zerorunl2.c          0x00000000   Number         0  __dczerorl2.o ABSOLUTE
    ../clib/microlib/division.c              0x00000000   Number         0  idiv.o ABSOLUTE
    ../clib/microlib/division.c              0x00000000   Number         0  uldiv.o ABSOLUTE
    ../clib/microlib/division.c              0x00000000   Number         0  uidiv.o ABSOLUTE
    ../clib/microlib/init/entry.s            0x00000000   Number         0  entry5.o ABSOLUTE
    ../clib/microlib/init/entry.s            0x00000000   Number         0  entry11b.o ABSOLUTE
    ../clib/microlib/init/entry.s            0x00000000   Number         0  entry10b.o ABSOLUTE
    ../clib/microlib/init/entry.s            0x00000000   Number         0  entry10a.o ABSOLUTE
    ../clib/microlib/init/entry.s            0x00000000   Number         0  entry9b.o ABSOLUTE
    ../clib/microlib/init/entry.s            0x00000000   Number         0  entry9a.o ABSOLUTE
    ../clib/microlib/init/entry.s            0x00000000   Number         0  entry.o ABSOLUTE
    ../clib/microlib/init/entry.s            0x00000000   Number         0  entry8a.o ABSOLUTE
    ../clib/microlib/init/entry.s            0x00000000   Number         0  entry7b.o ABSOLUTE
    ../clib/microlib/init/entry.s            0x00000000   Number         0  entry7a.o ABSOLUTE
    ../clib/microlib/init/entry.s            0x00000000   Number         0  entry11a.o ABSOLUTE
    ../clib/microlib/init/entry.s            0x00000000   Number         0  entry8b.o ABSOLUTE
    ../clib/microlib/init/entry.s            0x00000000   Number         0  entry2.o ABSOLUTE
    ../clib/microlib/longlong.c              0x00000000   Number         0  llushr.o ABSOLUTE
    ../clib/microlib/longlong.c              0x00000000   Number         0  llshl.o ABSOLUTE
    ../clib/microlib/longlong.c              0x00000000   Number         0  llsshr.o ABSOLUTE
    ../clib/microlib/printf/printf.c         0x00000000   Number         0  printf7.o ABSOLUTE
    ../clib/microlib/printf/printf.c         0x00000000   Number         0  printf6.o ABSOLUTE
    ../clib/microlib/printf/printf.c         0x00000000   Number         0  printf8.o ABSOLUTE
    ../clib/microlib/printf/printf.c         0x00000000   Number         0  printf0.o ABSOLUTE
    ../clib/microlib/printf/printf.c         0x00000000   Number         0  printfb.o ABSOLUTE
    ../clib/microlib/printf/printf.c         0x00000000   Number         0  printf5.o ABSOLUTE
    ../clib/microlib/printf/printf.c         0x00000000   Number         0  printf4.o ABSOLUTE
    ../clib/microlib/printf/printf.c         0x00000000   Number         0  printf3.o ABSOLUTE
    ../clib/microlib/printf/printf.c         0x00000000   Number         0  printf2.o ABSOLUTE
    ../clib/microlib/printf/printf.c         0x00000000   Number         0  printfa.o ABSOLUTE
    ../clib/microlib/printf/printf.c         0x00000000   Number         0  printf1.o ABSOLUTE
    ../clib/microlib/printf/stubs.s          0x00000000   Number         0  stubs.o ABSOLUTE
    ../clib/microlib/stdio/fputc.c           0x00000000   Number         0  fputc.o ABSOLUTE
    ../clib/microlib/stdio/semi.s            0x00000000   Number         0  semi.o ABSOLUTE
    ../clib/microlib/stdio/streams.c         0x00000000   Number         0  stdout.o ABSOLUTE
    ../clib/microlib/string/memset.c         0x00000000   Number         0  memseta.o ABSOLUTE
    ../clib/microlib/string/strlen.c         0x00000000   Number         0  strlen.o ABSOLUTE
    ../clib/microlib/stubs.s                 0x00000000   Number         0  iusesemip.o ABSOLUTE
    ../clib/microlib/stubs.s                 0x00000000   Number         0  iusefp.o ABSOLUTE
    ../fplib/microlib/f2d.c                  0x00000000   Number         0  f2d.o ABSOLUTE
    ../fplib/microlib/fpadd.c                0x00000000   Number         0  dadd.o ABSOLUTE
    ../fplib/microlib/fpdiv.c                0x00000000   Number         0  ddiv.o ABSOLUTE
    ../fplib/microlib/fpepilogue.c           0x00000000   Number         0  fepilogue.o ABSOLUTE
    ../fplib/microlib/fpepilogue.c           0x00000000   Number         0  depilogue.o ABSOLUTE
    ../fplib/microlib/fpfix.c                0x00000000   Number         0  dfixul.o ABSOLUTE
    ../fplib/microlib/fpfix.c                0x00000000   Number         0  dfixi.o ABSOLUTE
    ../fplib/microlib/fpflt.c                0x00000000   Number         0  ffltui.o ABSOLUTE
    ../fplib/microlib/fpflt.c                0x00000000   Number         0  fflti.o ABSOLUTE
    ../fplib/microlib/fpmul.c                0x00000000   Number         0  dmul.o ABSOLUTE
    ../fplib/microlib/fpmul.c                0x00000000   Number         0  fmul.o ABSOLUTE
    ../fplib/microlib/fpscalb.c              0x00000000   Number         0  fscalb.o ABSOLUTE
    ..\..\..\..\..\components\drivers_nrf\common\nrf_drv_common.c 0x00000000   Number         0  nrf_drv_common.o ABSOLUTE
    ..\..\..\..\..\components\drivers_nrf\delay\nrf_delay.c 0x00000000   Number         0  nrf_delay.o ABSOLUTE
    ..\..\..\..\..\components\drivers_nrf\gpiote\nrf_drv_gpiote.c 0x00000000   Number         0  nrf_drv_gpiote.o ABSOLUTE
    ..\..\..\..\..\components\drivers_nrf\spi_master\nrf_drv_spi.c 0x00000000   Number         0  nrf_drv_spi.o ABSOLUTE
    ..\..\..\..\..\components\libraries\button\app_button.c 0x00000000   Number         0  app_button.o ABSOLUTE
    ..\..\..\..\..\components\libraries\timer\app_timer.c 0x00000000   Number         0  app_timer.o ABSOLUTE
    ..\..\..\..\..\components\libraries\util\app_error.c 0x00000000   Number         0  app_error.o ABSOLUTE
    ..\..\..\..\..\components\libraries\util\app_util_platform.c 0x00000000   Number         0  app_util_platform.o ABSOLUTE
    ..\..\..\..\..\components\libraries\util\nrf_assert.c 0x00000000   Number         0  nrf_assert.o ABSOLUTE
    ..\..\..\..\bsp\bsp.c                    0x00000000   Number         0  bsp.o ABSOLUTE
    ..\..\LSM9D\SparkFunLSM9DS1.c            0x00000000   Number         0  sparkfunlsm9ds1.o ABSOLUTE
    ..\..\SSD1306OLED\SFE_MicroOLED.c        0x00000000   Number         0  sfe_microoled.o ABSOLUTE
    ..\..\main.c                             0x00000000   Number         0  main.o ABSOLUTE
    ..\\..\\..\\..\\..\\components\\drivers_nrf\\common\\nrf_drv_common.c 0x00000000   Number         0  nrf_drv_common.o ABSOLUTE
    ..\\..\\..\\..\\..\\components\\drivers_nrf\\delay\\nrf_delay.c 0x00000000   Number         0  nrf_delay.o ABSOLUTE
    ..\\..\\..\\..\\..\\components\\drivers_nrf\\gpiote\\nrf_drv_gpiote.c 0x00000000   Number         0  nrf_drv_gpiote.o ABSOLUTE
    ..\\..\\..\\..\\..\\components\\drivers_nrf\\spi_master\\nrf_drv_spi.c 0x00000000   Number         0  nrf_drv_spi.o ABSOLUTE
    ..\\..\\..\\..\\..\\components\\libraries\\button\\app_button.c 0x00000000   Number         0  app_button.o ABSOLUTE
    ..\\..\\..\\..\\..\\components\\libraries\\timer\\app_timer.c 0x00000000   Number         0  app_timer.o ABSOLUTE
    ..\\..\\..\\..\\..\\components\\libraries\\util\\app_error.c 0x00000000   Number         0  app_error.o ABSOLUTE
    ..\\..\\..\\..\\..\\components\\libraries\\util\\app_util_platform.c 0x00000000   Number         0  app_util_platform.o ABSOLUTE
    ..\\..\\..\\..\\bsp\\bsp.c               0x00000000   Number         0  bsp.o ABSOLUTE
    ..\\..\\LSM9D\\SparkFunLSM9DS1.c         0x00000000   Number         0  sparkfunlsm9ds1.o ABSOLUTE
    ..\\..\\SSD1306OLED\\SFE_MicroOLED.c     0x00000000   Number         0  sfe_microoled.o ABSOLUTE
    ..\\..\\main.c                           0x00000000   Number         0  main.o ABSOLUTE
    RTE\Device\nRF51822_xxAB\arm_startup_nrf51.s 0x00000000   Number         0  arm_startup_nrf51.o ABSOLUTE
    RTE\Device\nRF51822_xxAB\system_nrf51.c  0x00000000   Number         0  system_nrf51.o ABSOLUTE
    RTE\\Device\\nRF51822_xxAB\\system_nrf51.c 0x00000000   Number         0  system_nrf51.o ABSOLUTE
    cdrcmple.s                               0x00000000   Number         0  cdrcmple.o ABSOLUTE
    dc.s                                     0x00000000   Number         0  dc.o ABSOLUTE
    handlers.s                               0x00000000   Number         0  handlers.o ABSOLUTE
    init.s                                   0x00000000   Number         0  init.o ABSOLUTE
    .ARM.Collect$$$$00000000                 0x000000c0   Section        0  entry.o(.ARM.Collect$$$$00000000)
    .ARM.Collect$$$$00000001                 0x000000c0   Section        4  entry2.o(.ARM.Collect$$$$00000001)
    .ARM.Collect$$$$00000004                 0x000000c4   Section        4  entry5.o(.ARM.Collect$$$$00000004)
    .ARM.Collect$$$$00000008                 0x000000c8   Section        0  entry7b.o(.ARM.Collect$$$$00000008)
    .ARM.Collect$$$$0000000A                 0x000000c8   Section        0  entry8b.o(.ARM.Collect$$$$0000000A)
    .ARM.Collect$$$$0000000B                 0x000000c8   Section        8  entry9a.o(.ARM.Collect$$$$0000000B)
    .ARM.Collect$$$$0000000D                 0x000000d0   Section        0  entry10a.o(.ARM.Collect$$$$0000000D)
    .ARM.Collect$$$$0000000F                 0x000000d0   Section        0  entry11a.o(.ARM.Collect$$$$0000000F)
    .ARM.Collect$$$$00002712                 0x000000d0   Section        4  entry2.o(.ARM.Collect$$$$00002712)
    __lit__00000000                          0x000000d0   Data           4  entry2.o(.ARM.Collect$$$$00002712)
    .emb_text                                0x000000d4   Section       30  nrf_delay.o(.emb_text)
    .emb_text                                0x000000f4   Section       30  app_timer.o(.emb_text)
    .text                                    0x00000114   Section       56  arm_startup_nrf51.o(.text)
    .text                                    0x0000014c   Section        0  uidiv.o(.text)
    .text                                    0x00000178   Section        0  memseta.o(.text)
    .text                                    0x0000019c   Section        0  strlen.o(.text)
    .text                                    0x000001aa   Section        0  fscalb.o(.text)
    .text                                    0x000001c2   Section        0  ffltui.o(.text)
    .text                                    0x000001d0   Section        0  fepilogue.o(.text)
    .text                                    0x000001d0   Section        0  iusefp.o(.text)
    .text                                    0x00000254   Section       36  init.o(.text)
    .text                                    0x00000278   Section        0  __dczerorl2.o(.text)
    i.GPIOTE_IRQHandler                      0x000002d0   Section        0  nrf_drv_gpiote.o(i.GPIOTE_IRQHandler)
    i.IMUbegin                               0x000003d8   Section        0  sparkfunlsm9ds1.o(i.IMUbegin)
    i.NVIC_SetPriority                       0x00000434   Section        0  app_timer.o(i.NVIC_SetPriority)
    NVIC_SetPriority                         0x00000435   Thumb Code    60  app_timer.o(i.NVIC_SetPriority)
    i.Oledbegin                              0x00000478   Section        0  sfe_microoled.o(i.Oledbegin)
    i.RTC1_IRQHandler                        0x00000558   Section        0  app_timer.o(i.RTC1_IRQHandler)
    i.SPI0MaterInit_forSSD1306               0x00000578   Section        0  main.o(i.SPI0MaterInit_forSSD1306)
    i.SPI0_TWI0_IRQHandler                   0x000005c0   Section        0  nrf_drv_spi.o(i.SPI0_TWI0_IRQHandler)
    i.SPI1MaterInit_forLSM9DS1               0x000005d4   Section        0  main.o(i.SPI1MaterInit_forLSM9DS1)
    i.SPI1_TWI1_IRQHandler                   0x0000061c   Section        0  nrf_drv_spi.o(i.SPI1_TWI1_IRQHandler)
    i.SPIreadByte                            0x00000630   Section        0  sparkfunlsm9ds1.o(i.SPIreadByte)
    i.SPIreadBytes                           0x00000640   Section        0  sparkfunlsm9ds1.o(i.SPIreadBytes)
    i.SPItransfer                            0x0000068c   Section        0  sparkfunlsm9ds1.o(i.SPItransfer)
    i.SPIwriteByte                           0x000006b0   Section        0  sparkfunlsm9ds1.o(i.SPIwriteByte)
    i.SSDprint                               0x000006d8   Section        0  main.o(i.SSDprint)
    i.SWI0_IRQHandler                        0x000006f2   Section        0  app_timer.o(i.SWI0_IRQHandler)
    i.SystemInit                             0x000006fc   Section        0  system_nrf51.o(i.SystemInit)
    i.__0sprintf$1                           0x00000750   Section        0  printf1.o(i.__0sprintf$1)
    i.__ARM_common_switch8                   0x00000778   Section        0  bsp.o(i.__ARM_common_switch8)
    i.__scatterload_copy                     0x00000792   Section       14  handlers.o(i.__scatterload_copy)
    i.__scatterload_null                     0x000007a0   Section        2  handlers.o(i.__scatterload_null)
    i.__scatterload_zeroinit                 0x000007a2   Section       14  handlers.o(i.__scatterload_zeroinit)
    i._printf_core                           0x000007b0   Section        0  printf1.o(i._printf_core)
    _printf_core                             0x000007b1   Thumb Code   332  printf1.o(i._printf_core)
    i._sputc                                 0x00000900   Section        0  printf1.o(i._sputc)
    _sputc                                   0x00000901   Thumb Code    10  printf1.o(i._sputc)
    i.alert_timer_handler                    0x0000090c   Section        0  bsp.o(i.alert_timer_handler)
    alert_timer_handler                      0x0000090d   Thumb Code    20  bsp.o(i.alert_timer_handler)
    i.app_button_enable                      0x00000924   Section        0  app_button.o(i.app_button_enable)
    i.app_button_init                        0x00000948   Section        0  app_button.o(i.app_button_init)
    i.app_error_handler                      0x000009bc   Section        0  main.o(i.app_error_handler)
    i.app_timer_create                       0x000009c4   Section        0  app_timer.o(i.app_timer_create)
    i.app_timer_init                         0x000009f0   Section        0  app_timer.o(i.app_timer_init)
    i.app_timer_start                        0x00000a80   Section        0  app_timer.o(i.app_timer_start)
    i.app_timer_stop                         0x00000afc   Section        0  app_timer.o(i.app_timer_stop)
    i.bsp_button_event_handler               0x00000b50   Section        0  bsp.o(i.bsp_button_event_handler)
    bsp_button_event_handler                 0x00000b51   Thumb Code   148  bsp.o(i.bsp_button_event_handler)
    i.bsp_configuration                      0x00000bf0   Section        0  main.o(i.bsp_configuration)
    i.bsp_event_to_button_action_assign      0x00000c48   Section        0  bsp.o(i.bsp_event_to_button_action_assign)
    i.bsp_indication_set                     0x00000c90   Section        0  bsp.o(i.bsp_indication_set)
    i.bsp_init                               0x00000cac   Section        0  bsp.o(i.bsp_init)
    i.bsp_led_indication                     0x00000d4c   Section        0  bsp.o(i.bsp_led_indication)
    bsp_led_indication                       0x00000d4d   Thumb Code   492  bsp.o(i.bsp_led_indication)
    i.button_timer_handler                   0x00000f44   Section        0  bsp.o(i.button_timer_handler)
    button_timer_handler                     0x00000f45   Thumb Code    12  bsp.o(i.button_timer_handler)
    i.calcaRes                               0x00000f50   Section        0  sparkfunlsm9ds1.o(i.calcaRes)
    i.calcgRes                               0x00000f70   Section        0  sparkfunlsm9ds1.o(i.calcgRes)
    i.calcmRes                               0x00000f90   Section        0  sparkfunlsm9ds1.o(i.calcmRes)
    i.channel_free                           0x00000fc4   Section        0  nrf_drv_gpiote.o(i.channel_free)
    channel_free                             0x00000fc5   Thumb Code    22  nrf_drv_gpiote.o(i.channel_free)
    i.channel_port_alloc                     0x00000fe0   Section        0  nrf_drv_gpiote.o(i.channel_port_alloc)
    channel_port_alloc                       0x00000fe1   Thumb Code    66  nrf_drv_gpiote.o(i.channel_port_alloc)
    i.channel_port_get                       0x00001028   Section        0  nrf_drv_gpiote.o(i.channel_port_get)
    channel_port_get                         0x00001029   Thumb Code    10  nrf_drv_gpiote.o(i.channel_port_get)
    i.check_buf_equal                        0x00001038   Section        0  main.o(i.check_buf_equal)
    check_buf_equal                          0x00001039   Thumb Code    30  main.o(i.check_buf_equal)
    i.clear                                  0x00001058   Section        0  sfe_microoled.o(i.clear)
    i.command                                0x00001094   Section        0  sfe_microoled.o(i.command)
    i.compare_reg_update                     0x000010c0   Section        0  app_timer.o(i.compare_reg_update)
    compare_reg_update                       0x000010c1   Thumb Code   142  app_timer.o(i.compare_reg_update)
    i.constrainScales                        0x00001168   Section        0  sparkfunlsm9ds1.o(i.constrainScales)
    i.data                                   0x000011bc   Section        0  sfe_microoled.o(i.data)
    i.detection_delay_timeout_handler        0x000011e8   Section        0  app_button.o(i.detection_delay_timeout_handler)
    detection_delay_timeout_handler          0x000011e9   Thumb Code    90  app_button.o(i.detection_delay_timeout_handler)
    i.display                                0x00001248   Section        0  sfe_microoled.o(i.display)
    i.drawCharcolor                          0x0000127c   Section        0  sfe_microoled.o(i.drawCharcolor)
    i.elapsed_ticks_acquire                  0x000013bc   Section        0  app_timer.o(i.elapsed_ticks_acquire)
    elapsed_ticks_acquire                    0x000013bd   Thumb Code    58  app_timer.o(i.elapsed_ticks_acquire)
    i.gpiote_event_handler                   0x000013fc   Section        0  app_button.o(i.gpiote_event_handler)
    gpiote_event_handler                     0x000013fd   Thumb Code    72  app_button.o(i.gpiote_event_handler)
    i.initAccel                              0x0000144c   Section        0  sparkfunlsm9ds1.o(i.initAccel)
    i.initGyro                               0x000014d4   Section        0  sparkfunlsm9ds1.o(i.initGyro)
    i.initMag                                0x0000158c   Section        0  sparkfunlsm9ds1.o(i.initMag)
    i.initSPI                                0x00001604   Section        0  sparkfunlsm9ds1.o(i.initSPI)
    i.irq_handler_spi                        0x00001628   Section        0  nrf_drv_spi.o(i.irq_handler_spi)
    irq_handler_spi                          0x00001629   Thumb Code    42  nrf_drv_spi.o(i.irq_handler_spi)
    i.is_manual_peripheral_setup_needed      0x00001654   Section        0  system_nrf51.o(i.is_manual_peripheral_setup_needed)
    is_manual_peripheral_setup_needed        0x00001655   Thumb Code    66  system_nrf51.o(i.is_manual_peripheral_setup_needed)
    i.leds_timer_handler                     0x0000169c   Section        0  bsp.o(i.leds_timer_handler)
    leds_timer_handler                       0x0000169d   Thumb Code    18  bsp.o(i.leds_timer_handler)
    i.list_deletions_handler                 0x000016b4   Section        0  app_timer.o(i.list_deletions_handler)
    list_deletions_handler                   0x000016b5   Thumb Code   180  app_timer.o(i.list_deletions_handler)
    i.list_insertions_handler                0x00001770   Section        0  app_timer.o(i.list_insertions_handler)
    list_insertions_handler                  0x00001771   Thumb Code   202  app_timer.o(i.list_insertions_handler)
    i.mReadByte                              0x00001844   Section        0  sparkfunlsm9ds1.o(i.mReadByte)
    i.mReadBytes                             0x00001858   Section        0  sparkfunlsm9ds1.o(i.mReadBytes)
    i.mWriteByte                             0x00001870   Section        0  sparkfunlsm9ds1.o(i.mWriteByte)
    i.main                                   0x00001884   Section        0  main.o(i.main)
    i.nrf_delay_ms                           0x00001a30   Section        0  nrf_delay.o(i.nrf_delay_ms)
    i.nrf_drv_common_irq_enable              0x00001a4c   Section        0  nrf_drv_common.o(i.nrf_drv_common_irq_enable)
    i.nrf_drv_gpiote_in_event_enable         0x00001aac   Section        0  nrf_drv_gpiote.o(i.nrf_drv_gpiote_in_event_enable)
    i.nrf_drv_gpiote_in_init                 0x00001b4c   Section        0  nrf_drv_gpiote.o(i.nrf_drv_gpiote_in_init)
    i.nrf_drv_gpiote_in_is_set               0x00001bf0   Section        0  nrf_drv_gpiote.o(i.nrf_drv_gpiote_in_is_set)
    i.nrf_drv_gpiote_init                    0x00001c04   Section        0  nrf_drv_gpiote.o(i.nrf_drv_gpiote_init)
    i.nrf_drv_gpiote_is_init                 0x00001c58   Section        0  nrf_drv_gpiote.o(i.nrf_drv_gpiote_is_init)
    i.nrf_drv_spi_init                       0x00001c68   Section        0  nrf_drv_spi.o(i.nrf_drv_spi_init)
    i.nrf_drv_spi_transfer                   0x00001d8c   Section        0  nrf_drv_spi.o(i.nrf_drv_spi_transfer)
    i.nrf_drv_spi_uninit                     0x00001e48   Section        0  nrf_drv_spi.o(i.nrf_drv_spi_uninit)
    i.nrf_gpio_cfg                           0x00001e90   Section        0  nrf_drv_gpiote.o(i.nrf_gpio_cfg)
    nrf_gpio_cfg                             0x00001e91   Thumb Code    32  nrf_drv_gpiote.o(i.nrf_gpio_cfg)
    i.nrf_gpio_cfg                           0x00001eb4   Section        0  nrf_drv_spi.o(i.nrf_gpio_cfg)
    nrf_gpio_cfg                             0x00001eb5   Thumb Code    32  nrf_drv_spi.o(i.nrf_gpio_cfg)
    i.nrf_gpio_cfg_output                    0x00001ed8   Section        0  nrf_drv_spi.o(i.nrf_gpio_cfg_output)
    nrf_gpio_cfg_output                      0x00001ed9   Thumb Code    20  nrf_drv_spi.o(i.nrf_gpio_cfg_output)
    i.nrf_gpio_cfg_output                    0x00001eec   Section        0  sparkfunlsm9ds1.o(i.nrf_gpio_cfg_output)
    nrf_gpio_cfg_output                      0x00001eed   Thumb Code    12  sparkfunlsm9ds1.o(i.nrf_gpio_cfg_output)
    i.nrf_gpio_cfg_output                    0x00001efc   Section        0  sfe_microoled.o(i.nrf_gpio_cfg_output)
    nrf_gpio_cfg_output                      0x00001efd   Thumb Code    12  sfe_microoled.o(i.nrf_gpio_cfg_output)
    i.nrf_gpio_cfg_sense_set                 0x00001f0c   Section        0  nrf_drv_gpiote.o(i.nrf_gpio_cfg_sense_set)
    nrf_gpio_cfg_sense_set                   0x00001f0d   Thumb Code    26  nrf_drv_gpiote.o(i.nrf_gpio_cfg_sense_set)
    i.nrf_gpio_pin_clear                     0x00001f2c   Section        0  sfe_microoled.o(i.nrf_gpio_pin_clear)
    nrf_gpio_pin_clear                       0x00001f2d   Thumb Code    10  sfe_microoled.o(i.nrf_gpio_pin_clear)
    i.nrf_gpio_pin_set                       0x00001f3c   Section        0  nrf_drv_spi.o(i.nrf_gpio_pin_set)
    nrf_gpio_pin_set                         0x00001f3d   Thumb Code    10  nrf_drv_spi.o(i.nrf_gpio_pin_set)
    i.nrf_gpio_pin_set                       0x00001f4c   Section        0  sparkfunlsm9ds1.o(i.nrf_gpio_pin_set)
    nrf_gpio_pin_set                         0x00001f4d   Thumb Code    10  sparkfunlsm9ds1.o(i.nrf_gpio_pin_set)
    i.nrf_gpio_pin_set                       0x00001f5c   Section        0  sfe_microoled.o(i.nrf_gpio_pin_set)
    nrf_gpio_pin_set                         0x00001f5d   Thumb Code    10  sfe_microoled.o(i.nrf_gpio_pin_set)
    i.nrf_gpiote_event_is_set                0x00001f6c   Section        0  nrf_drv_gpiote.o(i.nrf_gpiote_event_is_set)
    nrf_gpiote_event_is_set                  0x00001f6d   Thumb Code    14  nrf_drv_gpiote.o(i.nrf_gpiote_event_is_set)
    i.pin_in_use_by_port                     0x00001f80   Section        0  nrf_drv_gpiote.o(i.pin_in_use_by_port)
    pin_in_use_by_port                       0x00001f81   Thumb Code    20  nrf_drv_gpiote.o(i.pin_in_use_by_port)
    i.pin_in_use_by_te                       0x00001f98   Section        0  nrf_drv_gpiote.o(i.pin_in_use_by_te)
    pin_in_use_by_te                         0x00001f99   Thumb Code    20  nrf_drv_gpiote.o(i.pin_in_use_by_te)
    i.pixelcolor                             0x00001fb0   Section        0  sfe_microoled.o(i.pixelcolor)
    i.readAccel                              0x00001ffc   Section        0  sparkfunlsm9ds1.o(i.readAccel)
    i.readGyro                               0x00002040   Section        0  sparkfunlsm9ds1.o(i.readGyro)
    i.readMag                                0x00002084   Section        0  sparkfunlsm9ds1.o(i.readMag)
    i.rtc1_stop                              0x000020ac   Section        0  app_timer.o(i.rtc1_stop)
    rtc1_stop                                0x000020ad   Thumb Code    50  app_timer.o(i.rtc1_stop)
    i.setColumnAddress                       0x000020f0   Section        0  sfe_microoled.o(i.setColumnAddress)
    i.setCursor                              0x00002108   Section        0  sfe_microoled.o(i.setCursor)
    i.setFontType                            0x00002114   Section        0  sfe_microoled.o(i.setFontType)
    i.setPageAddress                         0x0000214c   Section        0  sfe_microoled.o(i.setPageAddress)
    i.spiTransfer                            0x00002158   Section        0  sfe_microoled.o(i.spiTransfer)
    i.spi_master_0_event_handler             0x00002178   Section        0  main.o(i.spi_master_0_event_handler)
    i.timer_list_handler                     0x000021c0   Section        0  app_timer.o(i.timer_list_handler)
    timer_list_handler                       0x000021c1   Thumb Code   128  app_timer.o(i.timer_list_handler)
    i.timer_list_handler_sched               0x00002244   Section        0  app_timer.o(i.timer_list_handler_sched)
    timer_list_handler_sched                 0x00002245   Thumb Code    10  app_timer.o(i.timer_list_handler_sched)
    i.timer_list_insert                      0x00002254   Section        0  app_timer.o(i.timer_list_insert)
    timer_list_insert                        0x00002255   Thumb Code    60  app_timer.o(i.timer_list_insert)
    i.timer_timeouts_check                   0x00002294   Section        0  app_timer.o(i.timer_timeouts_check)
    timer_timeouts_check                     0x00002295   Thumb Code   122  app_timer.o(i.timer_timeouts_check)
    i.transfer_byte                          0x00002318   Section        0  nrf_drv_spi.o(i.transfer_byte)
    transfer_byte                            0x00002319   Thumb Code    80  nrf_drv_spi.o(i.transfer_byte)
    i.user_id_get                            0x00002368   Section        0  app_timer.o(i.user_id_get)
    user_id_get                              0x00002369   Thumb Code    74  app_timer.o(i.user_id_get)
    i.user_op_alloc                          0x000023bc   Section        0  app_timer.o(i.user_op_alloc)
    user_op_alloc                            0x000023bd   Thumb Code    38  app_timer.o(i.user_op_alloc)
    i.write                                  0x000023e4   Section        0  sfe_microoled.o(i.write)
    i.xgReadByte                             0x00002430   Section        0  sparkfunlsm9ds1.o(i.xgReadByte)
    i.xgReadBytes                            0x00002444   Section        0  sparkfunlsm9ds1.o(i.xgReadBytes)
    i.xgWriteByte                            0x0000245c   Section        0  sparkfunlsm9ds1.o(i.xgWriteByte)
    .constdata                               0x00002470   Section       48  main.o(.constdata)
    m_spi_master_0                           0x00002470   Data           8  main.o(.constdata)
    m_spi_master_1                           0x00002478   Data           8  main.o(.constdata)
    .constdata                               0x000024a0   Section       60  bsp.o(.constdata)
    m_leds_timer_id                          0x000024a0   Data           4  bsp.o(.constdata)
    m_alert_timer_id                         0x000024a4   Data           4  bsp.o(.constdata)
    m_button_timer_id                        0x000024a8   Data           4  bsp.o(.constdata)
    m_buttons_list                           0x000024ac   Data          16  bsp.o(.constdata)
    app_buttons                              0x000024bc   Data          32  bsp.o(.constdata)
    .constdata                               0x000024dc   Section       32  nrf_drv_spi.o(.constdata)
    m_default_config                         0x000024dc   Data          32  nrf_drv_spi.o(.constdata)
    .constdata                               0x000024fc   Section        8  app_button.o(.constdata)
    m_detection_delay_timer_id               0x000024fc   Data           4  app_button.o(.constdata)
    .constdata                               0x00002504   Section     1281  sfe_microoled.o(.constdata)
    font5x7                                  0x00002504   Data        1281  sfe_microoled.o(.constdata)
    .constdata                               0x00002a05   Section     1542  sfe_microoled.o(.constdata)
    font8x16                                 0x00002a05   Data        1542  sfe_microoled.o(.constdata)
    .constdata                               0x0000300b   Section      798  sfe_microoled.o(.constdata)
    fontlargenumber                          0x0000300b   Data         798  sfe_microoled.o(.constdata)
    .constdata                               0x00003329   Section      246  sfe_microoled.o(.constdata)
    sevensegment                             0x00003329   Data         246  sfe_microoled.o(.constdata)
    .data                                    0x20000000   Section        1  main.o(.data)
    m_transfer_completed                     0x20000000   Data           1  main.o(.data)
    .data                                    0x20000004   Section       24  bsp.o(.data)
    m_stable_state                           0x20000004   Data           1  bsp.o(.data)
    current_long_push_pin_no                 0x20000005   Data           1  bsp.o(.data)
    m_app_ticks_per_100ms                    0x20000008   Data           4  bsp.o(.data)
    m_indication_type                        0x2000000c   Data           4  bsp.o(.data)
    m_alert_mask                             0x20000010   Data           4  bsp.o(.data)
    m_registered_callback                    0x20000014   Data           4  bsp.o(.data)
    release_event_at_push                    0x20000018   Data           4  bsp.o(.data)
    .data                                    0x2000001c   Section       20  app_button.o(.data)
    m_button_count                           0x2000001c   Data           1  app_button.o(.data)
    mp_buttons                               0x20000020   Data           4  app_button.o(.data)
    m_detection_delay                        0x20000024   Data           4  app_button.o(.data)
    m_pin_state                              0x20000028   Data           4  app_button.o(.data)
    m_pin_transition                         0x2000002c   Data           4  app_button.o(.data)
    .data                                    0x20000030   Section       32  app_timer.o(.data)
    m_user_array_size                        0x20000030   Data           1  app_timer.o(.data)
    m_ticks_elapsed_q_read_ind               0x20000031   Data           1  app_timer.o(.data)
    m_ticks_elapsed_q_write_ind              0x20000032   Data           1  app_timer.o(.data)
    m_rtc1_running                           0x20000033   Data           1  app_timer.o(.data)
    m_rtc1_reset                             0x20000034   Data           1  app_timer.o(.data)
    mp_users                                 0x20000038   Data           4  app_timer.o(.data)
    mp_timer_id_head                         0x2000003c   Data           4  app_timer.o(.data)
    m_ticks_latest                           0x20000040   Data           4  app_timer.o(.data)
    m_evt_schedule_func                      0x20000044   Data           4  app_timer.o(.data)
    m_ticks_elapsed                          0x20000048   Data           8  app_timer.o(.data)
    .data                                    0x20000050   Section       76  sparkfunlsm9ds1.o(.data)
    .data                                    0x2000009c   Section      420  sfe_microoled.o(.data)
    fontsPointer                             0x200000b0   Data          16  sfe_microoled.o(.data)
    screenmemory                             0x200000c0   Data         384  sfe_microoled.o(.data)
    .data                                    0x20000240   Section        4  system_nrf51.o(.data)
    __tagsym$$used                           0x20000240   Number         0  system_nrf51.o(.data)
    .bss                                     0x20000244   Section      532  main.o(.bss)
    APP_TIMER_BUF                            0x20000244   Data         312  main.o(.bss)
    str_buffer                               0x2000037c   Data          20  main.o(.bss)
    m_tx_data_spi                            0x20000390   Data         100  main.o(.bss)
    m_rx_data_spi                            0x200003f4   Data         100  main.o(.bss)
    .bss                                     0x20000458   Section       32  bsp.o(.bss)
    m_leds_timer_id_data                     0x20000458   Data          32  bsp.o(.bss)
    .bss                                     0x20000478   Section       32  bsp.o(.bss)
    m_alert_timer_id_data                    0x20000478   Data          32  bsp.o(.bss)
    .bss                                     0x20000498   Section       12  bsp.o(.bss)
    m_events_list                            0x20000498   Data          12  bsp.o(.bss)
    .bss                                     0x200004a4   Section       32  bsp.o(.bss)
    m_button_timer_id_data                   0x200004a4   Data          32  bsp.o(.bss)
    .bss                                     0x200004c4   Section       72  nrf_drv_gpiote.o(.bss)
    m_cb                                     0x200004c4   Data          72  nrf_drv_gpiote.o(.bss)
    .bss                                     0x2000050c   Section       48  nrf_drv_spi.o(.bss)
    m_cb                                     0x2000050c   Data          48  nrf_drv_spi.o(.bss)
    .bss                                     0x2000053c   Section       32  app_button.o(.bss)
    m_detection_delay_timer_id_data          0x2000053c   Data          32  app_button.o(.bss)
    .bss                                     0x2000055c   Section       76  sparkfunlsm9ds1.o(.bss)
    STACK                                    0x200005a8   Section     2048  arm_startup_nrf51.o(STACK)

    Global Symbols

    Symbol Name                              Value     Ov Type        Size  Object(Section)

    BuildAttributes$$THM_ISAv3M$S$PE$A:L22$X:L11$S22$IEEE1$IW$USESV6$~STKCKD$USESV7$~SHL$OTIME$ROPI$EBA8$MICROLIB$REQ8$PRES8$EABIv2 0x00000000   Number         0  anon$$obj.o ABSOLUTE
    __ARM_use_no_argv                        0x00000000   Number         0  main.o ABSOLUTE
    __Vectors                                0x00000000   Data           4  arm_startup_nrf51.o(RESET)
    _printf_a                                0x00000000   Number         0  stubs.o ABSOLUTE
    _printf_c                                0x00000000   Number         0  stubs.o ABSOLUTE
    _printf_charcount                        0x00000000   Number         0  stubs.o ABSOLUTE
    _printf_d                                0x00000000   Number         0  stubs.o ABSOLUTE
    _printf_e                                0x00000000   Number         0  stubs.o ABSOLUTE
    _printf_f                                0x00000000   Number         0  stubs.o ABSOLUTE
    _printf_flags                            0x00000000   Number         0  stubs.o ABSOLUTE
    _printf_fp_dec                           0x00000000   Number         0  stubs.o ABSOLUTE
    _printf_fp_hex                           0x00000000   Number         0  stubs.o ABSOLUTE
    _printf_g                                0x00000000   Number         0  stubs.o ABSOLUTE
    _printf_i                                0x00000000   Number         0  stubs.o ABSOLUTE
    _printf_int_dec                          0x00000000   Number         0  stubs.o ABSOLUTE
    _printf_l                                0x00000000   Number         0  stubs.o ABSOLUTE
    _printf_lc                               0x00000000   Number         0  stubs.o ABSOLUTE
    _printf_ll                               0x00000000   Number         0  stubs.o ABSOLUTE
    _printf_lld                              0x00000000   Number         0  stubs.o ABSOLUTE
    _printf_lli                              0x00000000   Number         0  stubs.o ABSOLUTE
    _printf_llo                              0x00000000   Number         0  stubs.o ABSOLUTE
    _printf_llu                              0x00000000   Number         0  stubs.o ABSOLUTE
    _printf_llx                              0x00000000   Number         0  stubs.o ABSOLUTE
    _printf_longlong_dec                     0x00000000   Number         0  stubs.o ABSOLUTE
    _printf_longlong_hex                     0x00000000   Number         0  stubs.o ABSOLUTE
    _printf_longlong_oct                     0x00000000   Number         0  stubs.o ABSOLUTE
    _printf_ls                               0x00000000   Number         0  stubs.o ABSOLUTE
    _printf_mbtowc                           0x00000000   Number         0  stubs.o ABSOLUTE
    _printf_n                                0x00000000   Number         0  stubs.o ABSOLUTE
    _printf_o                                0x00000000   Number         0  stubs.o ABSOLUTE
    _printf_p                                0x00000000   Number         0  stubs.o ABSOLUTE
    _printf_percent                          0x00000000   Number         0  stubs.o ABSOLUTE
    _printf_pre_padding                      0x00000000   Number         0  stubs.o ABSOLUTE
    _printf_return_value                     0x00000000   Number         0  stubs.o ABSOLUTE
    _printf_s                                0x00000000   Number         0  stubs.o ABSOLUTE
    _printf_sizespec                         0x00000000   Number         0  stubs.o ABSOLUTE
    _printf_str                              0x00000000   Number         0  stubs.o ABSOLUTE
    _printf_truncate_signed                  0x00000000   Number         0  stubs.o ABSOLUTE
    _printf_truncate_unsigned                0x00000000   Number         0  stubs.o ABSOLUTE
    _printf_u                                0x00000000   Number         0  stubs.o ABSOLUTE
    _printf_wc                               0x00000000   Number         0  stubs.o ABSOLUTE
    _printf_wctomb                           0x00000000   Number         0  stubs.o ABSOLUTE
    _printf_widthprec                        0x00000000   Number         0  stubs.o ABSOLUTE
    _printf_x                                0x00000000   Number         0  stubs.o ABSOLUTE
    __cpp_initialize__aeabi_                  - Undefined Weak Reference
    __cxa_finalize                            - Undefined Weak Reference
    _clock_init                               - Undefined Weak Reference
    _microlib_exit                            - Undefined Weak Reference
    __Vectors_End                            0x000000c0   Data           0  arm_startup_nrf51.o(RESET)
    __Vectors_Size                           0x000000c0   Number         0  arm_startup_nrf51.o ABSOLUTE
    __main                                   0x000000c1   Thumb Code     0  entry.o(.ARM.Collect$$$$00000000)
    _main_stk                                0x000000c1   Thumb Code     0  entry2.o(.ARM.Collect$$$$00000001)
    _main_scatterload                        0x000000c5   Thumb Code     0  entry5.o(.ARM.Collect$$$$00000004)
    __main_after_scatterload                 0x000000c9   Thumb Code     0  entry5.o(.ARM.Collect$$$$00000004)
    _main_clock                              0x000000c9   Thumb Code     0  entry7b.o(.ARM.Collect$$$$00000008)
    _main_cpp_init                           0x000000c9   Thumb Code     0  entry8b.o(.ARM.Collect$$$$0000000A)
    _main_init                               0x000000c9   Thumb Code     0  entry9a.o(.ARM.Collect$$$$0000000B)
    __rt_final_cpp                           0x000000d1   Thumb Code     0  entry10a.o(.ARM.Collect$$$$0000000D)
    __rt_final_exit                          0x000000d1   Thumb Code     0  entry11a.o(.ARM.Collect$$$$0000000F)
    __asm___11_nrf_delay_c_532987f3__nrf_delay_us 0x000000d5   Thumb Code    30  nrf_delay.o(.emb_text)
    __asm___11_app_timer_c_cd27f9c3__nrf_delay_us 0x000000f5   Thumb Code    30  app_timer.o(.emb_text)
    Reset_Handler                            0x00000115   Thumb Code    26  arm_startup_nrf51.o(.text)
    NMI_Handler                              0x0000012f   Thumb Code     2  arm_startup_nrf51.o(.text)
    HardFault_Handler                        0x00000131   Thumb Code     2  arm_startup_nrf51.o(.text)
    SVC_Handler                              0x00000133   Thumb Code     2  arm_startup_nrf51.o(.text)
    PendSV_Handler                           0x00000135   Thumb Code     2  arm_startup_nrf51.o(.text)
    SysTick_Handler                          0x00000137   Thumb Code     2  arm_startup_nrf51.o(.text)
    ADC_IRQHandler                           0x00000139   Thumb Code     0  arm_startup_nrf51.o(.text)
    CCM_AAR_IRQHandler                       0x00000139   Thumb Code     0  arm_startup_nrf51.o(.text)
    ECB_IRQHandler                           0x00000139   Thumb Code     0  arm_startup_nrf51.o(.text)
    LPCOMP_IRQHandler                        0x00000139   Thumb Code     0  arm_startup_nrf51.o(.text)
    POWER_CLOCK_IRQHandler                   0x00000139   Thumb Code     0  arm_startup_nrf51.o(.text)
    QDEC_IRQHandler                          0x00000139   Thumb Code     0  arm_startup_nrf51.o(.text)
    RADIO_IRQHandler                         0x00000139   Thumb Code     0  arm_startup_nrf51.o(.text)
    RNG_IRQHandler                           0x00000139   Thumb Code     0  arm_startup_nrf51.o(.text)
    RTC0_IRQHandler                          0x00000139   Thumb Code     0  arm_startup_nrf51.o(.text)
    SWI1_IRQHandler                          0x00000139   Thumb Code     0  arm_startup_nrf51.o(.text)
    SWI2_IRQHandler                          0x00000139   Thumb Code     0  arm_startup_nrf51.o(.text)
    SWI3_IRQHandler                          0x00000139   Thumb Code     0  arm_startup_nrf51.o(.text)
    SWI4_IRQHandler                          0x00000139   Thumb Code     0  arm_startup_nrf51.o(.text)
    SWI5_IRQHandler                          0x00000139   Thumb Code     0  arm_startup_nrf51.o(.text)
    TEMP_IRQHandler                          0x00000139   Thumb Code     0  arm_startup_nrf51.o(.text)
    TIMER0_IRQHandler                        0x00000139   Thumb Code     0  arm_startup_nrf51.o(.text)
    TIMER1_IRQHandler                        0x00000139   Thumb Code     0  arm_startup_nrf51.o(.text)
    TIMER2_IRQHandler                        0x00000139   Thumb Code     0  arm_startup_nrf51.o(.text)
    UART0_IRQHandler                         0x00000139   Thumb Code     0  arm_startup_nrf51.o(.text)
    WDT_IRQHandler                           0x00000139   Thumb Code     0  arm_startup_nrf51.o(.text)
    __aeabi_uidiv                            0x0000014d   Thumb Code     0  uidiv.o(.text)
    __aeabi_uidivmod                         0x0000014d   Thumb Code    44  uidiv.o(.text)
    __aeabi_memset                           0x00000179   Thumb Code    14  memseta.o(.text)
    __aeabi_memset4                          0x00000179   Thumb Code     0  memseta.o(.text)
    __aeabi_memset8                          0x00000179   Thumb Code     0  memseta.o(.text)
    __aeabi_memclr                           0x00000187   Thumb Code     4  memseta.o(.text)
    __aeabi_memclr4                          0x00000187   Thumb Code     0  memseta.o(.text)
    __aeabi_memclr8                          0x00000187   Thumb Code     0  memseta.o(.text)
    _memset$wrapper                          0x0000018b   Thumb Code    18  memseta.o(.text)
    strlen                                   0x0000019d   Thumb Code    14  strlen.o(.text)
    __ARM_scalbnf                            0x000001ab   Thumb Code    24  fscalb.o(.text)
    scalbnf                                  0x000001ab   Thumb Code     0  fscalb.o(.text)
    __aeabi_ui2f                             0x000001c3   Thumb Code    14  ffltui.o(.text)
    __I$use$fp                               0x000001d1   Thumb Code     0  iusefp.o(.text)
    _float_round                             0x000001d1   Thumb Code    16  fepilogue.o(.text)
    _float_epilogue                          0x000001e1   Thumb Code   114  fepilogue.o(.text)
    __scatterload                            0x00000255   Thumb Code    28  init.o(.text)
    __scatterload_rt2                        0x00000255   Thumb Code     0  init.o(.text)
    __decompress                             0x00000279   Thumb Code     0  __dczerorl2.o(.text)
    __decompress1                            0x00000279   Thumb Code    86  __dczerorl2.o(.text)
    GPIOTE_IRQHandler                        0x000002d1   Thumb Code   234  nrf_drv_gpiote.o(i.GPIOTE_IRQHandler)
    IMUbegin                                 0x000003d9   Thumb Code    78  sparkfunlsm9ds1.o(i.IMUbegin)
    Oledbegin                                0x00000479   Thumb Code   218  sfe_microoled.o(i.Oledbegin)
    RTC1_IRQHandler                          0x00000559   Thumb Code    28  app_timer.o(i.RTC1_IRQHandler)
    SPI0MaterInit_forSSD1306                 0x00000579   Thumb Code    58  main.o(i.SPI0MaterInit_forSSD1306)
    SPI0_TWI0_IRQHandler                     0x000005c1   Thumb Code    12  nrf_drv_spi.o(i.SPI0_TWI0_IRQHandler)
    SPI1MaterInit_forLSM9DS1                 0x000005d5   Thumb Code    58  main.o(i.SPI1MaterInit_forLSM9DS1)
    SPI1_TWI1_IRQHandler                     0x0000061d   Thumb Code    12  nrf_drv_spi.o(i.SPI1_TWI1_IRQHandler)
    SPIreadByte                              0x00000631   Thumb Code    16  sparkfunlsm9ds1.o(i.SPIreadByte)
    SPIreadBytes                             0x00000641   Thumb Code    68  sparkfunlsm9ds1.o(i.SPIreadBytes)
    SPItransfer                              0x0000068d   Thumb Code    30  sparkfunlsm9ds1.o(i.SPItransfer)
    SPIwriteByte                             0x000006b1   Thumb Code    36  sparkfunlsm9ds1.o(i.SPIwriteByte)
    SSDprint                                 0x000006d9   Thumb Code    26  main.o(i.SSDprint)
    SWI0_IRQHandler                          0x000006f3   Thumb Code     8  app_timer.o(i.SWI0_IRQHandler)
    SystemInit                               0x000006fd   Thumb Code    64  system_nrf51.o(i.SystemInit)
    __0sprintf$1                             0x00000751   Thumb Code    36  printf1.o(i.__0sprintf$1)
    __1sprintf$1                             0x00000751   Thumb Code     0  printf1.o(i.__0sprintf$1)
    __2sprintf                               0x00000751   Thumb Code     0  printf1.o(i.__0sprintf$1)
    __ARM_common_switch8                     0x00000779   Thumb Code    26  bsp.o(i.__ARM_common_switch8)
    __scatterload_copy                       0x00000793   Thumb Code    14  handlers.o(i.__scatterload_copy)
    __scatterload_null                       0x000007a1   Thumb Code     2  handlers.o(i.__scatterload_null)
    __scatterload_zeroinit                   0x000007a3   Thumb Code    14  handlers.o(i.__scatterload_zeroinit)
    app_button_enable                        0x00000925   Thumb Code    32  app_button.o(i.app_button_enable)
    app_button_init                          0x00000949   Thumb Code   100  app_button.o(i.app_button_init)
    app_error_handler                        0x000009bd   Thumb Code     8  main.o(i.app_error_handler)
    app_timer_create                         0x000009c5   Thumb Code    40  app_timer.o(i.app_timer_create)
    app_timer_init                           0x000009f1   Thumb Code   126  app_timer.o(i.app_timer_init)
    app_timer_start                          0x00000a81   Thumb Code   114  app_timer.o(i.app_timer_start)
    app_timer_stop                           0x00000afd   Thumb Code    78  app_timer.o(i.app_timer_stop)
    bsp_configuration                        0x00000bf1   Thumb Code    72  main.o(i.bsp_configuration)
    bsp_event_to_button_action_assign        0x00000c49   Thumb Code    66  bsp.o(i.bsp_event_to_button_action_assign)
    bsp_indication_set                       0x00000c91   Thumb Code    22  bsp.o(i.bsp_indication_set)
    bsp_init                                 0x00000cad   Thumb Code   134  bsp.o(i.bsp_init)
    calcaRes                                 0x00000f51   Thumb Code    24  sparkfunlsm9ds1.o(i.calcaRes)
    calcgRes                                 0x00000f71   Thumb Code    24  sparkfunlsm9ds1.o(i.calcgRes)
    calcmRes                                 0x00000f91   Thumb Code    44  sparkfunlsm9ds1.o(i.calcmRes)
    clear                                    0x00001059   Thumb Code    54  sfe_microoled.o(i.clear)
    command                                  0x00001095   Thumb Code    38  sfe_microoled.o(i.command)
    constrainScales                          0x00001169   Thumb Code    78  sparkfunlsm9ds1.o(i.constrainScales)
    data                                     0x000011bd   Thumb Code    38  sfe_microoled.o(i.data)
    display                                  0x00001249   Thumb Code    48  sfe_microoled.o(i.display)
    drawCharcolor                            0x0000127d   Thumb Code   314  sfe_microoled.o(i.drawCharcolor)
    initAccel                                0x0000144d   Thumb Code   132  sparkfunlsm9ds1.o(i.initAccel)
    initGyro                                 0x000014d5   Thumb Code   176  sparkfunlsm9ds1.o(i.initGyro)
    initMag                                  0x0000158d   Thumb Code   116  sparkfunlsm9ds1.o(i.initMag)
    initSPI                                  0x00001605   Thumb Code    30  sparkfunlsm9ds1.o(i.initSPI)
    mReadByte                                0x00001845   Thumb Code    14  sparkfunlsm9ds1.o(i.mReadByte)
    mReadBytes                               0x00001859   Thumb Code    18  sparkfunlsm9ds1.o(i.mReadBytes)
    mWriteByte                               0x00001871   Thumb Code    16  sparkfunlsm9ds1.o(i.mWriteByte)
    main                                     0x00001885   Thumb Code   332  main.o(i.main)
    nrf_delay_ms                             0x00001a31   Thumb Code    24  nrf_delay.o(i.nrf_delay_ms)
    nrf_drv_common_irq_enable                0x00001a4d   Thumb Code    78  nrf_drv_common.o(i.nrf_drv_common_irq_enable)
    nrf_drv_gpiote_in_event_enable           0x00001aad   Thumb Code   138  nrf_drv_gpiote.o(i.nrf_drv_gpiote_in_event_enable)
    nrf_drv_gpiote_in_init                   0x00001b4d   Thumb Code   146  nrf_drv_gpiote.o(i.nrf_drv_gpiote_in_init)
    nrf_drv_gpiote_in_is_set                 0x00001bf1   Thumb Code    16  nrf_drv_gpiote.o(i.nrf_drv_gpiote_in_is_set)
    nrf_drv_gpiote_init                      0x00001c05   Thumb Code    76  nrf_drv_gpiote.o(i.nrf_drv_gpiote_init)
    nrf_drv_gpiote_is_init                   0x00001c59   Thumb Code    12  nrf_drv_gpiote.o(i.nrf_drv_gpiote_is_init)
    nrf_drv_spi_init                         0x00001c69   Thumb Code   276  nrf_drv_spi.o(i.nrf_drv_spi_init)
    nrf_drv_spi_transfer                     0x00001d8d   Thumb Code   178  nrf_drv_spi.o(i.nrf_drv_spi_transfer)
    nrf_drv_spi_uninit                       0x00001e49   Thumb Code    64  nrf_drv_spi.o(i.nrf_drv_spi_uninit)
    pixelcolor                               0x00001fb1   Thumb Code    70  sfe_microoled.o(i.pixelcolor)
    readAccel                                0x00001ffd   Thumb Code    64  sparkfunlsm9ds1.o(i.readAccel)
    readGyro                                 0x00002041   Thumb Code    64  sparkfunlsm9ds1.o(i.readGyro)
    readMag                                  0x00002085   Thumb Code    34  sparkfunlsm9ds1.o(i.readMag)
    setColumnAddress                         0x000020f1   Thumb Code    22  sfe_microoled.o(i.setColumnAddress)
    setCursor                                0x00002109   Thumb Code     8  sfe_microoled.o(i.setCursor)
    setFontType                              0x00002115   Thumb Code    52  sfe_microoled.o(i.setFontType)
    setPageAddress                           0x0000214d   Thumb Code    12  sfe_microoled.o(i.setPageAddress)
    spiTransfer                              0x00002159   Thumb Code    26  sfe_microoled.o(i.spiTransfer)
    spi_master_0_event_handler               0x00002179   Thumb Code    60  main.o(i.spi_master_0_event_handler)
    write                                    0x000023e5   Thumb Code    70  sfe_microoled.o(i.write)
    xgReadByte                               0x00002431   Thumb Code    14  sparkfunlsm9ds1.o(i.xgReadByte)
    xgReadBytes                              0x00002445   Thumb Code    18  sparkfunlsm9ds1.o(i.xgReadBytes)
    xgWriteByte                              0x0000245d   Thumb Code    16  sparkfunlsm9ds1.o(i.xgWriteByte)
    Region$$Table$$Base                      0x00003420   Number         0  anon$$obj.o(Region$$Table)
    Region$$Table$$Limit                     0x00003440   Number         0  anon$$obj.o(Region$$Table)
    _mAddress                                0x20000050   Data           1  sparkfunlsm9ds1.o(.data)
    _xgAddress                               0x20000051   Data           1  sparkfunlsm9ds1.o(.data)
    _autoCalc                                0x20000052   Data           1  sparkfunlsm9ds1.o(.data)
    gx                                       0x20000054   Data           2  sparkfunlsm9ds1.o(.data)
    gy                                       0x20000056   Data           2  sparkfunlsm9ds1.o(.data)
    gz                                       0x20000058   Data           2  sparkfunlsm9ds1.o(.data)
    ax                                       0x2000005a   Data           2  sparkfunlsm9ds1.o(.data)
    ay                                       0x2000005c   Data           2  sparkfunlsm9ds1.o(.data)
    az                                       0x2000005e   Data           2  sparkfunlsm9ds1.o(.data)
    mx                                       0x20000060   Data           2  sparkfunlsm9ds1.o(.data)
    my                                       0x20000062   Data           2  sparkfunlsm9ds1.o(.data)
    mz                                       0x20000064   Data           2  sparkfunlsm9ds1.o(.data)
    temperature                              0x20000066   Data           2  sparkfunlsm9ds1.o(.data)
    b_LSMSPI                                 0x20000068   Data           4  sparkfunlsm9ds1.o(.data)
    gRes                                     0x2000006c   Data           4  sparkfunlsm9ds1.o(.data)
    aRes                                     0x20000070   Data           4  sparkfunlsm9ds1.o(.data)
    mRes                                     0x20000074   Data           4  sparkfunlsm9ds1.o(.data)
    gBiasRaw                                 0x20000078   Data           6  sparkfunlsm9ds1.o(.data)
    aBiasRaw                                 0x2000007e   Data           6  sparkfunlsm9ds1.o(.data)
    mBiasRaw                                 0x20000084   Data           6  sparkfunlsm9ds1.o(.data)
    magSensitivity                           0x2000008c   Data          16  sparkfunlsm9ds1.o(.data)
    csPin                                    0x2000009c   Data           1  sfe_microoled.o(.data)
    dcPin                                    0x2000009d   Data           1  sfe_microoled.o(.data)
    rstPin                                   0x2000009e   Data           1  sfe_microoled.o(.data)
    interface                                0x2000009f   Data           1  sfe_microoled.o(.data)
    foreColor                                0x200000a0   Data           1  sfe_microoled.o(.data)
    drawMode                                 0x200000a1   Data           1  sfe_microoled.o(.data)
    fontWidth                                0x200000a2   Data           1  sfe_microoled.o(.data)
    fontHeight                               0x200000a3   Data           1  sfe_microoled.o(.data)
    fontType                                 0x200000a4   Data           1  sfe_microoled.o(.data)
    fontStartChar                            0x200000a5   Data           1  sfe_microoled.o(.data)
    fontTotalChar                            0x200000a6   Data           1  sfe_microoled.o(.data)
    cursorX                                  0x200000a7   Data           1  sfe_microoled.o(.data)
    cursorY                                  0x200000a8   Data           1  sfe_microoled.o(.data)
    fontMapWidth                             0x200000aa   Data           2  sfe_microoled.o(.data)
    b_SSDSPI                                 0x200000ac   Data           4  sfe_microoled.o(.data)
    SystemCoreClock                          0x20000240   Data           4  system_nrf51.o(.data)
    settings                                 0x2000055c   Data          40  sparkfunlsm9ds1.o(.bss)
    gBias                                    0x20000584   Data          12  sparkfunlsm9ds1.o(.bss)
    aBias                                    0x20000590   Data          12  sparkfunlsm9ds1.o(.bss)
    mBias                                    0x2000059c   Data          12  sparkfunlsm9ds1.o(.bss)
    __initial_sp                             0x20000da8   Data           0  arm_startup_nrf51.o(STACK)



==============================================================================

Memory Map of the image

  Image Entry point : 0x000000c1

  Load Region LR_IROM1 (Base: 0x00000000, Size: 0x00003684, Max: 0x00020000, ABSOLUTE, COMPRESSED[0x000034c0])

    Execution Region ER_IROM1 (Base: 0x00000000, Size: 0x00003440, Max: 0x00020000, ABSOLUTE)

    Base Addr    Size         Type   Attr      Idx    E Section Name        Object

    0x00000000   0x000000c0   Data   RO         1663    RESET               arm_startup_nrf51.o
    0x000000c0   0x00000000   Code   RO         1705  * .ARM.Collect$$$$00000000  mc_p.l(entry.o)
    0x000000c0   0x00000004   Code   RO         1991    .ARM.Collect$$$$00000001  mc_p.l(entry2.o)
    0x000000c4   0x00000004   Code   RO         1994    .ARM.Collect$$$$00000004  mc_p.l(entry5.o)
    0x000000c8   0x00000000   Code   RO         1996    .ARM.Collect$$$$00000008  mc_p.l(entry7b.o)
    0x000000c8   0x00000000   Code   RO         1998    .ARM.Collect$$$$0000000A  mc_p.l(entry8b.o)
    0x000000c8   0x00000008   Code   RO         1999    .ARM.Collect$$$$0000000B  mc_p.l(entry9a.o)
    0x000000d0   0x00000000   Code   RO         2001    .ARM.Collect$$$$0000000D  mc_p.l(entry10a.o)
    0x000000d0   0x00000000   Code   RO         2003    .ARM.Collect$$$$0000000F  mc_p.l(entry11a.o)
    0x000000d0   0x00000004   Code   RO         1992    .ARM.Collect$$$$00002712  mc_p.l(entry2.o)
    0x000000d4   0x0000001e   Code   RO          315    .emb_text           nrf_delay.o
    0x000000f2   0x00000002   PAD
    0x000000f4   0x0000001e   Code   RO          752    .emb_text           app_timer.o
    0x00000112   0x00000002   PAD
    0x00000114   0x00000038   Code   RO         1664    .text               arm_startup_nrf51.o
    0x0000014c   0x0000002c   Code   RO         1708    .text               mc_p.l(uidiv.o)
    0x00000178   0x00000024   Code   RO         1712    .text               mc_p.l(memseta.o)
    0x0000019c   0x0000000e   Code   RO         1714    .text               mc_p.l(strlen.o)
    0x000001aa   0x00000018   Code   RO         1979    .text               mf_p.l(fscalb.o)
    0x000001c2   0x0000000e   Code   RO         1985    .text               mf_p.l(ffltui.o)
    0x000001d0   0x00000000   Code   RO         2012    .text               mc_p.l(iusefp.o)
    0x000001d0   0x00000082   Code   RO         2013    .text               mf_p.l(fepilogue.o)
    0x00000252   0x00000002   PAD
    0x00000254   0x00000024   Code   RO         2027    .text               mc_p.l(init.o)
    0x00000278   0x00000056   Code   RO         2043    .text               mc_p.l(__dczerorl2.o)
    0x000002ce   0x00000002   PAD
    0x000002d0   0x00000108   Code   RO          375    i.GPIOTE_IRQHandler  nrf_drv_gpiote.o
    0x000003d8   0x0000005c   Code   RO          935    i.IMUbegin          sparkfunlsm9ds1.o
    0x00000434   0x00000044   Code   RO          753    i.NVIC_SetPriority  app_timer.o
    0x00000478   0x000000e0   Code   RO         1316    i.Oledbegin         sfe_microoled.o
    0x00000558   0x00000020   Code   RO          754    i.RTC1_IRQHandler   app_timer.o
    0x00000578   0x00000048   Code   RO            4    i.SPI0MaterInit_forSSD1306  main.o
    0x000005c0   0x00000014   Code   RO          571    i.SPI0_TWI0_IRQHandler  nrf_drv_spi.o
    0x000005d4   0x00000048   Code   RO            5    i.SPI1MaterInit_forLSM9DS1  main.o
    0x0000061c   0x00000014   Code   RO          572    i.SPI1_TWI1_IRQHandler  nrf_drv_spi.o
    0x00000630   0x00000010   Code   RO          937    i.SPIreadByte       sparkfunlsm9ds1.o
    0x00000640   0x0000004c   Code   RO          938    i.SPIreadBytes      sparkfunlsm9ds1.o
    0x0000068c   0x00000024   Code   RO          939    i.SPItransfer       sparkfunlsm9ds1.o
    0x000006b0   0x00000028   Code   RO          940    i.SPIwriteByte      sparkfunlsm9ds1.o
    0x000006d8   0x0000001a   Code   RO            6    i.SSDprint          main.o
    0x000006f2   0x00000008   Code   RO          755    i.SWI0_IRQHandler   app_timer.o
    0x000006fa   0x00000002   PAD
    0x000006fc   0x00000054   Code   RO         1671    i.SystemInit        system_nrf51.o
    0x00000750   0x00000028   Code   RO         1763    i.__0sprintf$1      mc_p.l(printf1.o)
    0x00000778   0x0000001a   Code   RO          292    i.__ARM_common_switch8  bsp.o
    0x00000792   0x0000000e   Code   RO         2037    i.__scatterload_copy  mc_p.l(handlers.o)
    0x000007a0   0x00000002   Code   RO         2038    i.__scatterload_null  mc_p.l(handlers.o)
    0x000007a2   0x0000000e   Code   RO         2039    i.__scatterload_zeroinit  mc_p.l(handlers.o)
    0x000007b0   0x00000150   Code   RO         1768    i._printf_core      mc_p.l(printf1.o)
    0x00000900   0x0000000a   Code   RO         1770    i._sputc            mc_p.l(printf1.o)
    0x0000090a   0x00000002   PAD
    0x0000090c   0x00000018   Code   RO          198    i.alert_timer_handler  bsp.o
    0x00000924   0x00000024   Code   RO          662    i.app_button_enable  app_button.o
    0x00000948   0x00000074   Code   RO          663    i.app_button_init   app_button.o
    0x000009bc   0x00000008   Code   RO            7    i.app_error_handler  main.o
    0x000009c4   0x0000002c   Code   RO          758    i.app_timer_create  app_timer.o
    0x000009f0   0x00000090   Code   RO          759    i.app_timer_init    app_timer.o
    0x00000a80   0x0000007c   Code   RO          760    i.app_timer_start   app_timer.o
    0x00000afc   0x00000054   Code   RO          761    i.app_timer_stop    app_timer.o
    0x00000b50   0x000000a0   Code   RO          199    i.bsp_button_event_handler  bsp.o
    0x00000bf0   0x00000058   Code   RO            8    i.bsp_configuration  main.o
    0x00000c48   0x00000048   Code   RO          204    i.bsp_event_to_button_action_assign  bsp.o
    0x00000c90   0x0000001c   Code   RO          205    i.bsp_indication_set  bsp.o
    0x00000cac   0x000000a0   Code   RO          207    i.bsp_init          bsp.o
    0x00000d4c   0x000001f8   Code   RO          208    i.bsp_led_indication  bsp.o
    0x00000f44   0x0000000c   Code   RO          210    i.button_timer_handler  bsp.o
    0x00000f50   0x00000020   Code   RO          945    i.calcaRes          sparkfunlsm9ds1.o
    0x00000f70   0x00000020   Code   RO          946    i.calcgRes          sparkfunlsm9ds1.o
    0x00000f90   0x00000034   Code   RO          947    i.calcmRes          sparkfunlsm9ds1.o
    0x00000fc4   0x0000001c   Code   RO          376    i.channel_free      nrf_drv_gpiote.o
    0x00000fe0   0x00000048   Code   RO          377    i.channel_port_alloc  nrf_drv_gpiote.o
    0x00001028   0x00000010   Code   RO          378    i.channel_port_get  nrf_drv_gpiote.o
    0x00001038   0x0000001e   Code   RO            9    i.check_buf_equal   main.o
    0x00001056   0x00000002   PAD
    0x00001058   0x0000003c   Code   RO         1321    i.clear             sfe_microoled.o
    0x00001094   0x0000002c   Code   RO         1322    i.command           sfe_microoled.o
    0x000010c0   0x000000a8   Code   RO          763    i.compare_reg_update  app_timer.o
    0x00001168   0x00000054   Code   RO          958    i.constrainScales   sparkfunlsm9ds1.o
    0x000011bc   0x0000002c   Code   RO         1324    i.data              sfe_microoled.o
    0x000011e8   0x00000060   Code   RO          665    i.detection_delay_timeout_handler  app_button.o
    0x00001248   0x00000034   Code   RO         1325    i.display           sfe_microoled.o
    0x0000127c   0x00000140   Code   RO         1328    i.drawCharcolor     sfe_microoled.o
    0x000013bc   0x00000040   Code   RO          764    i.elapsed_ticks_acquire  app_timer.o
    0x000013fc   0x00000050   Code   RO          666    i.gpiote_event_handler  app_button.o
    0x0000144c   0x00000088   Code   RO          967    i.initAccel         sparkfunlsm9ds1.o
    0x000014d4   0x000000b8   Code   RO          968    i.initGyro          sparkfunlsm9ds1.o
    0x0000158c   0x00000078   Code   RO          969    i.initMag           sparkfunlsm9ds1.o
    0x00001604   0x00000024   Code   RO          970    i.initSPI           sparkfunlsm9ds1.o
    0x00001628   0x0000002a   Code   RO          573    i.irq_handler_spi   nrf_drv_spi.o
    0x00001652   0x00000002   PAD
    0x00001654   0x00000048   Code   RO         1672    i.is_manual_peripheral_setup_needed  system_nrf51.o
    0x0000169c   0x00000018   Code   RO          211    i.leds_timer_handler  bsp.o
    0x000016b4   0x000000bc   Code   RO          765    i.list_deletions_handler  app_timer.o
    0x00001770   0x000000d4   Code   RO          766    i.list_insertions_handler  app_timer.o
    0x00001844   0x00000014   Code   RO          971    i.mReadByte         sparkfunlsm9ds1.o
    0x00001858   0x00000018   Code   RO          972    i.mReadBytes        sparkfunlsm9ds1.o
    0x00001870   0x00000014   Code   RO          973    i.mWriteByte        sparkfunlsm9ds1.o
    0x00001884   0x000001ac   Code   RO           10    i.main              main.o
    0x00001a30   0x0000001c   Code   RO          316    i.nrf_delay_ms      nrf_delay.o
    0x00001a4c   0x00000060   Code   RO          346    i.nrf_drv_common_irq_enable  nrf_drv_common.o
    0x00001aac   0x000000a0   Code   RO          381    i.nrf_drv_gpiote_in_event_enable  nrf_drv_gpiote.o
    0x00001b4c   0x000000a4   Code   RO          382    i.nrf_drv_gpiote_in_init  nrf_drv_gpiote.o
    0x00001bf0   0x00000014   Code   RO          383    i.nrf_drv_gpiote_in_is_set  nrf_drv_gpiote.o
    0x00001c04   0x00000054   Code   RO          385    i.nrf_drv_gpiote_init  nrf_drv_gpiote.o
    0x00001c58   0x00000010   Code   RO          386    i.nrf_drv_gpiote_is_init  nrf_drv_gpiote.o
    0x00001c68   0x00000124   Code   RO          574    i.nrf_drv_spi_init  nrf_drv_spi.o
    0x00001d8c   0x000000bc   Code   RO          575    i.nrf_drv_spi_transfer  nrf_drv_spi.o
    0x00001e48   0x00000048   Code   RO          576    i.nrf_drv_spi_uninit  nrf_drv_spi.o
    0x00001e90   0x00000024   Code   RO          398    i.nrf_gpio_cfg      nrf_drv_gpiote.o
    0x00001eb4   0x00000024   Code   RO          577    i.nrf_gpio_cfg      nrf_drv_spi.o
    0x00001ed8   0x00000014   Code   RO          578    i.nrf_gpio_cfg_output  nrf_drv_spi.o
    0x00001eec   0x00000010   Code   RO          976    i.nrf_gpio_cfg_output  sparkfunlsm9ds1.o
    0x00001efc   0x00000010   Code   RO         1347    i.nrf_gpio_cfg_output  sfe_microoled.o
    0x00001f0c   0x00000020   Code   RO          400    i.nrf_gpio_cfg_sense_set  nrf_drv_gpiote.o
    0x00001f2c   0x00000010   Code   RO         1348    i.nrf_gpio_pin_clear  sfe_microoled.o
    0x00001f3c   0x00000010   Code   RO          579    i.nrf_gpio_pin_set  nrf_drv_spi.o
    0x00001f4c   0x00000010   Code   RO          977    i.nrf_gpio_pin_set  sparkfunlsm9ds1.o
    0x00001f5c   0x00000010   Code   RO         1349    i.nrf_gpio_pin_set  sfe_microoled.o
    0x00001f6c   0x00000014   Code   RO          401    i.nrf_gpiote_event_is_set  nrf_drv_gpiote.o
    0x00001f80   0x00000018   Code   RO          402    i.pin_in_use_by_port  nrf_drv_gpiote.o
    0x00001f98   0x00000018   Code   RO          403    i.pin_in_use_by_te  nrf_drv_gpiote.o
    0x00001fb0   0x0000004c   Code   RO         1351    i.pixelcolor        sfe_microoled.o
    0x00001ffc   0x00000044   Code   RO          978    i.readAccel         sparkfunlsm9ds1.o
    0x00002040   0x00000044   Code   RO          980    i.readGyro          sparkfunlsm9ds1.o
    0x00002084   0x00000028   Code   RO          982    i.readMag           sparkfunlsm9ds1.o
    0x000020ac   0x00000044   Code   RO          767    i.rtc1_stop         app_timer.o
    0x000020f0   0x00000016   Code   RO         1359    i.setColumnAddress  sfe_microoled.o
    0x00002106   0x00000002   PAD
    0x00002108   0x0000000c   Code   RO         1360    i.setCursor         sfe_microoled.o
    0x00002114   0x00000038   Code   RO         1362    i.setFontType       sfe_microoled.o
    0x0000214c   0x0000000c   Code   RO         1363    i.setPageAddress    sfe_microoled.o
    0x00002158   0x00000020   Code   RO         1365    i.spiTransfer       sfe_microoled.o
    0x00002178   0x00000048   Code   RO           11    i.spi_master_0_event_handler  main.o
    0x000021c0   0x00000084   Code   RO          768    i.timer_list_handler  app_timer.o
    0x00002244   0x00000010   Code   RO          769    i.timer_list_handler_sched  app_timer.o
    0x00002254   0x00000040   Code   RO          770    i.timer_list_insert  app_timer.o
    0x00002294   0x00000084   Code   RO          771    i.timer_timeouts_check  app_timer.o
    0x00002318   0x00000050   Code   RO          580    i.transfer_byte     nrf_drv_spi.o
    0x00002368   0x00000054   Code   RO          772    i.user_id_get       app_timer.o
    0x000023bc   0x00000026   Code   RO          773    i.user_op_alloc     app_timer.o
    0x000023e2   0x00000002   PAD
    0x000023e4   0x0000004c   Code   RO         1366    i.write             sfe_microoled.o
    0x00002430   0x00000014   Code   RO          994    i.xgReadByte        sparkfunlsm9ds1.o
    0x00002444   0x00000018   Code   RO          995    i.xgReadBytes       sparkfunlsm9ds1.o
    0x0000245c   0x00000014   Code   RO          996    i.xgWriteByte       sparkfunlsm9ds1.o
    0x00002470   0x00000030   Data   RO           14    .constdata          main.o
    0x000024a0   0x0000003c   Data   RO          216    .constdata          bsp.o
    0x000024dc   0x00000020   Data   RO          582    .constdata          nrf_drv_spi.o
    0x000024fc   0x00000008   Data   RO          668    .constdata          app_button.o
    0x00002504   0x00000501   Data   RO         1367    .constdata          sfe_microoled.o
    0x00002a05   0x00000606   Data   RO         1368    .constdata          sfe_microoled.o
    0x0000300b   0x0000031e   Data   RO         1369    .constdata          sfe_microoled.o
    0x00003329   0x000000f6   Data   RO         1370    .constdata          sfe_microoled.o
    0x0000341f   0x00000001   PAD
    0x00003420   0x00000020   Data   RO         2035    Region$$Table       anon$$obj.o


    Execution Region RW_IRAM1 (Base: 0x20000000, Size: 0x00000da8, Max: 0x00004000, ABSOLUTE, COMPRESSED[0x00000080])

    Base Addr    Size         Type   Attr      Idx    E Section Name        Object

    0x20000000   0x00000001   Data   RW           15    .data               main.o
    0x20000001   0x00000003   PAD
    0x20000004   0x00000018   Data   RW          217    .data               bsp.o
    0x2000001c   0x00000014   Data   RW          669    .data               app_button.o
    0x20000030   0x00000020   Data   RW          774    .data               app_timer.o
    0x20000050   0x0000004c   Data   RW          998    .data               sparkfunlsm9ds1.o
    0x2000009c   0x000001a4   Data   RW         1371    .data               sfe_microoled.o
    0x20000240   0x00000004   Data   RW         1673    .data               system_nrf51.o
    0x20000244   0x00000214   Zero   RW           13    .bss                main.o
    0x20000458   0x00000020   Zero   RW          212    .bss                bsp.o
    0x20000478   0x00000020   Zero   RW          213    .bss                bsp.o
    0x20000498   0x0000000c   Zero   RW          214    .bss                bsp.o
    0x200004a4   0x00000020   Zero   RW          215    .bss                bsp.o
    0x200004c4   0x00000048   Zero   RW          404    .bss                nrf_drv_gpiote.o
    0x2000050c   0x00000030   Zero   RW          581    .bss                nrf_drv_spi.o
    0x2000053c   0x00000020   Zero   RW          667    .bss                app_button.o
    0x2000055c   0x0000004c   Zero   RW          997    .bss                sparkfunlsm9ds1.o
    0x200005a8   0x00000800   Zero   RW         1661    STACK               arm_startup_nrf51.o


==============================================================================

Image component sizes


      Code (inc. data)   RO Data    RW Data    ZI Data      Debug   Object Name

       328         34          8         20         32       8866   app_button.o
      1700        152          0         32          0      29947   app_timer.o
        56         18        192          0       2048        696   arm_startup_nrf51.o
      1010         98         60         24        108      17260   bsp.o
       796        152         48          1        532      33463   main.o
        58          4          0          0          0       2943   nrf_delay.o
        96         18          0          0          0       8404   nrf_drv_common.o
       960        128          0          0         72      23016   nrf_drv_gpiote.o
       786         60         32          0         48      25121   nrf_drv_spi.o
      1078         76       3867        420          0      15985   sfe_microoled.o
      1272        140          0         76         76      20099   sparkfunlsm9ds1.o
       156         26          0          4          0       2147   system_nrf51.o

    ----------------------------------------------------------------------
      8310        906       4240        580       2916     187947   Object Totals
         0          0         32          0          0          0   (incl. Generated)
        14          0          1          3          0          0   (incl. Padding)

    ----------------------------------------------------------------------

      Code (inc. data)   RO Data    RW Data    ZI Data      Debug   Library Member Name

        86          0          0          0          0          0   __dczerorl2.o
         0          0          0          0          0          0   entry.o
         0          0          0          0          0          0   entry10a.o
         0          0          0          0          0          0   entry11a.o
         8          4          0          0          0          0   entry2.o
         4          0          0          0          0          0   entry5.o
         0          0          0          0          0          0   entry7b.o
         0          0          0          0          0          0   entry8b.o
         8          4          0          0          0          0   entry9a.o
        30          0          0          0          0          0   handlers.o
        36          8          0          0          0         68   init.o
         0          0          0          0          0          0   iusefp.o
        36          0          0          0          0        100   memseta.o
       386          8          0          0          0        228   printf1.o
        14          0          0          0          0         60   strlen.o
        44          0          0          0          0         72   uidiv.o
       130          0          0          0          0        144   fepilogue.o
        14          0          0          0          0         68   ffltui.o
        24          0          0          0          0         60   fscalb.o

    ----------------------------------------------------------------------
       826         24          0          0          0        800   Library Totals
         6          0          0          0          0          0   (incl. Padding)

    ----------------------------------------------------------------------

      Code (inc. data)   RO Data    RW Data    ZI Data      Debug   Library Name

       652         24          0          0          0        528   mc_p.l
       168          0          0          0          0        272   mf_p.l

    ----------------------------------------------------------------------
       826         24          0          0          0        800   Library Totals

    ----------------------------------------------------------------------

==============================================================================


      Code (inc. data)   RO Data    RW Data    ZI Data      Debug   

      9136        930       4240        580       2916     183939   Grand Totals
      9136        930       4240        128       2916     183939   ELF Image Totals (compressed)
      9136        930       4240        128          0          0   ROM Totals

==============================================================================

    Total RO  Size (Code + RO Data)                13376 (  13.06kB)
    Total RW  Size (RW Data + ZI Data)              3496 (   3.41kB)
    Total ROM Size (Code + RO Data + RW Data)      13504 (  13.19kB)

==============================================================================

