Component: ARM Compiler 5.06 update 3 (build 300) Tool: armlink [4d35c9]

==============================================================================

Section Cross References

    main.o(i.SPI0MaterInit_forSSD1306) refers to nrf_drv_spi.o(i.nrf_drv_spi_init) for nrf_drv_spi_init
    main.o(i.SPI0MaterInit_forSSD1306) refers to bsp.o(i.bsp_indication_set) for bsp_indication_set
    main.o(i.SPI0MaterInit_forSSD1306) refers to main.o(.constdata) for .constdata
    main.o(i.SPI0MaterInit_forSSD1306) refers to main.o(i.spi_master_0_event_handler) for spi_master_0_event_handler
    main.o(i.SPI0MaterInit_forSSD1306) refers to sfe_microoled.o(.data) for b_SSDSPI
    main.o(i.SPI1MaterInit_forLSM9DS1) refers to nrf_drv_spi.o(i.nrf_drv_spi_init) for nrf_drv_spi_init
    main.o(i.SPI1MaterInit_forLSM9DS1) refers to bsp.o(i.bsp_indication_set) for bsp_indication_set
    main.o(i.SPI1MaterInit_forLSM9DS1) refers to main.o(.constdata) for .constdata
    main.o(i.SPI1MaterInit_forLSM9DS1) refers to main.o(i.spi_master_0_event_handler) for spi_master_0_event_handler
    main.o(i.SPI1MaterInit_forLSM9DS1) refers to sparkfunlsm9ds1.o(.data) for b_LSMSPI
    main.o(i.app_error_handler) refers to bsp.o(i.bsp_indication_set) for bsp_indication_set
    main.o(i.bsp_configuration) refers to app_timer.o(i.app_timer_init) for app_timer_init
    main.o(i.bsp_configuration) refers to bsp.o(i.bsp_indication_set) for bsp_indication_set
    main.o(i.bsp_configuration) refers to bsp.o(i.bsp_init) for bsp_init
    main.o(i.bsp_configuration) refers to main.o(.bss) for .bss
    main.o(i.main) refers to main.o(i.bsp_configuration) for bsp_configuration
    main.o(i.main) refers to main.o(i.SPI0MaterInit_forSSD1306) for SPI0MaterInit_forSSD1306
    main.o(i.main) refers to main.o(i.SPI1MaterInit_forLSM9DS1) for SPI1MaterInit_forLSM9DS1
    main.o(i.main) refers to sfe_microoled.o(i.Oledbegin) for Oledbegin
    main.o(i.main) refers to sfe_microoled.o(i.display) for display
    main.o(i.main) refers to sparkfunlsm9ds1.o(i.IMUbegin) for IMUbegin
    main.o(i.main) refers to nrf_delay.o(i.nrf_delay_ms) for nrf_delay_ms
    main.o(i.main) refers to sparkfunlsm9ds1.o(i.readGyro) for readGyro
    main.o(i.main) refers to sparkfunlsm9ds1.o(i.readAccel) for readAccel
    main.o(i.main) refers to sparkfunlsm9ds1.o(i.readMag) for readMag
    main.o(i.main) refers to sparkfunlsm9ds1.o(.bss) for settings
    main.o(i.spi_master_0_event_handler) refers to main.o(i.check_buf_equal) for check_buf_equal
    main.o(i.spi_master_0_event_handler) refers to nrf_drv_spi.o(i.nrf_drv_spi_uninit) for nrf_drv_spi_uninit
    main.o(i.spi_master_0_event_handler) refers to bsp.o(i.bsp_indication_set) for bsp_indication_set
    main.o(i.spi_master_0_event_handler) refers to main.o(.bss) for .bss
    main.o(i.spi_master_0_event_handler) refers to main.o(.constdata) for .constdata
    main.o(i.spi_master_0_event_handler) refers to main.o(.data) for .data
    main.o(i.spi_master_1_event_handler) refers to main.o(i.check_buf_equal) for check_buf_equal
    main.o(i.spi_master_1_event_handler) refers to nrf_drv_spi.o(i.nrf_drv_spi_uninit) for nrf_drv_spi_uninit
    main.o(i.spi_master_1_event_handler) refers to bsp.o(i.bsp_indication_set) for bsp_indication_set
    main.o(i.spi_master_1_event_handler) refers to main.o(.bss) for .bss
    main.o(i.spi_master_1_event_handler) refers to main.o(.constdata) for .constdata
    main.o(i.spi_master_1_event_handler) refers to main.o(.data) for .data
    bsp.o(i.bsp_button_event_handler) refers to app_timer.o(i.app_timer_start) for app_timer_start
    bsp.o(i.bsp_button_event_handler) refers to app_timer.o(i.app_timer_stop) for app_timer_stop
    bsp.o(i.bsp_button_event_handler) refers to bsp.o(.constdata) for .constdata
    bsp.o(i.bsp_button_event_handler) refers to bsp.o(.bss) for .bss
    bsp.o(i.bsp_button_event_handler) refers to bsp.o(.data) for .data
    bsp.o(i.bsp_button_is_pressed) refers to bsp.o(.constdata) for .constdata
    bsp.o(i.bsp_buttons_disable) refers to app_button.o(i.app_button_disable) for app_button_disable
    bsp.o(i.bsp_buttons_enable) refers to app_button.o(i.app_button_enable) for app_button_enable
    bsp.o(i.bsp_buttons_state_get) refers to bsp.o(.constdata) for .constdata
    bsp.o(i.bsp_event_to_button_action_assign) refers to bsp.o(.bss) for .bss
    bsp.o(i.bsp_indication_set) refers to bsp.o(i.bsp_led_indication) for bsp_led_indication
    bsp.o(i.bsp_indication_set) refers to bsp.o(.data) for .data
    bsp.o(i.bsp_indication_text_set) refers to bsp.o(i.bsp_indication_set) for bsp_indication_set
    bsp.o(i.bsp_init) refers to bsp.o(i.bsp_event_to_button_action_assign) for bsp_event_to_button_action_assign
    bsp.o(i.bsp_init) refers to app_button.o(i.app_button_init) for app_button_init
    bsp.o(i.bsp_init) refers to app_button.o(i.app_button_enable) for app_button_enable
    bsp.o(i.bsp_init) refers to app_timer.o(i.app_timer_create) for app_timer_create
[...]
    sparkfunlsm9ds1.o(i.getFIFOSamples) refers to sparkfunlsm9ds1.o(i.SPIreadByte) for SPIreadByte
    sparkfunlsm9ds1.o(i.getFIFOSamples) refers to sparkfunlsm9ds1.o(.data) for .data
    sparkfunlsm9ds1.o(i.getGyroIntSrc) refers to sparkfunlsm9ds1.o(i.xgReadByte) for xgReadByte
    sparkfunlsm9ds1.o(i.getInactivity) refers to sparkfunlsm9ds1.o(i.xgReadByte) for xgReadByte
    sparkfunlsm9ds1.o(i.getMagIntSrc) refers to sparkfunlsm9ds1.o(i.mReadByte) for mReadByte
    sparkfunlsm9ds1.o(i.gyroAvailable) refers to sparkfunlsm9ds1.o(i.xgReadByte) for xgReadByte
    sparkfunlsm9ds1.o(i.init) refers to sparkfunlsm9ds1.o(.bss) for .bss
    sparkfunlsm9ds1.o(i.init) refers to sparkfunlsm9ds1.o(.data) for .data
    sparkfunlsm9ds1.o(i.initAccel) refers to sparkfunlsm9ds1.o(i.xgWriteByte) for xgWriteByte
    sparkfunlsm9ds1.o(i.initAccel) refers to sparkfunlsm9ds1.o(.bss) for .bss
    sparkfunlsm9ds1.o(i.initGyro) refers to sparkfunlsm9ds1.o(i.xgWriteByte) for xgWriteByte
    sparkfunlsm9ds1.o(i.initGyro) refers to sparkfunlsm9ds1.o(.bss) for .bss
    sparkfunlsm9ds1.o(i.initMag) refers to sparkfunlsm9ds1.o(i.mWriteByte) for mWriteByte
    sparkfunlsm9ds1.o(i.initMag) refers to sparkfunlsm9ds1.o(.bss) for .bss
    sparkfunlsm9ds1.o(i.initSPI) refers to sparkfunlsm9ds1.o(i.nrf_gpio_cfg_output) for nrf_gpio_cfg_output
    sparkfunlsm9ds1.o(i.initSPI) refers to sparkfunlsm9ds1.o(i.nrf_gpio_pin_set) for nrf_gpio_pin_set
    sparkfunlsm9ds1.o(i.initSPI) refers to sparkfunlsm9ds1.o(.data) for .data
    sparkfunlsm9ds1.o(i.mReadByte) refers to sparkfunlsm9ds1.o(i.SPIreadByte) for SPIreadByte
    sparkfunlsm9ds1.o(i.mReadByte) refers to sparkfunlsm9ds1.o(.data) for .data
    sparkfunlsm9ds1.o(i.mReadBytes) refers to sparkfunlsm9ds1.o(i.SPIreadBytes) for SPIreadBytes
    sparkfunlsm9ds1.o(i.mReadBytes) refers to sparkfunlsm9ds1.o(.data) for .data
    sparkfunlsm9ds1.o(i.mWriteByte) refers to sparkfunlsm9ds1.o(i.SPIwriteByte) for SPIwriteByte
    sparkfunlsm9ds1.o(i.mWriteByte) refers to sparkfunlsm9ds1.o(.data) for .data
    sparkfunlsm9ds1.o(i.magAvailable) refers to sparkfunlsm9ds1.o(i.mReadByte) for mReadByte
    sparkfunlsm9ds1.o(i.magOffset) refers to sparkfunlsm9ds1.o(i.mWriteByte) for mWriteByte
    sparkfunlsm9ds1.o(i.readAccel) refers to sparkfunlsm9ds1.o(i.xgReadBytes) for xgReadBytes
    sparkfunlsm9ds1.o(i.readAccel) refers to sparkfunlsm9ds1.o(.data) for .data
    sparkfunlsm9ds1.o(i.readAccelAxis) refers to sparkfunlsm9ds1.o(i.xgReadBytes) for xgReadBytes
    sparkfunlsm9ds1.o(i.readAccelAxis) refers to sparkfunlsm9ds1.o(.data) for .data
    sparkfunlsm9ds1.o(i.readGyro) refers to sparkfunlsm9ds1.o(i.xgReadBytes) for xgReadBytes
    sparkfunlsm9ds1.o(i.readGyro) refers to sparkfunlsm9ds1.o(.data) for .data
    sparkfunlsm9ds1.o(i.readGyroAxis) refers to sparkfunlsm9ds1.o(i.xgReadBytes) for xgReadBytes
    sparkfunlsm9ds1.o(i.readGyroAxis) refers to sparkfunlsm9ds1.o(.data) for .data
    sparkfunlsm9ds1.o(i.readMag) refers to sparkfunlsm9ds1.o(i.mReadBytes) for mReadBytes
    sparkfunlsm9ds1.o(i.readMag) refers to sparkfunlsm9ds1.o(.data) for .data
    sparkfunlsm9ds1.o(i.readMagAxis) refers to sparkfunlsm9ds1.o(i.mReadBytes) for mReadBytes
    sparkfunlsm9ds1.o(i.readTemp) refers to sparkfunlsm9ds1.o(i.xgReadBytes) for xgReadBytes
    sparkfunlsm9ds1.o(i.readTemp) refers to sparkfunlsm9ds1.o(.data) for .data
    sparkfunlsm9ds1.o(i.setAccelODR) refers to sparkfunlsm9ds1.o(i.xgReadByte) for xgReadByte
    sparkfunlsm9ds1.o(i.setAccelODR) refers to sparkfunlsm9ds1.o(i.xgWriteByte) for xgWriteByte
    sparkfunlsm9ds1.o(i.setAccelODR) refers to sparkfunlsm9ds1.o(.bss) for .bss
    sparkfunlsm9ds1.o(i.setAccelScale) refers to sparkfunlsm9ds1.o(i.xgReadByte) for xgReadByte
    sparkfunlsm9ds1.o(i.setAccelScale) refers to sparkfunlsm9ds1.o(i.xgWriteByte) for xgWriteByte
    sparkfunlsm9ds1.o(i.setAccelScale) refers to sparkfunlsm9ds1.o(i.calcaRes) for calcaRes
    sparkfunlsm9ds1.o(i.setAccelScale) refers to sparkfunlsm9ds1.o(.bss) for .bss
    sparkfunlsm9ds1.o(i.setFIFO) refers to sparkfunlsm9ds1.o(i.xgWriteByte) for xgWriteByte
    sparkfunlsm9ds1.o(i.setGyroODR) refers to sparkfunlsm9ds1.o(i.xgReadByte) for xgReadByte
    sparkfunlsm9ds1.o(i.setGyroODR) refers to sparkfunlsm9ds1.o(i.xgWriteByte) for xgWriteByte
    sparkfunlsm9ds1.o(i.setGyroODR) refers to sparkfunlsm9ds1.o(.bss) for .bss
    sparkfunlsm9ds1.o(i.setGyroScale) refers to sparkfunlsm9ds1.o(i.xgReadByte) for xgReadByte
    sparkfunlsm9ds1.o(i.setGyroScale) refers to sparkfunlsm9ds1.o(i.xgWriteByte) for xgWriteByte
    sparkfunlsm9ds1.o(i.setGyroScale) refers to sparkfunlsm9ds1.o(i.calcgRes) for calcgRes
    sparkfunlsm9ds1.o(i.setGyroScale) refers to sparkfunlsm9ds1.o(.bss) for .bss
    sparkfunlsm9ds1.o(i.setMagODR) refers to sparkfunlsm9ds1.o(i.mReadByte) for mReadByte
    sparkfunlsm9ds1.o(i.setMagODR) refers to sparkfunlsm9ds1.o(i.mWriteByte) for mWriteByte
    sparkfunlsm9ds1.o(i.setMagODR) refers to sparkfunlsm9ds1.o(.bss) for .bss
    sparkfunlsm9ds1.o(i.setMagScale) refers to sparkfunlsm9ds1.o(i.mReadByte) for mReadByte
    sparkfunlsm9ds1.o(i.setMagScale) refers to sparkfunlsm9ds1.o(i.mWriteByte) for mWriteByte
    sparkfunlsm9ds1.o(i.setMagScale) refers to sparkfunlsm9ds1.o(i.calcmRes) for calcmRes
    sparkfunlsm9ds1.o(i.setMagScale) refers to sparkfunlsm9ds1.o(.bss) for .bss
    sparkfunlsm9ds1.o(i.sleepGyro) refers to sparkfunlsm9ds1.o(i.xgReadByte) for xgReadByte
    sparkfunlsm9ds1.o(i.sleepGyro) refers to sparkfunlsm9ds1.o(i.xgWriteByte) for xgWriteByte
    sparkfunlsm9ds1.o(i.tempAvailable) refers to sparkfunlsm9ds1.o(i.xgReadByte) for xgReadByte
    sparkfunlsm9ds1.o(i.xgReadByte) refers to sparkfunlsm9ds1.o(i.SPIreadByte) for SPIreadByte
    sparkfunlsm9ds1.o(i.xgReadByte) refers to sparkfunlsm9ds1.o(.data) for .data
    sparkfunlsm9ds1.o(i.xgReadBytes) refers to sparkfunlsm9ds1.o(i.SPIreadBytes) for SPIreadBytes
    sparkfunlsm9ds1.o(i.xgReadBytes) refers to sparkfunlsm9ds1.o(.data) for .data
    sparkfunlsm9ds1.o(i.xgWriteByte) refers to sparkfunlsm9ds1.o(i.SPIwriteByte) for SPIwriteByte
    sparkfunlsm9ds1.o(i.xgWriteByte) refers to sparkfunlsm9ds1.o(.data) for .data
    sfe_microoled.o(i.MicroOLED) refers to sfe_microoled.o(.data) for .data
    sfe_microoled.o(i.Oledbegin) refers to sfe_microoled.o(i.setFontType) for setFontType
    sfe_microoled.o(i.Oledbegin) refers to sfe_microoled.o(i.setCursor) for setCursor
    sfe_microoled.o(i.Oledbegin) refers to sfe_microoled.o(i.nrf_gpio_cfg_output) for nrf_gpio_cfg_output
    sfe_microoled.o(i.Oledbegin) refers to sfe_microoled.o(i.nrf_gpio_pin_set) for nrf_gpio_pin_set
    sfe_microoled.o(i.Oledbegin) refers to nrf_delay.o(i.nrf_delay_ms) for nrf_delay_ms
    sfe_microoled.o(i.Oledbegin) refers to sfe_microoled.o(i.nrf_gpio_pin_clear) for nrf_gpio_pin_clear
    sfe_microoled.o(i.Oledbegin) refers to sfe_microoled.o(i.command) for command
    sfe_microoled.o(i.Oledbegin) refers to sfe_microoled.o(i.clear) for clear
    sfe_microoled.o(i.Oledbegin) refers to sfe_microoled.o(.data) for .data
    sfe_microoled.o(i.circle) refers to sfe_microoled.o(i.circlecolor) for circlecolor
    sfe_microoled.o(i.circle) refers to sfe_microoled.o(.data) for .data
    sfe_microoled.o(i.circleFill) refers to sfe_microoled.o(i.circleFillcolor) for circleFillcolor
    sfe_microoled.o(i.circleFill) refers to sfe_microoled.o(.data) for .data
    sfe_microoled.o(i.circleFillcolor) refers to sfe_microoled.o(i.pixelcolor) for pixelcolor
    sfe_microoled.o(i.circlecolor) refers to sfe_microoled.o(i.pixelcolor) for pixelcolor
    sfe_microoled.o(i.clear) refers to memseta.o(.text) for __aeabi_memclr4
    sfe_microoled.o(i.clear) refers to sfe_microoled.o(i.setPageAddress) for setPageAddress
    sfe_microoled.o(i.clear) refers to sfe_microoled.o(i.setColumnAddress) for setColumnAddress
    sfe_microoled.o(i.clear) refers to sfe_microoled.o(i.data) for data
    sfe_microoled.o(i.clear) refers to sfe_microoled.o(.data) for .data
    sfe_microoled.o(i.command) refers to sfe_microoled.o(i.nrf_gpio_pin_clear) for nrf_gpio_pin_clear
    sfe_microoled.o(i.command) refers to sfe_microoled.o(i.spiTransfer) for spiTransfer
    sfe_microoled.o(i.command) refers to sfe_microoled.o(i.nrf_gpio_pin_set) for nrf_gpio_pin_set
    sfe_microoled.o(i.command) refers to sfe_microoled.o(.data) for .data
    sfe_microoled.o(i.contrast) refers to sfe_microoled.o(i.command) for command
    sfe_microoled.o(i.data) refers to sfe_microoled.o(i.nrf_gpio_pin_set) for nrf_gpio_pin_set
    sfe_microoled.o(i.data) refers to sfe_microoled.o(i.nrf_gpio_pin_clear) for nrf_gpio_pin_clear
    sfe_microoled.o(i.data) refers to sfe_microoled.o(i.spiTransfer) for spiTransfer
    sfe_microoled.o(i.data) refers to sfe_microoled.o(.data) for .data
    sfe_microoled.o(i.display) refers to sfe_microoled.o(i.setPageAddress) for setPageAddress
    sfe_microoled.o(i.display) refers to sfe_microoled.o(i.setColumnAddress) for setColumnAddress
    sfe_microoled.o(i.display) refers to sfe_microoled.o(i.data) for data
    sfe_microoled.o(i.display) refers to sfe_microoled.o(.data) for .data
    sfe_microoled.o(i.drawBitmap) refers to sfe_microoled.o(.data) for .data
    sfe_microoled.o(i.drawChar) refers to sfe_microoled.o(i.drawCharcolor) for drawCharcolor
    sfe_microoled.o(i.drawChar) refers to sfe_microoled.o(.data) for .data
    sfe_microoled.o(i.drawCharcolor) refers to sfe_microoled.o(i.pixelcolor) for pixelcolor
    sfe_microoled.o(i.drawCharcolor) refers to uidiv.o(.text) for __aeabi_uidivmod
    sfe_microoled.o(i.drawCharcolor) refers to sfe_microoled.o(.data) for .data
    sfe_microoled.o(i.flipHorizontal) refers to sfe_microoled.o(i.command) for command
    sfe_microoled.o(i.flipVertical) refers to sfe_microoled.o(i.command) for command
    sfe_microoled.o(i.getFontHeight) refers to sfe_microoled.o(.data) for .data
    sfe_microoled.o(i.getFontStartChar) refers to sfe_microoled.o(.data) for .data
    sfe_microoled.o(i.getFontTotalChar) refers to sfe_microoled.o(.data) for .data
    sfe_microoled.o(i.getFontType) refers to sfe_microoled.o(.data) for .data
    sfe_microoled.o(i.getFontWidth) refers to sfe_microoled.o(.data) for .data
    sfe_microoled.o(i.getScreenBuffer) refers to sfe_microoled.o(.data) for .data
    sfe_microoled.o(i.invert) refers to sfe_microoled.o(i.command) for command
    sfe_microoled.o(i.line) refers to sfe_microoled.o(i.linecolor) for linecolor
    sfe_microoled.o(i.line) refers to sfe_microoled.o(.data) for .data
    sfe_microoled.o(i.lineH) refers to sfe_microoled.o(i.linecolor) for linecolor
    sfe_microoled.o(i.lineH) refers to sfe_microoled.o(.data) for .data
    sfe_microoled.o(i.lineHcolor) refers to sfe_microoled.o(i.linecolor) for linecolor
    sfe_microoled.o(i.lineV) refers to sfe_microoled.o(i.linecolor) for linecolor
    sfe_microoled.o(i.lineV) refers to sfe_microoled.o(.data) for .data
    sfe_microoled.o(i.lineVcolor) refers to sfe_microoled.o(i.linecolor) for linecolor
    sfe_microoled.o(i.linecolor) refers to sfe_microoled.o(i.pixelcolor) for pixelcolor
    sfe_microoled.o(i.pixel) refers to sfe_microoled.o(i.pixelcolor) for pixelcolor
    sfe_microoled.o(i.pixel) refers to sfe_microoled.o(.data) for .data
    sfe_microoled.o(i.pixelcolor) refers to sfe_microoled.o(.data) for .data
    sfe_microoled.o(i.rect) refers to sfe_microoled.o(i.rectcolor) for rectcolor
    sfe_microoled.o(i.rect) refers to sfe_microoled.o(.data) for .data
    sfe_microoled.o(i.rectFill) refers to sfe_microoled.o(i.rectFillcolor) for rectFillcolor
    sfe_microoled.o(i.rectFill) refers to sfe_microoled.o(.data) for .data
    sfe_microoled.o(i.rectFillcolor) refers to sfe_microoled.o(i.lineVcolor) for lineVcolor
    sfe_microoled.o(i.rectcolor) refers to sfe_microoled.o(i.lineHcolor) for lineHcolor
    sfe_microoled.o(i.rectcolor) refers to sfe_microoled.o(i.lineVcolor) for lineVcolor
    sfe_microoled.o(i.scrollRight) refers to sfe_microoled.o(i.command) for command
    sfe_microoled.o(i.scrollStop) refers to sfe_microoled.o(i.command) for command
    sfe_microoled.o(i.setColor) refers to sfe_microoled.o(.data) for .data
    sfe_microoled.o(i.setColumnAddress) refers to sfe_microoled.o(i.command) for command
    sfe_microoled.o(i.setCursor) refers to sfe_microoled.o(.data) for .data
    sfe_microoled.o(i.setDrawMode) refers to sfe_microoled.o(.data) for .data
    sfe_microoled.o(i.setFontType) refers to sfe_microoled.o(.data) for .data
    sfe_microoled.o(i.setPageAddress) refers to sfe_microoled.o(i.command) for command
    sfe_microoled.o(i.spiTransfer) refers to nrf_drv_spi.o(i.nrf_drv_spi_transfer) for nrf_drv_spi_transfer
    sfe_microoled.o(i.spiTransfer) refers to sfe_microoled.o(.data) for .data
    sfe_microoled.o(i.write) refers to sfe_microoled.o(i.drawCharcolor) for drawCharcolor
    sfe_microoled.o(i.write) refers to sfe_microoled.o(.data) for .data
    sfe_microoled.o(.data) refers to sfe_microoled.o(.constdata) for font5x7
    sfe_microoled.o(.data) refers to sfe_microoled.o(.constdata) for font8x16
    sfe_microoled.o(.data) refers to sfe_microoled.o(.constdata) for sevensegment
    sfe_microoled.o(.data) refers to sfe_microoled.o(.constdata) for fontlargenumber
    arm_startup_nrf51.o(RESET) refers to arm_startup_nrf51.o(STACK) for __initial_sp
    arm_startup_nrf51.o(RESET) refers to arm_startup_nrf51.o(.text) for Reset_Handler
    arm_startup_nrf51.o(RESET) refers to nrf_drv_spi.o(i.SPI0_TWI0_IRQHandler) for SPI0_TWI0_IRQHandler
    arm_startup_nrf51.o(RESET) refers to nrf_drv_spi.o(i.SPI1_TWI1_IRQHandler) for SPI1_TWI1_IRQHandler
    arm_startup_nrf51.o(RESET) refers to nrf_drv_gpiote.o(i.GPIOTE_IRQHandler) for GPIOTE_IRQHandler
    arm_startup_nrf51.o(RESET) refers to app_timer.o(i.RTC1_IRQHandler) for RTC1_IRQHandler
    arm_startup_nrf51.o(RESET) refers to app_timer.o(i.SWI0_IRQHandler) for SWI0_IRQHandler
    arm_startup_nrf51.o(.text) refers to system_nrf51.o(i.SystemInit) for SystemInit
    arm_startup_nrf51.o(.text) refers to entry.o(.ARM.Collect$$$$00000000) for __main
    system_nrf51.o(i.SystemCoreClockUpdate) refers to system_nrf51.o(.data) for .data
    system_nrf51.o(i.SystemInit) refers to system_nrf51.o(i.is_manual_peripheral_setup_needed) for is_manual_peripheral_setup_needed
    entry.o(.ARM.Collect$$$$00000000) refers (Special) to entry10a.o(.ARM.Collect$$$$0000000D) for __rt_final_cpp
    entry.o(.ARM.Collect$$$$00000000) refers (Special) to entry11a.o(.ARM.Collect$$$$0000000F) for __rt_final_exit
    entry.o(.ARM.Collect$$$$00000000) refers (Special) to entry7b.o(.ARM.Collect$$$$00000008) for _main_clock
    entry.o(.ARM.Collect$$$$00000000) refers (Special) to entry8b.o(.ARM.Collect$$$$0000000A) for _main_cpp_init
    entry.o(.ARM.Collect$$$$00000000) refers (Special) to entry9a.o(.ARM.Collect$$$$0000000B) for _main_init
    entry.o(.ARM.Collect$$$$00000000) refers (Special) to entry5.o(.ARM.Collect$$$$00000004) for _main_scatterload
    entry.o(.ARM.Collect$$$$00000000) refers (Special) to entry2.o(.ARM.Collect$$$$00000001) for _main_stk
    idiv.o(.text) refers to uidiv.o(.text) for __aeabi_uidivmod
    fmul.o(.text) refers (Special) to iusefp.o(.text) for __I$use$fp
    fscalb.o(.text) refers (Special) to iusefp.o(.text) for __I$use$fp
    ddiv.o(.text) refers (Special) to iusefp.o(.text) for __I$use$fp
    ddiv.o(.text) refers to depilogue.o(.text) for _double_round
    fflti.o(.text) refers (Special) to iusefp.o(.text) for __I$use$fp
    fflti.o(.text) refers to fepilogue.o(.text) for _float_epilogue
    ffltui.o(.text) refers (Special) to iusefp.o(.text) for __I$use$fp
    ffltui.o(.text) refers to fepilogue.o(.text) for _float_epilogue
    dfixi.o(.text) refers (Special) to iusefp.o(.text) for __I$use$fp
    dfixi.o(.text) refers to llushr.o(.text) for __aeabi_llsr
    f2d.o(.text) refers (Special) to iusefp.o(.text) for __I$use$fp
    entry2.o(.ARM.Collect$$$$00000001) refers to entry2.o(.ARM.Collect$$$$00002712) for __lit__00000000
    entry2.o(.ARM.Collect$$$$00002712) refers to arm_startup_nrf51.o(STACK) for __initial_sp
    entry2.o(__vectab_stack_and_reset_area) refers to arm_startup_nrf51.o(STACK) for __initial_sp
    entry2.o(__vectab_stack_and_reset_area) refers to entry.o(.ARM.Collect$$$$00000000) for __main
    entry5.o(.ARM.Collect$$$$00000004) refers to init.o(.text) for __scatterload
    entry9a.o(.ARM.Collect$$$$0000000B) refers to main.o(i.main) for main
    entry9b.o(.ARM.Collect$$$$0000000C) refers to main.o(i.main) for main
    depilogue.o(.text) refers to depilogue.o(i.__ARM_clz) for __ARM_clz
    depilogue.o(.text) refers to llshl.o(.text) for __aeabi_llsl
    depilogue.o(.text) refers to llushr.o(.text) for __aeabi_llsr
    init.o(.text) refers to entry5.o(.ARM.Collect$$$$00000004) for __main_after_scatterload


==============================================================================

Removing Unused input sections from the image.

    Removing main.o(.rev16_text), (4 bytes).
    Removing main.o(.revsh_text), (4 bytes).
    Removing main.o(.emb_text), (30 bytes).
    Removing main.o(i.spi_master_1_event_handler), (72 bytes).
    Removing bsp.o(.rev16_text), (4 bytes).
    Removing bsp.o(.revsh_text), (4 bytes).
    Removing bsp.o(i.bsp_button_is_pressed), (44 bytes).
    Removing bsp.o(i.bsp_buttons_disable), (8 bytes).
    Removing bsp.o(i.bsp_buttons_enable), (8 bytes).
    Removing bsp.o(i.bsp_buttons_state_get), (60 bytes).
    Removing bsp.o(i.bsp_indication_text_set), (8 bytes).
    Removing bsp.o(i.bsp_wakeup_buttons_set), (60 bytes).
    Removing nrf_delay.o(.rev16_text), (4 bytes).
    Removing nrf_delay.o(.revsh_text), (4 bytes).
    Removing nrf_drv_common.o(.rev16_text), (4 bytes).
    Removing nrf_drv_common.o(.revsh_text), (4 bytes).
    Removing nrf_drv_gpiote.o(.rev16_text), (4 bytes).
    Removing nrf_drv_gpiote.o(.revsh_text), (4 bytes).
    Removing nrf_drv_gpiote.o(i.nrf_drv_gpiote_in_event_addr_get), (24 bytes).
    Removing nrf_drv_gpiote.o(i.nrf_drv_gpiote_in_event_disable), (72 bytes).
    Removing nrf_drv_gpiote.o(i.nrf_drv_gpiote_in_uninit), (76 bytes).
    Removing nrf_drv_gpiote.o(i.nrf_drv_gpiote_out_clear), (16 bytes).
    Removing nrf_drv_gpiote.o(i.nrf_drv_gpiote_out_init), (152 bytes).
    Removing nrf_drv_gpiote.o(i.nrf_drv_gpiote_out_set), (16 bytes).
    Removing nrf_drv_gpiote.o(i.nrf_drv_gpiote_out_task_addr_get), (20 bytes).
    Removing nrf_drv_gpiote.o(i.nrf_drv_gpiote_out_task_disable), (32 bytes).
    Removing nrf_drv_gpiote.o(i.nrf_drv_gpiote_out_task_enable), (48 bytes).
    Removing nrf_drv_gpiote.o(i.nrf_drv_gpiote_out_task_force), (44 bytes).
    Removing nrf_drv_gpiote.o(i.nrf_drv_gpiote_out_task_trigger), (24 bytes).
    Removing nrf_drv_gpiote.o(i.nrf_drv_gpiote_out_toggle), (28 bytes).
    Removing nrf_drv_gpiote.o(i.nrf_drv_gpiote_out_uninit), (68 bytes).
    Removing nrf_drv_gpiote.o(i.nrf_drv_gpiote_uninit), (56 bytes).
    Removing nrf_drv_gpiote.o(i.nrf_gpio_cfg_default), (18 bytes).
    Removing nrf_drv_spi.o(.rev16_text), (4 bytes).
    Removing nrf_drv_spi.o(.revsh_text), (4 bytes).
    Removing app_button.o(.rev16_text), (4 bytes).
    Removing app_button.o(.revsh_text), (4 bytes).
    Removing app_button.o(i.app_button_disable), (44 bytes).
    Removing app_button.o(i.app_button_is_pushed), (44 bytes).
    Removing app_error.o(.rev16_text), (4 bytes).
    Removing app_error.o(.revsh_text), (4 bytes).
    Removing app_error.o(i.app_error_handler), (28 bytes).
    Removing app_timer.o(.rev16_text), (4 bytes).
    Removing app_timer.o(.revsh_text), (4 bytes).
    Removing app_timer.o(i.app_timer_cnt_diff_compute), (12 bytes).
    Removing app_timer.o(i.app_timer_cnt_get), (16 bytes).
    Removing app_timer.o(i.app_timer_stop_all), (68 bytes).
    Removing app_util_platform.o(.rev16_text), (4 bytes).
    Removing app_util_platform.o(.revsh_text), (4 bytes).
    Removing app_util_platform.o(i.critical_region_enter), (16 bytes).
    Removing app_util_platform.o(i.critical_region_exit), (20 bytes).
    Removing app_util_platform.o(.data), (4 bytes).
    Removing sparkfunlsm9ds1.o(.rev16_text), (4 bytes).
    Removing sparkfunlsm9ds1.o(.revsh_text), (4 bytes).
    Removing sparkfunlsm9ds1.o(i.LSM9DS1), (8 bytes).
    Removing sparkfunlsm9ds1.o(i.accelAvailable), (14 bytes).
    Removing sparkfunlsm9ds1.o(i.calcAccel), (20 bytes).
    Removing sparkfunlsm9ds1.o(i.calcGyro), (20 bytes).
    Removing sparkfunlsm9ds1.o(i.calcMag), (20 bytes).
    Removing sparkfunlsm9ds1.o(i.calibrate), (260 bytes).
    Removing sparkfunlsm9ds1.o(i.calibrateMag), (160 bytes).
    Removing sparkfunlsm9ds1.o(i.configAccelInt), (20 bytes).
    Removing sparkfunlsm9ds1.o(i.configAccelThs), (38 bytes).
    Removing sparkfunlsm9ds1.o(i.configGyroInt), (28 bytes).
    Removing sparkfunlsm9ds1.o(i.configGyroThs), (62 bytes).
    Removing sparkfunlsm9ds1.o(i.configInactivity), (32 bytes).
    Removing sparkfunlsm9ds1.o(i.configInt), (54 bytes).
    Removing sparkfunlsm9ds1.o(i.configMagInt), (40 bytes).
    Removing sparkfunlsm9ds1.o(i.configMagThs), (24 bytes).
    Removing sparkfunlsm9ds1.o(i.enableFIFO), (34 bytes).
    Removing sparkfunlsm9ds1.o(i.getAccelIntSrc), (22 bytes).
    Removing sparkfunlsm9ds1.o(i.getFIFOSamples), (24 bytes).
    Removing sparkfunlsm9ds1.o(i.getGyroIntSrc), (22 bytes).
    Removing sparkfunlsm9ds1.o(i.getInactivity), (14 bytes).
    Removing sparkfunlsm9ds1.o(i.getMagIntSrc), (22 bytes).
    Removing sparkfunlsm9ds1.o(i.gyroAvailable), (14 bytes).
    Removing sparkfunlsm9ds1.o(i.init), (160 bytes).
    Removing sparkfunlsm9ds1.o(i.magAvailable), (20 bytes).
    Removing sparkfunlsm9ds1.o(i.magOffset), (34 bytes).
    Removing sparkfunlsm9ds1.o(i.readAccelAxis), (48 bytes).
    Removing sparkfunlsm9ds1.o(i.readGyroAxis), (48 bytes).
    Removing sparkfunlsm9ds1.o(i.readMagAxis), (24 bytes).
    Removing sparkfunlsm9ds1.o(i.readTemp), (28 bytes).
    Removing sparkfunlsm9ds1.o(i.setAccelODR), (44 bytes).
    Removing sparkfunlsm9ds1.o(i.setAccelScale), (72 bytes).
    Removing sparkfunlsm9ds1.o(i.setFIFO), (26 bytes).
    Removing sparkfunlsm9ds1.o(i.setGyroODR), (44 bytes).
    Removing sparkfunlsm9ds1.o(i.setGyroScale), (72 bytes).
    Removing sparkfunlsm9ds1.o(i.setMagODR), (40 bytes).
    Removing sparkfunlsm9ds1.o(i.setMagScale), (72 bytes).
    Removing sparkfunlsm9ds1.o(i.sleepGyro), (34 bytes).
    Removing sparkfunlsm9ds1.o(i.tempAvailable), (14 bytes).
    Removing sfe_microoled.o(.rev16_text), (4 bytes).
    Removing sfe_microoled.o(.revsh_text), (4 bytes).
    Removing sfe_microoled.o(.emb_text), (30 bytes).
    Removing sfe_microoled.o(i.MicroOLED), (20 bytes).
    Removing sfe_microoled.o(i.circle), (20 bytes).
    Removing sfe_microoled.o(i.circleFill), (20 bytes).
    Removing sfe_microoled.o(i.circleFillcolor), (262 bytes).
    Removing sfe_microoled.o(i.circlecolor), (290 bytes).
    Removing sfe_microoled.o(i.contrast), (18 bytes).
    Removing sfe_microoled.o(i.drawBitmap), (28 bytes).
    Removing sfe_microoled.o(i.drawChar), (20 bytes).
    Removing sfe_microoled.o(i.drawCharcolor), (320 bytes).
    Removing sfe_microoled.o(i.flipHorizontal), (18 bytes).
    Removing sfe_microoled.o(i.flipVertical), (18 bytes).
    Removing sfe_microoled.o(i.getFontHeight), (12 bytes).
    Removing sfe_microoled.o(i.getFontStartChar), (12 bytes).
    Removing sfe_microoled.o(i.getFontTotalChar), (12 bytes).
    Removing sfe_microoled.o(i.getFontType), (12 bytes).
    Removing sfe_microoled.o(i.getFontWidth), (12 bytes).
    Removing sfe_microoled.o(i.getLCDHeight), (4 bytes).
    Removing sfe_microoled.o(i.getLCDWidth), (4 bytes).
    Removing sfe_microoled.o(i.getScreenBuffer), (8 bytes).
    Removing sfe_microoled.o(i.getTotalFonts), (4 bytes).
    Removing sfe_microoled.o(i.invert), (18 bytes).
    Removing sfe_microoled.o(i.line), (24 bytes).
    Removing sfe_microoled.o(i.lineH), (28 bytes).
    Removing sfe_microoled.o(i.lineHcolor), (20 bytes).
    Removing sfe_microoled.o(i.lineV), (28 bytes).
    Removing sfe_microoled.o(i.lineVcolor), (20 bytes).
    Removing sfe_microoled.o(i.linecolor), (160 bytes).
    Removing sfe_microoled.o(i.pixel), (24 bytes).
    Removing sfe_microoled.o(i.pixelcolor), (76 bytes).
    Removing sfe_microoled.o(i.rect), (24 bytes).
    Removing sfe_microoled.o(i.rectFill), (24 bytes).
    Removing sfe_microoled.o(i.rectFillcolor), (38 bytes).
    Removing sfe_microoled.o(i.rectcolor), (88 bytes).
    Removing sfe_microoled.o(i.scrollRight), (66 bytes).
    Removing sfe_microoled.o(i.scrollStop), (10 bytes).
    Removing sfe_microoled.o(i.setColor), (12 bytes).
    Removing sfe_microoled.o(i.setDrawMode), (12 bytes).
    Removing sfe_microoled.o(i.spiSetup), (2 bytes).
    Removing sfe_microoled.o(i.write), (76 bytes).
    Removing sfe_microoled.o(.data), (1 bytes).
    Removing arm_startup_nrf51.o(HEAP), (2048 bytes).
    Removing system_nrf51.o(.rev16_text), (4 bytes).
    Removing system_nrf51.o(.revsh_text), (4 bytes).
    Removing system_nrf51.o(i.SystemCoreClockUpdate), (16 bytes).
    Removing fmul.o(.text), (122 bytes).
    Removing ddiv.o(.text), (240 bytes).
    Removing fflti.o(.text), (22 bytes).
    Removing dfixi.o(.text), (72 bytes).
    Removing f2d.o(.text), (40 bytes).
    Removing depilogue.o(.text), (190 bytes).
    Removing depilogue.o(i.__ARM_clz), (46 bytes).

146 unused section(s) (total 7763 bytes) removed from the image.

==============================================================================

Image Symbol Table

    Local Symbols

    Symbol Name                              Value     Ov Type        Size  Object(Section)

    RESET                                    0x00000000   Section      192  arm_startup_nrf51.o(RESET)
    ../clib/../cmprslib/zerorunl2.c          0x00000000   Number         0  __dczerorl2.o ABSOLUTE
    ../clib/microlib/division.c              0x00000000   Number         0  uidiv.o ABSOLUTE
    ../clib/microlib/division.c              0x00000000   Number         0  idiv.o ABSOLUTE
    ../clib/microlib/init/entry.s            0x00000000   Number         0  entry11b.o ABSOLUTE
    ../clib/microlib/init/entry.s            0x00000000   Number         0  entry9a.o ABSOLUTE
    ../clib/microlib/init/entry.s            0x00000000   Number         0  entry11a.o ABSOLUTE
    ../clib/microlib/init/entry.s            0x00000000   Number         0  entry10b.o ABSOLUTE
    ../clib/microlib/init/entry.s            0x00000000   Number         0  entry10a.o ABSOLUTE
    ../clib/microlib/init/entry.s            0x00000000   Number         0  entry2.o ABSOLUTE
    ../clib/microlib/init/entry.s            0x00000000   Number         0  entry.o ABSOLUTE
    ../clib/microlib/init/entry.s            0x00000000   Number         0  entry5.o ABSOLUTE
    ../clib/microlib/init/entry.s            0x00000000   Number         0  entry7a.o ABSOLUTE
    ../clib/microlib/init/entry.s            0x00000000   Number         0  entry7b.o ABSOLUTE
    ../clib/microlib/init/entry.s            0x00000000   Number         0  entry9b.o ABSOLUTE
    ../clib/microlib/init/entry.s            0x00000000   Number         0  entry8a.o ABSOLUTE
    ../clib/microlib/init/entry.s            0x00000000   Number         0  entry8b.o ABSOLUTE
    ../clib/microlib/longlong.c              0x00000000   Number         0  llshl.o ABSOLUTE
    ../clib/microlib/longlong.c              0x00000000   Number         0  llushr.o ABSOLUTE
    ../clib/microlib/string/memset.c         0x00000000   Number         0  memseta.o ABSOLUTE
    ../clib/microlib/stubs.s                 0x00000000   Number         0  iusefp.o ABSOLUTE
    ../fplib/microlib/f2d.c                  0x00000000   Number         0  f2d.o ABSOLUTE
    ../fplib/microlib/fpdiv.c                0x00000000   Number         0  ddiv.o ABSOLUTE
    ../fplib/microlib/fpepilogue.c           0x00000000   Number         0  depilogue.o ABSOLUTE
    ../fplib/microlib/fpepilogue.c           0x00000000   Number         0  fepilogue.o ABSOLUTE
    ../fplib/microlib/fpfix.c                0x00000000   Number         0  dfixi.o ABSOLUTE
    ../fplib/microlib/fpflt.c                0x00000000   Number         0  ffltui.o ABSOLUTE
    ../fplib/microlib/fpflt.c                0x00000000   Number         0  fflti.o ABSOLUTE
    ../fplib/microlib/fpmul.c                0x00000000   Number         0  fmul.o ABSOLUTE
    ../fplib/microlib/fpscalb.c              0x00000000   Number         0  fscalb.o ABSOLUTE
    ..\..\..\..\..\components\drivers_nrf\common\nrf_drv_common.c 0x00000000   Number         0  nrf_drv_common.o ABSOLUTE
    ..\..\..\..\..\components\drivers_nrf\delay\nrf_delay.c 0x00000000   Number         0  nrf_delay.o ABSOLUTE
    ..\..\..\..\..\components\drivers_nrf\gpiote\nrf_drv_gpiote.c 0x00000000   Number         0  nrf_drv_gpiote.o ABSOLUTE
    ..\..\..\..\..\components\drivers_nrf\spi_master\nrf_drv_spi.c 0x00000000   Number         0  nrf_drv_spi.o ABSOLUTE
    ..\..\..\..\..\components\libraries\button\app_button.c 0x00000000   Number         0  app_button.o ABSOLUTE
    ..\..\..\..\..\components\libraries\timer\app_timer.c 0x00000000   Number         0  app_timer.o ABSOLUTE
    ..\..\..\..\..\components\libraries\util\app_error.c 0x00000000   Number         0  app_error.o ABSOLUTE
    ..\..\..\..\..\components\libraries\util\app_util_platform.c 0x00000000   Number         0  app_util_platform.o ABSOLUTE
    ..\..\..\..\..\components\libraries\util\nrf_assert.c 0x00000000   Number         0  nrf_assert.o ABSOLUTE
    ..\..\..\..\bsp\bsp.c                    0x00000000   Number         0  bsp.o ABSOLUTE
    ..\..\LSM9D\SparkFunLSM9DS1.c            0x00000000   Number         0  sparkfunlsm9ds1.o ABSOLUTE
    ..\..\SSD1306OLED\SFE_MicroOLED.c        0x00000000   Number         0  sfe_microoled.o ABSOLUTE
    ..\..\main.c                             0x00000000   Number         0  main.o ABSOLUTE
    ..\\..\\..\\..\\..\\components\\drivers_nrf\\common\\nrf_drv_common.c 0x00000000   Number         0  nrf_drv_common.o ABSOLUTE
    ..\\..\\..\\..\\..\\components\\drivers_nrf\\delay\\nrf_delay.c 0x00000000   Number         0  nrf_delay.o ABSOLUTE
    ..\\..\\..\\..\\..\\components\\drivers_nrf\\gpiote\\nrf_drv_gpiote.c 0x00000000   Number         0  nrf_drv_gpiote.o ABSOLUTE
    ..\\..\\..\\..\\..\\components\\drivers_nrf\\spi_master\\nrf_drv_spi.c 0x00000000   Number         0  nrf_drv_spi.o ABSOLUTE
    ..\\..\\..\\..\\..\\components\\libraries\\button\\app_button.c 0x00000000   Number         0  app_button.o ABSOLUTE
    ..\\..\\..\\..\\..\\components\\libraries\\timer\\app_timer.c 0x00000000   Number         0  app_timer.o ABSOLUTE
    ..\\..\\..\\..\\..\\components\\libraries\\util\\app_error.c 0x00000000   Number         0  app_error.o ABSOLUTE
    ..\\..\\..\\..\\..\\components\\libraries\\util\\app_util_platform.c 0x00000000   Number         0  app_util_platform.o ABSOLUTE
    ..\\..\\..\\..\\bsp\\bsp.c               0x00000000   Number         0  bsp.o ABSOLUTE
    ..\\..\\LSM9D\\SparkFunLSM9DS1.c         0x00000000   Number         0  sparkfunlsm9ds1.o ABSOLUTE
    ..\\..\\SSD1306OLED\\SFE_MicroOLED.c     0x00000000   Number         0  sfe_microoled.o ABSOLUTE
    ..\\..\\main.c                           0x00000000   Number         0  main.o ABSOLUTE
    RTE\Device\nRF51822_xxAB\arm_startup_nrf51.s 0x00000000   Number         0  arm_startup_nrf51.o ABSOLUTE
    RTE\Device\nRF51822_xxAB\system_nrf51.c  0x00000000   Number         0  system_nrf51.o ABSOLUTE
    RTE\\Device\\nRF51822_xxAB\\system_nrf51.c 0x00000000   Number         0  system_nrf51.o ABSOLUTE
    dc.s                                     0x00000000   Number         0  dc.o ABSOLUTE
    handlers.s                               0x00000000   Number         0  handlers.o ABSOLUTE
    init.s                                   0x00000000   Number         0  init.o ABSOLUTE
    .ARM.Collect$$$$00000000                 0x000000c0   Section        0  entry.o(.ARM.Collect$$$$00000000)
    .ARM.Collect$$$$00000001                 0x000000c0   Section        4  entry2.o(.ARM.Collect$$$$00000001)
    .ARM.Collect$$$$00000004                 0x000000c4   Section        4  entry5.o(.ARM.Collect$$$$00000004)
    .ARM.Collect$$$$00000008                 0x000000c8   Section        0  entry7b.o(.ARM.Collect$$$$00000008)
    .ARM.Collect$$$$0000000A                 0x000000c8   Section        0  entry8b.o(.ARM.Collect$$$$0000000A)
    .ARM.Collect$$$$0000000B                 0x000000c8   Section        8  entry9a.o(.ARM.Collect$$$$0000000B)
    .ARM.Collect$$$$0000000D                 0x000000d0   Section        0  entry10a.o(.ARM.Collect$$$$0000000D)
    .ARM.Collect$$$$0000000F                 0x000000d0   Section        0  entry11a.o(.ARM.Collect$$$$0000000F)
    .ARM.Collect$$$$00002712                 0x000000d0   Section        4  entry2.o(.ARM.Collect$$$$00002712)
    __lit__00000000                          0x000000d0   Data           4  entry2.o(.ARM.Collect$$$$00002712)
    .emb_text                                0x000000d4   Section       30  nrf_delay.o(.emb_text)
    .emb_text                                0x000000f4   Section       30  app_timer.o(.emb_text)
    .text                                    0x00000114   Section       56  arm_startup_nrf51.o(.text)
    .text                                    0x0000014c   Section        0  uidiv.o(.text)
    .text                                    0x00000178   Section        0  memseta.o(.text)
    .text                                    0x0000019c   Section        0  fscalb.o(.text)
    .text                                    0x000001b4   Section        0  ffltui.o(.text)
    .text                                    0x000001c2   Section        0  iusefp.o(.text)
    .text                                    0x000001c2   Section        0  fepilogue.o(.text)
    .text                                    0x00000244   Section       36  init.o(.text)
    .text                                    0x00000268   Section        0  __dczerorl2.o(.text)
    i.GPIOTE_IRQHandler                      0x000002c0   Section        0  nrf_drv_gpiote.o(i.GPIOTE_IRQHandler)
    i.IMUbegin                               0x000003c8   Section        0  sparkfunlsm9ds1.o(i.IMUbegin)
    i.NVIC_SetPriority                       0x00000424   Section        0  app_timer.o(i.NVIC_SetPriority)
    NVIC_SetPriority                         0x00000425   Thumb Code    60  app_timer.o(i.NVIC_SetPriority)
    i.Oledbegin                              0x00000468   Section        0  sfe_microoled.o(i.Oledbegin)
    i.RTC1_IRQHandler                        0x00000548   Section        0  app_timer.o(i.RTC1_IRQHandler)
    i.SPI0MaterInit_forSSD1306               0x00000568   Section        0  main.o(i.SPI0MaterInit_forSSD1306)
    i.SPI0_TWI0_IRQHandler                   0x000005b0   Section        0  nrf_drv_spi.o(i.SPI0_TWI0_IRQHandler)
    i.SPI1MaterInit_forLSM9DS1               0x000005c4   Section        0  main.o(i.SPI1MaterInit_forLSM9DS1)
    i.SPI1_TWI1_IRQHandler                   0x0000060c   Section        0  nrf_drv_spi.o(i.SPI1_TWI1_IRQHandler)
    i.SPIreadByte                            0x00000620   Section        0  sparkfunlsm9ds1.o(i.SPIreadByte)
    i.SPIreadBytes                           0x00000630   Section        0  sparkfunlsm9ds1.o(i.SPIreadBytes)
    i.SPItransfer                            0x0000067c   Section        0  sparkfunlsm9ds1.o(i.SPItransfer)
    i.SPIwriteByte                           0x000006a0   Section        0  sparkfunlsm9ds1.o(i.SPIwriteByte)
    i.SWI0_IRQHandler                        0x000006c8   Section        0  app_timer.o(i.SWI0_IRQHandler)
    i.SystemInit                             0x000006d0   Section        0  system_nrf51.o(i.SystemInit)
    i.__ARM_common_switch8                   0x00000724   Section        0  bsp.o(i.__ARM_common_switch8)
    i.__scatterload_copy                     0x0000073e   Section       14  handlers.o(i.__scatterload_copy)
    i.__scatterload_null                     0x0000074c   Section        2  handlers.o(i.__scatterload_null)
    i.__scatterload_zeroinit                 0x0000074e   Section       14  handlers.o(i.__scatterload_zeroinit)
    i.alert_timer_handler                    0x0000075c   Section        0  bsp.o(i.alert_timer_handler)
    alert_timer_handler                      0x0000075d   Thumb Code    20  bsp.o(i.alert_timer_handler)
    i.app_button_enable                      0x00000774   Section        0  app_button.o(i.app_button_enable)
    i.app_button_init                        0x00000798   Section        0  app_button.o(i.app_button_init)
    i.app_error_handler                      0x0000080c   Section        0  main.o(i.app_error_handler)
    i.app_timer_create                       0x00000814   Section        0  app_timer.o(i.app_timer_create)
    i.app_timer_init                         0x00000840   Section        0  app_timer.o(i.app_timer_init)
    i.app_timer_start                        0x000008d0   Section        0  app_timer.o(i.app_timer_start)
    i.app_timer_stop                         0x0000094c   Section        0  app_timer.o(i.app_timer_stop)
    i.bsp_button_event_handler               0x000009a0   Section        0  bsp.o(i.bsp_button_event_handler)
    bsp_button_event_handler                 0x000009a1   Thumb Code   148  bsp.o(i.bsp_button_event_handler)
    i.bsp_configuration                      0x00000a40   Section        0  main.o(i.bsp_configuration)
    i.bsp_event_to_button_action_assign      0x00000a98   Section        0  bsp.o(i.bsp_event_to_button_action_assign)
    i.bsp_indication_set                     0x00000ae0   Section        0  bsp.o(i.bsp_indication_set)
    i.bsp_init                               0x00000afc   Section        0  bsp.o(i.bsp_init)
    i.bsp_led_indication                     0x00000b9c   Section        0  bsp.o(i.bsp_led_indication)
    bsp_led_indication                       0x00000b9d   Thumb Code   492  bsp.o(i.bsp_led_indication)
    i.button_timer_handler                   0x00000d94   Section        0  bsp.o(i.button_timer_handler)
    button_timer_handler                     0x00000d95   Thumb Code    12  bsp.o(i.button_timer_handler)
    i.calcaRes                               0x00000da0   Section        0  sparkfunlsm9ds1.o(i.calcaRes)
    i.calcgRes                               0x00000dc0   Section        0  sparkfunlsm9ds1.o(i.calcgRes)
    i.calcmRes                               0x00000de0   Section        0  sparkfunlsm9ds1.o(i.calcmRes)
    i.channel_free                           0x00000e14   Section        0  nrf_drv_gpiote.o(i.channel_free)
    channel_free                             0x00000e15   Thumb Code    22  nrf_drv_gpiote.o(i.channel_free)
    i.channel_port_alloc                     0x00000e30   Section        0  nrf_drv_gpiote.o(i.channel_port_alloc)
    channel_port_alloc                       0x00000e31   Thumb Code    66  nrf_drv_gpiote.o(i.channel_port_alloc)
    i.channel_port_get                       0x00000e78   Section        0  nrf_drv_gpiote.o(i.channel_port_get)
    channel_port_get                         0x00000e79   Thumb Code    10  nrf_drv_gpiote.o(i.channel_port_get)
    i.check_buf_equal                        0x00000e88   Section        0  main.o(i.check_buf_equal)
    check_buf_equal                          0x00000e89   Thumb Code    30  main.o(i.check_buf_equal)
    i.clear                                  0x00000ea8   Section        0  sfe_microoled.o(i.clear)
    i.command                                0x00000ee4   Section        0  sfe_microoled.o(i.command)
    i.compare_reg_update                     0x00000f10   Section        0  app_timer.o(i.compare_reg_update)
    compare_reg_update                       0x00000f11   Thumb Code   142  app_timer.o(i.compare_reg_update)
    i.constrainScales                        0x00000fb8   Section        0  sparkfunlsm9ds1.o(i.constrainScales)
    i.data                                   0x0000100c   Section        0  sfe_microoled.o(i.data)
    i.detection_delay_timeout_handler        0x00001038   Section        0  app_button.o(i.detection_delay_timeout_handler)
    detection_delay_timeout_handler          0x00001039   Thumb Code    90  app_button.o(i.detection_delay_timeout_handler)
    i.display                                0x00001098   Section        0  sfe_microoled.o(i.display)
    i.elapsed_ticks_acquire                  0x000010cc   Section        0  app_timer.o(i.elapsed_ticks_acquire)
    elapsed_ticks_acquire                    0x000010cd   Thumb Code    58  app_timer.o(i.elapsed_ticks_acquire)
    i.gpiote_event_handler                   0x0000110c   Section        0  app_button.o(i.gpiote_event_handler)
    gpiote_event_handler                     0x0000110d   Thumb Code    72  app_button.o(i.gpiote_event_handler)
    i.initAccel                              0x0000115c   Section        0  sparkfunlsm9ds1.o(i.initAccel)
    i.initGyro                               0x000011e4   Section        0  sparkfunlsm9ds1.o(i.initGyro)
    i.initMag                                0x0000129c   Section        0  sparkfunlsm9ds1.o(i.initMag)
    i.initSPI                                0x00001314   Section        0  sparkfunlsm9ds1.o(i.initSPI)
    i.irq_handler_spi                        0x00001338   Section        0  nrf_drv_spi.o(i.irq_handler_spi)
    irq_handler_spi                          0x00001339   Thumb Code    42  nrf_drv_spi.o(i.irq_handler_spi)
    i.is_manual_peripheral_setup_needed      0x00001364   Section        0  system_nrf51.o(i.is_manual_peripheral_setup_needed)
    is_manual_peripheral_setup_needed        0x00001365   Thumb Code    66  system_nrf51.o(i.is_manual_peripheral_setup_needed)
    i.leds_timer_handler                     0x000013ac   Section        0  bsp.o(i.leds_timer_handler)
    leds_timer_handler                       0x000013ad   Thumb Code    18  bsp.o(i.leds_timer_handler)
    i.list_deletions_handler                 0x000013c4   Section        0  app_timer.o(i.list_deletions_handler)
    list_deletions_handler                   0x000013c5   Thumb Code   180  app_timer.o(i.list_deletions_handler)
    i.list_insertions_handler                0x00001480   Section        0  app_timer.o(i.list_insertions_handler)
    list_insertions_handler                  0x00001481   Thumb Code   202  app_timer.o(i.list_insertions_handler)
    i.mReadByte                              0x00001554   Section        0  sparkfunlsm9ds1.o(i.mReadByte)
    i.mReadBytes                             0x00001568   Section        0  sparkfunlsm9ds1.o(i.mReadBytes)
    i.mWriteByte                             0x00001580   Section        0  sparkfunlsm9ds1.o(i.mWriteByte)
    i.main                                   0x00001594   Section        0  main.o(i.main)
    i.nrf_delay_ms                           0x000015d4   Section        0  nrf_delay.o(i.nrf_delay_ms)
    i.nrf_drv_common_irq_enable              0x000015f0   Section        0  nrf_drv_common.o(i.nrf_drv_common_irq_enable)
    i.nrf_drv_gpiote_in_event_enable         0x00001650   Section        0  nrf_drv_gpiote.o(i.nrf_drv_gpiote_in_event_enable)
    i.nrf_drv_gpiote_in_init                 0x000016f0   Section        0  nrf_drv_gpiote.o(i.nrf_drv_gpiote_in_init)
    i.nrf_drv_gpiote_in_is_set               0x00001794   Section        0  nrf_drv_gpiote.o(i.nrf_drv_gpiote_in_is_set)
    i.nrf_drv_gpiote_init                    0x000017a8   Section        0  nrf_drv_gpiote.o(i.nrf_drv_gpiote_init)
    i.nrf_drv_gpiote_is_init                 0x000017fc   Section        0  nrf_drv_gpiote.o(i.nrf_drv_gpiote_is_init)
    i.nrf_drv_spi_init                       0x0000180c   Section        0  nrf_drv_spi.o(i.nrf_drv_spi_init)
    i.nrf_drv_spi_transfer                   0x00001930   Section        0  nrf_drv_spi.o(i.nrf_drv_spi_transfer)
    i.nrf_drv_spi_uninit                     0x000019ec   Section        0  nrf_drv_spi.o(i.nrf_drv_spi_uninit)
    i.nrf_gpio_cfg                           0x00001a34   Section        0  nrf_drv_gpiote.o(i.nrf_gpio_cfg)
    nrf_gpio_cfg                             0x00001a35   Thumb Code    32  nrf_drv_gpiote.o(i.nrf_gpio_cfg)
    i.nrf_gpio_cfg                           0x00001a58   Section        0  nrf_drv_spi.o(i.nrf_gpio_cfg)
    nrf_gpio_cfg                             0x00001a59   Thumb Code    32  nrf_drv_spi.o(i.nrf_gpio_cfg)
    i.nrf_gpio_cfg_output                    0x00001a7c   Section        0  nrf_drv_spi.o(i.nrf_gpio_cfg_output)
    nrf_gpio_cfg_output                      0x00001a7d   Thumb Code    20  nrf_drv_spi.o(i.nrf_gpio_cfg_output)
    i.nrf_gpio_cfg_output                    0x00001a90   Section        0  sparkfunlsm9ds1.o(i.nrf_gpio_cfg_output)
    nrf_gpio_cfg_output                      0x00001a91   Thumb Code    12  sparkfunlsm9ds1.o(i.nrf_gpio_cfg_output)
    i.nrf_gpio_cfg_output                    0x00001aa0   Section        0  sfe_microoled.o(i.nrf_gpio_cfg_output)
    nrf_gpio_cfg_output                      0x00001aa1   Thumb Code    12  sfe_microoled.o(i.nrf_gpio_cfg_output)
    i.nrf_gpio_cfg_sense_set                 0x00001ab0   Section        0  nrf_drv_gpiote.o(i.nrf_gpio_cfg_sense_set)
    nrf_gpio_cfg_sense_set                   0x00001ab1   Thumb Code    26  nrf_drv_gpiote.o(i.nrf_gpio_cfg_sense_set)
    i.nrf_gpio_pin_clear                     0x00001ad0   Section        0  sfe_microoled.o(i.nrf_gpio_pin_clear)
    nrf_gpio_pin_clear                       0x00001ad1   Thumb Code    10  sfe_microoled.o(i.nrf_gpio_pin_clear)
    i.nrf_gpio_pin_set                       0x00001ae0   Section        0  nrf_drv_spi.o(i.nrf_gpio_pin_set)
    nrf_gpio_pin_set                         0x00001ae1   Thumb Code    10  nrf_drv_spi.o(i.nrf_gpio_pin_set)
    i.nrf_gpio_pin_set                       0x00001af0   Section        0  sparkfunlsm9ds1.o(i.nrf_gpio_pin_set)
    nrf_gpio_pin_set                         0x00001af1   Thumb Code    10  sparkfunlsm9ds1.o(i.nrf_gpio_pin_set)
    i.nrf_gpio_pin_set                       0x00001b00   Section        0  sfe_microoled.o(i.nrf_gpio_pin_set)
    nrf_gpio_pin_set                         0x00001b01   Thumb Code    10  sfe_microoled.o(i.nrf_gpio_pin_set)
    i.nrf_gpiote_event_is_set                0x00001b10   Section        0  nrf_drv_gpiote.o(i.nrf_gpiote_event_is_set)
    nrf_gpiote_event_is_set                  0x00001b11   Thumb Code    14  nrf_drv_gpiote.o(i.nrf_gpiote_event_is_set)
    i.pin_in_use_by_port                     0x00001b24   Section        0  nrf_drv_gpiote.o(i.pin_in_use_by_port)
    pin_in_use_by_port                       0x00001b25   Thumb Code    20  nrf_drv_gpiote.o(i.pin_in_use_by_port)
    i.pin_in_use_by_te                       0x00001b3c   Section        0  nrf_drv_gpiote.o(i.pin_in_use_by_te)
    pin_in_use_by_te                         0x00001b3d   Thumb Code    20  nrf_drv_gpiote.o(i.pin_in_use_by_te)
    i.readAccel                              0x00001b54   Section        0  sparkfunlsm9ds1.o(i.readAccel)
    i.readGyro                               0x00001b98   Section        0  sparkfunlsm9ds1.o(i.readGyro)
    i.readMag                                0x00001bdc   Section        0  sparkfunlsm9ds1.o(i.readMag)
    i.rtc1_stop                              0x00001c04   Section        0  app_timer.o(i.rtc1_stop)
    rtc1_stop                                0x00001c05   Thumb Code    50  app_timer.o(i.rtc1_stop)
    i.setColumnAddress                       0x00001c48   Section        0  sfe_microoled.o(i.setColumnAddress)
    i.setCursor                              0x00001c60   Section        0  sfe_microoled.o(i.setCursor)
    i.setFontType                            0x00001c6c   Section        0  sfe_microoled.o(i.setFontType)
    i.setPageAddress                         0x00001ca4   Section        0  sfe_microoled.o(i.setPageAddress)
    i.spiTransfer                            0x00001cb0   Section        0  sfe_microoled.o(i.spiTransfer)
    i.spi_master_0_event_handler             0x00001cd0   Section        0  main.o(i.spi_master_0_event_handler)
    i.timer_list_handler                     0x00001d18   Section        0  app_timer.o(i.timer_list_handler)
    timer_list_handler                       0x00001d19   Thumb Code   128  app_timer.o(i.timer_list_handler)
    i.timer_list_handler_sched               0x00001d9c   Section        0  app_timer.o(i.timer_list_handler_sched)
    timer_list_handler_sched                 0x00001d9d   Thumb Code    10  app_timer.o(i.timer_list_handler_sched)
    i.timer_list_insert                      0x00001dac   Section        0  app_timer.o(i.timer_list_insert)
    timer_list_insert                        0x00001dad   Thumb Code    60  app_timer.o(i.timer_list_insert)
    i.timer_timeouts_check                   0x00001dec   Section        0  app_timer.o(i.timer_timeouts_check)
    timer_timeouts_check                     0x00001ded   Thumb Code   122  app_timer.o(i.timer_timeouts_check)
    i.transfer_byte                          0x00001e70   Section        0  nrf_drv_spi.o(i.transfer_byte)
    transfer_byte                            0x00001e71   Thumb Code    80  nrf_drv_spi.o(i.transfer_byte)
    i.user_id_get                            0x00001ec0   Section        0  app_timer.o(i.user_id_get)
    user_id_get                              0x00001ec1   Thumb Code    74  app_timer.o(i.user_id_get)
    i.user_op_alloc                          0x00001f14   Section        0  app_timer.o(i.user_op_alloc)
    user_op_alloc                            0x00001f15   Thumb Code    38  app_timer.o(i.user_op_alloc)
    i.xgReadByte                             0x00001f3c   Section        0  sparkfunlsm9ds1.o(i.xgReadByte)
    i.xgReadBytes                            0x00001f50   Section        0  sparkfunlsm9ds1.o(i.xgReadBytes)
    i.xgWriteByte                            0x00001f68   Section        0  sparkfunlsm9ds1.o(i.xgWriteByte)
    .constdata                               0x00001f7c   Section       48  main.o(.constdata)
    m_spi_master_0                           0x00001f7c   Data           8  main.o(.constdata)
    m_spi_master_1                           0x00001f84   Data           8  main.o(.constdata)
    .constdata                               0x00001fac   Section       60  bsp.o(.constdata)
    m_leds_timer_id                          0x00001fac   Data           4  bsp.o(.constdata)
    m_alert_timer_id                         0x00001fb0   Data           4  bsp.o(.constdata)
    m_button_timer_id                        0x00001fb4   Data           4  bsp.o(.constdata)
    m_buttons_list                           0x00001fb8   Data          16  bsp.o(.constdata)
    app_buttons                              0x00001fc8   Data          32  bsp.o(.constdata)
    .constdata                               0x00001fe8   Section       32  nrf_drv_spi.o(.constdata)
    m_default_config                         0x00001fe8   Data          32  nrf_drv_spi.o(.constdata)
    .constdata                               0x00002008   Section        8  app_button.o(.constdata)
    m_detection_delay_timer_id               0x00002008   Data           4  app_button.o(.constdata)
    .constdata                               0x00002010   Section     1281  sfe_microoled.o(.constdata)
    font5x7                                  0x00002010   Data        1281  sfe_microoled.o(.constdata)
    .constdata                               0x00002511   Section     1542  sfe_microoled.o(.constdata)
    font8x16                                 0x00002511   Data        1542  sfe_microoled.o(.constdata)
    .constdata                               0x00002b17   Section      798  sfe_microoled.o(.constdata)
    fontlargenumber                          0x00002b17   Data         798  sfe_microoled.o(.constdata)
    .constdata                               0x00002e35   Section      246  sfe_microoled.o(.constdata)
    sevensegment                             0x00002e35   Data         246  sfe_microoled.o(.constdata)
    .data                                    0x20000000   Section        1  main.o(.data)
    m_transfer_completed                     0x20000000   Data           1  main.o(.data)
    .data                                    0x20000004   Section       24  bsp.o(.data)
    m_stable_state                           0x20000004   Data           1  bsp.o(.data)
    current_long_push_pin_no                 0x20000005   Data           1  bsp.o(.data)
    m_app_ticks_per_100ms                    0x20000008   Data           4  bsp.o(.data)
    m_indication_type                        0x2000000c   Data           4  bsp.o(.data)
    m_alert_mask                             0x20000010   Data           4  bsp.o(.data)
    m_registered_callback                    0x20000014   Data           4  bsp.o(.data)
    release_event_at_push                    0x20000018   Data           4  bsp.o(.data)
    .data                                    0x2000001c   Section       20  app_button.o(.data)
    m_button_count                           0x2000001c   Data           1  app_button.o(.data)
    mp_buttons                               0x20000020   Data           4  app_button.o(.data)
    m_detection_delay                        0x20000024   Data           4  app_button.o(.data)
    m_pin_state                              0x20000028   Data           4  app_button.o(.data)
    m_pin_transition                         0x2000002c   Data           4  app_button.o(.data)
    .data                                    0x20000030   Section       32  app_timer.o(.data)
    m_user_array_size                        0x20000030   Data           1  app_timer.o(.data)
    m_ticks_elapsed_q_read_ind               0x20000031   Data           1  app_timer.o(.data)
    m_ticks_elapsed_q_write_ind              0x20000032   Data           1  app_timer.o(.data)
    m_rtc1_running                           0x20000033   Data           1  app_timer.o(.data)
    m_rtc1_reset                             0x20000034   Data           1  app_timer.o(.data)
    mp_users                                 0x20000038   Data           4  app_timer.o(.data)
    mp_timer_id_head                         0x2000003c   Data           4  app_timer.o(.data)
    m_ticks_latest                           0x20000040   Data           4  app_timer.o(.data)
    m_evt_schedule_func                      0x20000044   Data           4  app_timer.o(.data)
    m_ticks_elapsed                          0x20000048   Data           8  app_timer.o(.data)
    .data                                    0x20000050   Section       76  sparkfunlsm9ds1.o(.data)
    .data                                    0x2000009c   Section      420  sfe_microoled.o(.data)
    fontsPointer                             0x200000b0   Data          16  sfe_microoled.o(.data)
    screenmemory                             0x200000c0   Data         384  sfe_microoled.o(.data)
    .data                                    0x20000240   Section        4  system_nrf51.o(.data)
    __tagsym$$used                           0x20000240   Number         0  system_nrf51.o(.data)
    .bss                                     0x20000244   Section      512  main.o(.bss)
    APP_TIMER_BUF                            0x20000244   Data         312  main.o(.bss)
    m_tx_data_spi                            0x2000037c   Data         100  main.o(.bss)
    m_rx_data_spi                            0x200003e0   Data         100  main.o(.bss)
    .bss                                     0x20000444   Section       32  bsp.o(.bss)
    m_leds_timer_id_data                     0x20000444   Data          32  bsp.o(.bss)
    .bss                                     0x20000464   Section       32  bsp.o(.bss)
    m_alert_timer_id_data                    0x20000464   Data          32  bsp.o(.bss)
    .bss                                     0x20000484   Section       12  bsp.o(.bss)
    m_events_list                            0x20000484   Data          12  bsp.o(.bss)
    .bss                                     0x20000490   Section       32  bsp.o(.bss)
    m_button_timer_id_data                   0x20000490   Data          32  bsp.o(.bss)
    .bss                                     0x200004b0   Section       72  nrf_drv_gpiote.o(.bss)
    m_cb                                     0x200004b0   Data          72  nrf_drv_gpiote.o(.bss)
    .bss                                     0x200004f8   Section       48  nrf_drv_spi.o(.bss)
    m_cb                                     0x200004f8   Data          48  nrf_drv_spi.o(.bss)
    .bss                                     0x20000528   Section       32  app_button.o(.bss)
    m_detection_delay_timer_id_data          0x20000528   Data          32  app_button.o(.bss)
    .bss                                     0x20000548   Section       76  sparkfunlsm9ds1.o(.bss)
    STACK                                    0x20000598   Section     2048  arm_startup_nrf51.o(STACK)

    Global Symbols

    Symbol Name                              Value     Ov Type        Size  Object(Section)

    BuildAttributes$$THM_ISAv3M$S$PE$A:L22$X:L11$S22$IEEE1$IW$USESV6$~STKCKD$USESV7$~SHL$OTIME$ROPI$EBA8$MICROLIB$REQ8$PRES8$EABIv2 0x00000000   Number         0  anon$$obj.o ABSOLUTE
    __ARM_use_no_argv                        0x00000000   Number         0  main.o ABSOLUTE
    __Vectors                                0x00000000   Data           4  arm_startup_nrf51.o(RESET)
    __cpp_initialize__aeabi_                  - Undefined Weak Reference
    __cxa_finalize                            - Undefined Weak Reference
    _clock_init                               - Undefined Weak Reference
    _microlib_exit                            - Undefined Weak Reference
    __Vectors_End                            0x000000c0   Data           0  arm_startup_nrf51.o(RESET)
    __Vectors_Size                           0x000000c0   Number         0  arm_startup_nrf51.o ABSOLUTE
    __main                                   0x000000c1   Thumb Code     0  entry.o(.ARM.Collect$$$$00000000)
    _main_stk                                0x000000c1   Thumb Code     0  entry2.o(.ARM.Collect$$$$00000001)
    _main_scatterload                        0x000000c5   Thumb Code     0  entry5.o(.ARM.Collect$$$$00000004)
    __main_after_scatterload                 0x000000c9   Thumb Code     0  entry5.o(.ARM.Collect$$$$00000004)
    _main_clock                              0x000000c9   Thumb Code     0  entry7b.o(.ARM.Collect$$$$00000008)
    _main_cpp_init                           0x000000c9   Thumb Code     0  entry8b.o(.ARM.Collect$$$$0000000A)
    _main_init                               0x000000c9   Thumb Code     0  entry9a.o(.ARM.Collect$$$$0000000B)
    __rt_final_cpp                           0x000000d1   Thumb Code     0  entry10a.o(.ARM.Collect$$$$0000000D)
    __rt_final_exit                          0x000000d1   Thumb Code     0  entry11a.o(.ARM.Collect$$$$0000000F)
    __asm___11_nrf_delay_c_532987f3__nrf_delay_us 0x000000d5   Thumb Code    30  nrf_delay.o(.emb_text)
    __asm___11_app_timer_c_cd27f9c3__nrf_delay_us 0x000000f5   Thumb Code    30  app_timer.o(.emb_text)
    Reset_Handler                            0x00000115   Thumb Code    26  arm_startup_nrf51.o(.text)
    NMI_Handler                              0x0000012f   Thumb Code     2  arm_startup_nrf51.o(.text)
    HardFault_Handler                        0x00000131   Thumb Code     2  arm_startup_nrf51.o(.text)
    SVC_Handler                              0x00000133   Thumb Code     2  arm_startup_nrf51.o(.text)
    PendSV_Handler                           0x00000135   Thumb Code     2  arm_startup_nrf51.o(.text)
    SysTick_Handler                          0x00000137   Thumb Code     2  arm_startup_nrf51.o(.text)
    ADC_IRQHandler                           0x00000139   Thumb Code     0  arm_startup_nrf51.o(.text)
    CCM_AAR_IRQHandler                       0x00000139   Thumb Code     0  arm_startup_nrf51.o(.text)
    ECB_IRQHandler                           0x00000139   Thumb Code     0  arm_startup_nrf51.o(.text)
    LPCOMP_IRQHandler                        0x00000139   Thumb Code     0  arm_startup_nrf51.o(.text)
    POWER_CLOCK_IRQHandler                   0x00000139   Thumb Code     0  arm_startup_nrf51.o(.text)
    QDEC_IRQHandler                          0x00000139   Thumb Code     0  arm_startup_nrf51.o(.text)
    RADIO_IRQHandler                         0x00000139   Thumb Code     0  arm_startup_nrf51.o(.text)
    RNG_IRQHandler                           0x00000139   Thumb Code     0  arm_startup_nrf51.o(.text)
    RTC0_IRQHandler                          0x00000139   Thumb Code     0  arm_startup_nrf51.o(.text)
    SWI1_IRQHandler                          0x00000139   Thumb Code     0  arm_startup_nrf51.o(.text)
    SWI2_IRQHandler                          0x00000139   Thumb Code     0  arm_startup_nrf51.o(.text)
    SWI3_IRQHandler                          0x00000139   Thumb Code     0  arm_startup_nrf51.o(.text)
    SWI4_IRQHandler                          0x00000139   Thumb Code     0  arm_startup_nrf51.o(.text)
    SWI5_IRQHandler                          0x00000139   Thumb Code     0  arm_startup_nrf51.o(.text)
    TEMP_IRQHandler                          0x00000139   Thumb Code     0  arm_startup_nrf51.o(.text)
    TIMER0_IRQHandler                        0x00000139   Thumb Code     0  arm_startup_nrf51.o(.text)
    TIMER1_IRQHandler                        0x00000139   Thumb Code     0  arm_startup_nrf51.o(.text)
    TIMER2_IRQHandler                        0x00000139   Thumb Code     0  arm_startup_nrf51.o(.text)
    UART0_IRQHandler                         0x00000139   Thumb Code     0  arm_startup_nrf51.o(.text)
    WDT_IRQHandler                           0x00000139   Thumb Code     0  arm_startup_nrf51.o(.text)
    __aeabi_uidiv                            0x0000014d   Thumb Code     0  uidiv.o(.text)
    __aeabi_uidivmod                         0x0000014d   Thumb Code    44  uidiv.o(.text)
    __aeabi_memset                           0x00000179   Thumb Code    14  memseta.o(.text)
    __aeabi_memset4                          0x00000179   Thumb Code     0  memseta.o(.text)
    __aeabi_memset8                          0x00000179   Thumb Code     0  memseta.o(.text)
    __aeabi_memclr                           0x00000187   Thumb Code     4  memseta.o(.text)
    __aeabi_memclr4                          0x00000187   Thumb Code     0  memseta.o(.text)
    __aeabi_memclr8                          0x00000187   Thumb Code     0  memseta.o(.text)
    _memset$wrapper                          0x0000018b   Thumb Code    18  memseta.o(.text)
    __ARM_scalbnf                            0x0000019d   Thumb Code    24  fscalb.o(.text)
    scalbnf                                  0x0000019d   Thumb Code     0  fscalb.o(.text)
    __aeabi_ui2f                             0x000001b5   Thumb Code    14  ffltui.o(.text)
    __I$use$fp                               0x000001c3   Thumb Code     0  iusefp.o(.text)
    _float_round                             0x000001c3   Thumb Code    16  fepilogue.o(.text)
    _float_epilogue                          0x000001d3   Thumb Code   114  fepilogue.o(.text)
    __scatterload                            0x00000245   Thumb Code    28  init.o(.text)
    __scatterload_rt2                        0x00000245   Thumb Code     0  init.o(.text)
    __decompress                             0x00000269   Thumb Code     0  __dczerorl2.o(.text)
    __decompress1                            0x00000269   Thumb Code    86  __dczerorl2.o(.text)
    GPIOTE_IRQHandler                        0x000002c1   Thumb Code   234  nrf_drv_gpiote.o(i.GPIOTE_IRQHandler)
    IMUbegin                                 0x000003c9   Thumb Code    78  sparkfunlsm9ds1.o(i.IMUbegin)
    Oledbegin                                0x00000469   Thumb Code   218  sfe_microoled.o(i.Oledbegin)
    RTC1_IRQHandler                          0x00000549   Thumb Code    28  app_timer.o(i.RTC1_IRQHandler)
    SPI0MaterInit_forSSD1306                 0x00000569   Thumb Code    58  main.o(i.SPI0MaterInit_forSSD1306)
    SPI0_TWI0_IRQHandler                     0x000005b1   Thumb Code    12  nrf_drv_spi.o(i.SPI0_TWI0_IRQHandler)
    SPI1MaterInit_forLSM9DS1                 0x000005c5   Thumb Code    58  main.o(i.SPI1MaterInit_forLSM9DS1)
    SPI1_TWI1_IRQHandler                     0x0000060d   Thumb Code    12  nrf_drv_spi.o(i.SPI1_TWI1_IRQHandler)
    SPIreadByte                              0x00000621   Thumb Code    16  sparkfunlsm9ds1.o(i.SPIreadByte)
    SPIreadBytes                             0x00000631   Thumb Code    68  sparkfunlsm9ds1.o(i.SPIreadBytes)
    SPItransfer                              0x0000067d   Thumb Code    30  sparkfunlsm9ds1.o(i.SPItransfer)
    SPIwriteByte                             0x000006a1   Thumb Code    36  sparkfunlsm9ds1.o(i.SPIwriteByte)
    SWI0_IRQHandler                          0x000006c9   Thumb Code     8  app_timer.o(i.SWI0_IRQHandler)
    SystemInit                               0x000006d1   Thumb Code    64  system_nrf51.o(i.SystemInit)
    __ARM_common_switch8                     0x00000725   Thumb Code    26  bsp.o(i.__ARM_common_switch8)
    __scatterload_copy                       0x0000073f   Thumb Code    14  handlers.o(i.__scatterload_copy)
    __scatterload_null                       0x0000074d   Thumb Code     2  handlers.o(i.__scatterload_null)
    __scatterload_zeroinit                   0x0000074f   Thumb Code    14  handlers.o(i.__scatterload_zeroinit)
    app_button_enable                        0x00000775   Thumb Code    32  app_button.o(i.app_button_enable)
    app_button_init                          0x00000799   Thumb Code   100  app_button.o(i.app_button_init)
    app_error_handler                        0x0000080d   Thumb Code     8  main.o(i.app_error_handler)
    app_timer_create                         0x00000815   Thumb Code    40  app_timer.o(i.app_timer_create)
    app_timer_init                           0x00000841   Thumb Code   126  app_timer.o(i.app_timer_init)
    app_timer_start                          0x000008d1   Thumb Code   114  app_timer.o(i.app_timer_start)
    app_timer_stop                           0x0000094d   Thumb Code    78  app_timer.o(i.app_timer_stop)
    bsp_configuration                        0x00000a41   Thumb Code    72  main.o(i.bsp_configuration)
    bsp_event_to_button_action_assign        0x00000a99   Thumb Code    66  bsp.o(i.bsp_event_to_button_action_assign)
    bsp_indication_set                       0x00000ae1   Thumb Code    22  bsp.o(i.bsp_indication_set)
    bsp_init                                 0x00000afd   Thumb Code   134  bsp.o(i.bsp_init)
    calcaRes                                 0x00000da1   Thumb Code    24  sparkfunlsm9ds1.o(i.calcaRes)
    calcgRes                                 0x00000dc1   Thumb Code    24  sparkfunlsm9ds1.o(i.calcgRes)
    calcmRes                                 0x00000de1   Thumb Code    44  sparkfunlsm9ds1.o(i.calcmRes)
    clear                                    0x00000ea9   Thumb Code    54  sfe_microoled.o(i.clear)
    command                                  0x00000ee5   Thumb Code    38  sfe_microoled.o(i.command)
    constrainScales                          0x00000fb9   Thumb Code    78  sparkfunlsm9ds1.o(i.constrainScales)
    data                                     0x0000100d   Thumb Code    38  sfe_microoled.o(i.data)
    display                                  0x00001099   Thumb Code    48  sfe_microoled.o(i.display)
    initAccel                                0x0000115d   Thumb Code   132  sparkfunlsm9ds1.o(i.initAccel)
    initGyro                                 0x000011e5   Thumb Code   176  sparkfunlsm9ds1.o(i.initGyro)
    initMag                                  0x0000129d   Thumb Code   116  sparkfunlsm9ds1.o(i.initMag)
    initSPI                                  0x00001315   Thumb Code    30  sparkfunlsm9ds1.o(i.initSPI)
    mReadByte                                0x00001555   Thumb Code    14  sparkfunlsm9ds1.o(i.mReadByte)
    mReadBytes                               0x00001569   Thumb Code    18  sparkfunlsm9ds1.o(i.mReadBytes)
    mWriteByte                               0x00001581   Thumb Code    16  sparkfunlsm9ds1.o(i.mWriteByte)
    main                                     0x00001595   Thumb Code    58  main.o(i.main)
    nrf_delay_ms                             0x000015d5   Thumb Code    24  nrf_delay.o(i.nrf_delay_ms)
    nrf_drv_common_irq_enable                0x000015f1   Thumb Code    78  nrf_drv_common.o(i.nrf_drv_common_irq_enable)
    nrf_drv_gpiote_in_event_enable           0x00001651   Thumb Code   138  nrf_drv_gpiote.o(i.nrf_drv_gpiote_in_event_enable)
    nrf_drv_gpiote_in_init                   0x000016f1   Thumb Code   146  nrf_drv_gpiote.o(i.nrf_drv_gpiote_in_init)
    nrf_drv_gpiote_in_is_set                 0x00001795   Thumb Code    16  nrf_drv_gpiote.o(i.nrf_drv_gpiote_in_is_set)
    nrf_drv_gpiote_init                      0x000017a9   Thumb Code    76  nrf_drv_gpiote.o(i.nrf_drv_gpiote_init)
    nrf_drv_gpiote_is_init                   0x000017fd   Thumb Code    12  nrf_drv_gpiote.o(i.nrf_drv_gpiote_is_init)
    nrf_drv_spi_init                         0x0000180d   Thumb Code   276  nrf_drv_spi.o(i.nrf_drv_spi_init)
    nrf_drv_spi_transfer                     0x00001931   Thumb Code   178  nrf_drv_spi.o(i.nrf_drv_spi_transfer)
    nrf_drv_spi_uninit                       0x000019ed   Thumb Code    64  nrf_drv_spi.o(i.nrf_drv_spi_uninit)
    readAccel                                0x00001b55   Thumb Code    64  sparkfunlsm9ds1.o(i.readAccel)
    readGyro                                 0x00001b99   Thumb Code    64  sparkfunlsm9ds1.o(i.readGyro)
    readMag                                  0x00001bdd   Thumb Code    34  sparkfunlsm9ds1.o(i.readMag)
    setColumnAddress                         0x00001c49   Thumb Code    22  sfe_microoled.o(i.setColumnAddress)
    setCursor                                0x00001c61   Thumb Code     8  sfe_microoled.o(i.setCursor)
    setFontType                              0x00001c6d   Thumb Code    52  sfe_microoled.o(i.setFontType)
    setPageAddress                           0x00001ca5   Thumb Code    12  sfe_microoled.o(i.setPageAddress)
    spiTransfer                              0x00001cb1   Thumb Code    26  sfe_microoled.o(i.spiTransfer)
    spi_master_0_event_handler               0x00001cd1   Thumb Code    60  main.o(i.spi_master_0_event_handler)
    xgReadByte                               0x00001f3d   Thumb Code    14  sparkfunlsm9ds1.o(i.xgReadByte)
    xgReadBytes                              0x00001f51   Thumb Code    18  sparkfunlsm9ds1.o(i.xgReadBytes)
    xgWriteByte                              0x00001f69   Thumb Code    16  sparkfunlsm9ds1.o(i.xgWriteByte)
    Region$$Table$$Base                      0x00002f2c   Number         0  anon$$obj.o(Region$$Table)
    Region$$Table$$Limit                     0x00002f4c   Number         0  anon$$obj.o(Region$$Table)
    _mAddress                                0x20000050   Data           1  sparkfunlsm9ds1.o(.data)
    _xgAddress                               0x20000051   Data           1  sparkfunlsm9ds1.o(.data)
    _autoCalc                                0x20000052   Data           1  sparkfunlsm9ds1.o(.data)
    gx                                       0x20000054   Data           2  sparkfunlsm9ds1.o(.data)
    gy                                       0x20000056   Data           2  sparkfunlsm9ds1.o(.data)
    gz                                       0x20000058   Data           2  sparkfunlsm9ds1.o(.data)
    ax                                       0x2000005a   Data           2  sparkfunlsm9ds1.o(.data)
    ay                                       0x2000005c   Data           2  sparkfunlsm9ds1.o(.data)
    az                                       0x2000005e   Data           2  sparkfunlsm9ds1.o(.data)
    mx                                       0x20000060   Data           2  sparkfunlsm9ds1.o(.data)
    my                                       0x20000062   Data           2  sparkfunlsm9ds1.o(.data)
    mz                                       0x20000064   Data           2  sparkfunlsm9ds1.o(.data)
    temperature                              0x20000066   Data           2  sparkfunlsm9ds1.o(.data)
    b_LSMSPI                                 0x20000068   Data           4  sparkfunlsm9ds1.o(.data)
    gRes                                     0x2000006c   Data           4  sparkfunlsm9ds1.o(.data)
    aRes                                     0x20000070   Data           4  sparkfunlsm9ds1.o(.data)
    mRes                                     0x20000074   Data           4  sparkfunlsm9ds1.o(.data)
    gBiasRaw                                 0x20000078   Data           6  sparkfunlsm9ds1.o(.data)
    aBiasRaw                                 0x2000007e   Data           6  sparkfunlsm9ds1.o(.data)
    mBiasRaw                                 0x20000084   Data           6  sparkfunlsm9ds1.o(.data)
    magSensitivity                           0x2000008c   Data          16  sparkfunlsm9ds1.o(.data)
    csPin                                    0x2000009c   Data           1  sfe_microoled.o(.data)
    dcPin                                    0x2000009d   Data           1  sfe_microoled.o(.data)
    rstPin                                   0x2000009e   Data           1  sfe_microoled.o(.data)
    interface                                0x2000009f   Data           1  sfe_microoled.o(.data)
    foreColor                                0x200000a0   Data           1  sfe_microoled.o(.data)
    drawMode                                 0x200000a1   Data           1  sfe_microoled.o(.data)
    fontWidth                                0x200000a2   Data           1  sfe_microoled.o(.data)
    fontHeight                               0x200000a3   Data           1  sfe_microoled.o(.data)
    fontType                                 0x200000a4   Data           1  sfe_microoled.o(.data)
    fontStartChar                            0x200000a5   Data           1  sfe_microoled.o(.data)
    fontTotalChar                            0x200000a6   Data           1  sfe_microoled.o(.data)
    cursorX                                  0x200000a7   Data           1  sfe_microoled.o(.data)
    cursorY                                  0x200000a8   Data           1  sfe_microoled.o(.data)
    fontMapWidth                             0x200000aa   Data           2  sfe_microoled.o(.data)
    b_SSDSPI                                 0x200000ac   Data           4  sfe_microoled.o(.data)
    SystemCoreClock                          0x20000240   Data           4  system_nrf51.o(.data)
    settings                                 0x20000548   Data          40  sparkfunlsm9ds1.o(.bss)
    gBias                                    0x20000570   Data          12  sparkfunlsm9ds1.o(.bss)
    aBias                                    0x2000057c   Data          12  sparkfunlsm9ds1.o(.bss)
    mBias                                    0x20000588   Data          12  sparkfunlsm9ds1.o(.bss)
    __initial_sp                             0x20000d98   Data           0  arm_startup_nrf51.o(STACK)



==============================================================================

Memory Map of the image

  Image Entry point : 0x000000c1

  Load Region LR_IROM1 (Base: 0x00000000, Size: 0x00003190, Max: 0x00020000, ABSOLUTE, COMPRESSED[0x00002fcc])

    Execution Region ER_IROM1 (Base: 0x00000000, Size: 0x00002f4c, Max: 0x00020000, ABSOLUTE)

    Base Addr    Size         Type   Attr      Idx    E Section Name        Object

    0x00000000   0x000000c0   Data   RO         1655    RESET               arm_startup_nrf51.o
    0x000000c0   0x00000000   Code   RO         1697  * .ARM.Collect$$$$00000000  mc_p.l(entry.o)
    0x000000c0   0x00000004   Code   RO         1720    .ARM.Collect$$$$00000001  mc_p.l(entry2.o)
    0x000000c4   0x00000004   Code   RO         1723    .ARM.Collect$$$$00000004  mc_p.l(entry5.o)
    0x000000c8   0x00000000   Code   RO         1725    .ARM.Collect$$$$00000008  mc_p.l(entry7b.o)
    0x000000c8   0x00000000   Code   RO         1727    .ARM.Collect$$$$0000000A  mc_p.l(entry8b.o)
    0x000000c8   0x00000008   Code   RO         1728    .ARM.Collect$$$$0000000B  mc_p.l(entry9a.o)
    0x000000d0   0x00000000   Code   RO         1730    .ARM.Collect$$$$0000000D  mc_p.l(entry10a.o)
    0x000000d0   0x00000000   Code   RO         1732    .ARM.Collect$$$$0000000F  mc_p.l(entry11a.o)
    0x000000d0   0x00000004   Code   RO         1721    .ARM.Collect$$$$00002712  mc_p.l(entry2.o)
    0x000000d4   0x0000001e   Code   RO          307    .emb_text           nrf_delay.o
    0x000000f2   0x00000002   PAD
    0x000000f4   0x0000001e   Code   RO          744    .emb_text           app_timer.o
    0x00000112   0x00000002   PAD
    0x00000114   0x00000038   Code   RO         1656    .text               arm_startup_nrf51.o
    0x0000014c   0x0000002c   Code   RO         1700    .text               mc_p.l(uidiv.o)
    0x00000178   0x00000024   Code   RO         1704    .text               mc_p.l(memseta.o)
    0x0000019c   0x00000018   Code   RO         1708    .text               mf_p.l(fscalb.o)
    0x000001b4   0x0000000e   Code   RO         1714    .text               mf_p.l(ffltui.o)
    0x000001c2   0x00000000   Code   RO         1736    .text               mc_p.l(iusefp.o)
    0x000001c2   0x00000082   Code   RO         1737    .text               mf_p.l(fepilogue.o)
    0x00000244   0x00000024   Code   RO         1743    .text               mc_p.l(init.o)
    0x00000268   0x00000056   Code   RO         1755    .text               mc_p.l(__dczerorl2.o)
    0x000002be   0x00000002   PAD
    0x000002c0   0x00000108   Code   RO          367    i.GPIOTE_IRQHandler  nrf_drv_gpiote.o
    0x000003c8   0x0000005c   Code   RO          927    i.IMUbegin          sparkfunlsm9ds1.o
    0x00000424   0x00000044   Code   RO          745    i.NVIC_SetPriority  app_timer.o
    0x00000468   0x000000e0   Code   RO         1308    i.Oledbegin         sfe_microoled.o
    0x00000548   0x00000020   Code   RO          746    i.RTC1_IRQHandler   app_timer.o
    0x00000568   0x00000048   Code   RO            4    i.SPI0MaterInit_forSSD1306  main.o
    0x000005b0   0x00000014   Code   RO          563    i.SPI0_TWI0_IRQHandler  nrf_drv_spi.o
    0x000005c4   0x00000048   Code   RO            5    i.SPI1MaterInit_forLSM9DS1  main.o
    0x0000060c   0x00000014   Code   RO          564    i.SPI1_TWI1_IRQHandler  nrf_drv_spi.o
    0x00000620   0x00000010   Code   RO          929    i.SPIreadByte       sparkfunlsm9ds1.o
    0x00000630   0x0000004c   Code   RO          930    i.SPIreadBytes      sparkfunlsm9ds1.o
    0x0000067c   0x00000024   Code   RO          931    i.SPItransfer       sparkfunlsm9ds1.o
    0x000006a0   0x00000028   Code   RO          932    i.SPIwriteByte      sparkfunlsm9ds1.o
    0x000006c8   0x00000008   Code   RO          747    i.SWI0_IRQHandler   app_timer.o
    0x000006d0   0x00000054   Code   RO         1663    i.SystemInit        system_nrf51.o
    0x00000724   0x0000001a   Code   RO          284    i.__ARM_common_switch8  bsp.o
    0x0000073e   0x0000000e   Code   RO         1749    i.__scatterload_copy  mc_p.l(handlers.o)
    0x0000074c   0x00000002   Code   RO         1750    i.__scatterload_null  mc_p.l(handlers.o)
    0x0000074e   0x0000000e   Code   RO         1751    i.__scatterload_zeroinit  mc_p.l(handlers.o)
    0x0000075c   0x00000018   Code   RO          190    i.alert_timer_handler  bsp.o
    0x00000774   0x00000024   Code   RO          654    i.app_button_enable  app_button.o
    0x00000798   0x00000074   Code   RO          655    i.app_button_init   app_button.o
    0x0000080c   0x00000008   Code   RO            6    i.app_error_handler  main.o
    0x00000814   0x0000002c   Code   RO          750    i.app_timer_create  app_timer.o
    0x00000840   0x00000090   Code   RO          751    i.app_timer_init    app_timer.o
    0x000008d0   0x0000007c   Code   RO          752    i.app_timer_start   app_timer.o
    0x0000094c   0x00000054   Code   RO          753    i.app_timer_stop    app_timer.o
    0x000009a0   0x000000a0   Code   RO          191    i.bsp_button_event_handler  bsp.o
    0x00000a40   0x00000058   Code   RO            7    i.bsp_configuration  main.o
    0x00000a98   0x00000048   Code   RO          196    i.bsp_event_to_button_action_assign  bsp.o
    0x00000ae0   0x0000001c   Code   RO          197    i.bsp_indication_set  bsp.o
    0x00000afc   0x000000a0   Code   RO          199    i.bsp_init          bsp.o
    0x00000b9c   0x000001f8   Code   RO          200    i.bsp_led_indication  bsp.o
    0x00000d94   0x0000000c   Code   RO          202    i.button_timer_handler  bsp.o
    0x00000da0   0x00000020   Code   RO          937    i.calcaRes          sparkfunlsm9ds1.o
    0x00000dc0   0x00000020   Code   RO          938    i.calcgRes          sparkfunlsm9ds1.o
    0x00000de0   0x00000034   Code   RO          939    i.calcmRes          sparkfunlsm9ds1.o
    0x00000e14   0x0000001c   Code   RO          368    i.channel_free      nrf_drv_gpiote.o
    0x00000e30   0x00000048   Code   RO          369    i.channel_port_alloc  nrf_drv_gpiote.o
    0x00000e78   0x00000010   Code   RO          370    i.channel_port_get  nrf_drv_gpiote.o
    0x00000e88   0x0000001e   Code   RO            8    i.check_buf_equal   main.o
    0x00000ea6   0x00000002   PAD
    0x00000ea8   0x0000003c   Code   RO         1313    i.clear             sfe_microoled.o
    0x00000ee4   0x0000002c   Code   RO         1314    i.command           sfe_microoled.o
    0x00000f10   0x000000a8   Code   RO          755    i.compare_reg_update  app_timer.o
    0x00000fb8   0x00000054   Code   RO          950    i.constrainScales   sparkfunlsm9ds1.o
    0x0000100c   0x0000002c   Code   RO         1316    i.data              sfe_microoled.o
    0x00001038   0x00000060   Code   RO          657    i.detection_delay_timeout_handler  app_button.o
    0x00001098   0x00000034   Code   RO         1317    i.display           sfe_microoled.o
    0x000010cc   0x00000040   Code   RO          756    i.elapsed_ticks_acquire  app_timer.o
    0x0000110c   0x00000050   Code   RO          658    i.gpiote_event_handler  app_button.o
    0x0000115c   0x00000088   Code   RO          959    i.initAccel         sparkfunlsm9ds1.o
    0x000011e4   0x000000b8   Code   RO          960    i.initGyro          sparkfunlsm9ds1.o
    0x0000129c   0x00000078   Code   RO          961    i.initMag           sparkfunlsm9ds1.o
    0x00001314   0x00000024   Code   RO          962    i.initSPI           sparkfunlsm9ds1.o
    0x00001338   0x0000002a   Code   RO          565    i.irq_handler_spi   nrf_drv_spi.o
    0x00001362   0x00000002   PAD
    0x00001364   0x00000048   Code   RO         1664    i.is_manual_peripheral_setup_needed  system_nrf51.o
    0x000013ac   0x00000018   Code   RO          203    i.leds_timer_handler  bsp.o
    0x000013c4   0x000000bc   Code   RO          757    i.list_deletions_handler  app_timer.o
    0x00001480   0x000000d4   Code   RO          758    i.list_insertions_handler  app_timer.o
    0x00001554   0x00000014   Code   RO          963    i.mReadByte         sparkfunlsm9ds1.o
    0x00001568   0x00000018   Code   RO          964    i.mReadBytes        sparkfunlsm9ds1.o
    0x00001580   0x00000014   Code   RO          965    i.mWriteByte        sparkfunlsm9ds1.o
    0x00001594   0x00000040   Code   RO            9    i.main              main.o
    0x000015d4   0x0000001c   Code   RO          308    i.nrf_delay_ms      nrf_delay.o
    0x000015f0   0x00000060   Code   RO          338    i.nrf_drv_common_irq_enable  nrf_drv_common.o
    0x00001650   0x000000a0   Code   RO          373    i.nrf_drv_gpiote_in_event_enable  nrf_drv_gpiote.o
    0x000016f0   0x000000a4   Code   RO          374    i.nrf_drv_gpiote_in_init  nrf_drv_gpiote.o
    0x00001794   0x00000014   Code   RO          375    i.nrf_drv_gpiote_in_is_set  nrf_drv_gpiote.o
    0x000017a8   0x00000054   Code   RO          377    i.nrf_drv_gpiote_init  nrf_drv_gpiote.o
    0x000017fc   0x00000010   Code   RO          378    i.nrf_drv_gpiote_is_init  nrf_drv_gpiote.o
    0x0000180c   0x00000124   Code   RO          566    i.nrf_drv_spi_init  nrf_drv_spi.o
    0x00001930   0x000000bc   Code   RO          567    i.nrf_drv_spi_transfer  nrf_drv_spi.o
    0x000019ec   0x00000048   Code   RO          568    i.nrf_drv_spi_uninit  nrf_drv_spi.o
    0x00001a34   0x00000024   Code   RO          390    i.nrf_gpio_cfg      nrf_drv_gpiote.o
    0x00001a58   0x00000024   Code   RO          569    i.nrf_gpio_cfg      nrf_drv_spi.o
    0x00001a7c   0x00000014   Code   RO          570    i.nrf_gpio_cfg_output  nrf_drv_spi.o
    0x00001a90   0x00000010   Code   RO          968    i.nrf_gpio_cfg_output  sparkfunlsm9ds1.o
    0x00001aa0   0x00000010   Code   RO         1339    i.nrf_gpio_cfg_output  sfe_microoled.o
    0x00001ab0   0x00000020   Code   RO          392    i.nrf_gpio_cfg_sense_set  nrf_drv_gpiote.o
    0x00001ad0   0x00000010   Code   RO         1340    i.nrf_gpio_pin_clear  sfe_microoled.o
    0x00001ae0   0x00000010   Code   RO          571    i.nrf_gpio_pin_set  nrf_drv_spi.o
    0x00001af0   0x00000010   Code   RO          969    i.nrf_gpio_pin_set  sparkfunlsm9ds1.o
    0x00001b00   0x00000010   Code   RO         1341    i.nrf_gpio_pin_set  sfe_microoled.o
    0x00001b10   0x00000014   Code   RO          393    i.nrf_gpiote_event_is_set  nrf_drv_gpiote.o
    0x00001b24   0x00000018   Code   RO          394    i.pin_in_use_by_port  nrf_drv_gpiote.o
    0x00001b3c   0x00000018   Code   RO          395    i.pin_in_use_by_te  nrf_drv_gpiote.o
    0x00001b54   0x00000044   Code   RO          970    i.readAccel         sparkfunlsm9ds1.o
    0x00001b98   0x00000044   Code   RO          972    i.readGyro          sparkfunlsm9ds1.o
    0x00001bdc   0x00000028   Code   RO          974    i.readMag           sparkfunlsm9ds1.o
    0x00001c04   0x00000044   Code   RO          759    i.rtc1_stop         app_timer.o
    0x00001c48   0x00000016   Code   RO         1351    i.setColumnAddress  sfe_microoled.o
    0x00001c5e   0x00000002   PAD
    0x00001c60   0x0000000c   Code   RO         1352    i.setCursor         sfe_microoled.o
    0x00001c6c   0x00000038   Code   RO         1354    i.setFontType       sfe_microoled.o
    0x00001ca4   0x0000000c   Code   RO         1355    i.setPageAddress    sfe_microoled.o
    0x00001cb0   0x00000020   Code   RO         1357    i.spiTransfer       sfe_microoled.o
    0x00001cd0   0x00000048   Code   RO           10    i.spi_master_0_event_handler  main.o
    0x00001d18   0x00000084   Code   RO          760    i.timer_list_handler  app_timer.o
    0x00001d9c   0x00000010   Code   RO          761    i.timer_list_handler_sched  app_timer.o
    0x00001dac   0x00000040   Code   RO          762    i.timer_list_insert  app_timer.o
    0x00001dec   0x00000084   Code   RO          763    i.timer_timeouts_check  app_timer.o
    0x00001e70   0x00000050   Code   RO          572    i.transfer_byte     nrf_drv_spi.o
    0x00001ec0   0x00000054   Code   RO          764    i.user_id_get       app_timer.o
    0x00001f14   0x00000026   Code   RO          765    i.user_op_alloc     app_timer.o
    0x00001f3a   0x00000002   PAD
    0x00001f3c   0x00000014   Code   RO          986    i.xgReadByte        sparkfunlsm9ds1.o
    0x00001f50   0x00000018   Code   RO          987    i.xgReadBytes       sparkfunlsm9ds1.o
    0x00001f68   0x00000014   Code   RO          988    i.xgWriteByte       sparkfunlsm9ds1.o
    0x00001f7c   0x00000030   Data   RO           13    .constdata          main.o
    0x00001fac   0x0000003c   Data   RO          208    .constdata          bsp.o
    0x00001fe8   0x00000020   Data   RO          574    .constdata          nrf_drv_spi.o
    0x00002008   0x00000008   Data   RO          660    .constdata          app_button.o
    0x00002010   0x00000501   Data   RO         1359    .constdata          sfe_microoled.o
    0x00002511   0x00000606   Data   RO         1360    .constdata          sfe_microoled.o
    0x00002b17   0x0000031e   Data   RO         1361    .constdata          sfe_microoled.o
    0x00002e35   0x000000f6   Data   RO         1362    .constdata          sfe_microoled.o
    0x00002f2b   0x00000001   PAD
    0x00002f2c   0x00000020   Data   RO         1747    Region$$Table       anon$$obj.o


    Execution Region RW_IRAM1 (Base: 0x20000000, Size: 0x00000d98, Max: 0x00004000, ABSOLUTE, COMPRESSED[0x00000080])

    Base Addr    Size         Type   Attr      Idx    E Section Name        Object

    0x20000000   0x00000001   Data   RW           14    .data               main.o
    0x20000001   0x00000003   PAD
    0x20000004   0x00000018   Data   RW          209    .data               bsp.o
    0x2000001c   0x00000014   Data   RW          661    .data               app_button.o
    0x20000030   0x00000020   Data   RW          766    .data               app_timer.o
    0x20000050   0x0000004c   Data   RW          990    .data               sparkfunlsm9ds1.o
    0x2000009c   0x000001a4   Data   RW         1363    .data               sfe_microoled.o
    0x20000240   0x00000004   Data   RW         1665    .data               system_nrf51.o
    0x20000244   0x00000200   Zero   RW           12    .bss                main.o
    0x20000444   0x00000020   Zero   RW          204    .bss                bsp.o
    0x20000464   0x00000020   Zero   RW          205    .bss                bsp.o
    0x20000484   0x0000000c   Zero   RW          206    .bss                bsp.o
    0x20000490   0x00000020   Zero   RW          207    .bss                bsp.o
    0x200004b0   0x00000048   Zero   RW          396    .bss                nrf_drv_gpiote.o
    0x200004f8   0x00000030   Zero   RW          573    .bss                nrf_drv_spi.o
    0x20000528   0x00000020   Zero   RW          659    .bss                app_button.o
    0x20000548   0x0000004c   Zero   RW          989    .bss                sparkfunlsm9ds1.o
    0x20000594   0x00000004   PAD
    0x20000598   0x00000800   Zero   RW         1653    STACK               arm_startup_nrf51.o


==============================================================================

Image component sizes


      Code (inc. data)   RO Data    RW Data    ZI Data      Debug   Object Name

       328         34          8         20         32       8866   app_button.o
      1700        152          0         32          0      29947   app_timer.o
        56         18        192          0       2048        696   arm_startup_nrf51.o
      1010         98         60         24        108      17260   bsp.o
       406         62         48          1        512      32674   main.o
        58          4          0          0          0       1715   nrf_delay.o
        96         18          0          0          0       8404   nrf_drv_common.o
       960        128          0          0         72      23016   nrf_drv_gpiote.o
       786         60         32          0         48      25121   nrf_drv_spi.o
       606         58       3867        420          0      12984   sfe_microoled.o
      1272        140          0         76         76      20099   sparkfunlsm9ds1.o
       156         26          0          4          0       2147   system_nrf51.o

    ----------------------------------------------------------------------
      7446        798       4240        580       2900     182929   Object Totals
         0          0         32          0          0          0   (incl. Generated)
        12          0          1          3          4          0   (incl. Padding)

    ----------------------------------------------------------------------

      Code (inc. data)   RO Data    RW Data    ZI Data      Debug   Library Member Name

        86          0          0          0          0          0   __dczerorl2.o
         0          0          0          0          0          0   entry.o
         0          0          0          0          0          0   entry10a.o
         0          0          0          0          0          0   entry11a.o
         8          4          0          0          0          0   entry2.o
         4          0          0          0          0          0   entry5.o
         0          0          0          0          0          0   entry7b.o
         0          0          0          0          0          0   entry8b.o
         8          4          0          0          0          0   entry9a.o
        30          0          0          0          0          0   handlers.o
        36          8          0          0          0         68   init.o
         0          0          0          0          0          0   iusefp.o
        36          0          0          0          0        100   memseta.o
        44          0          0          0          0         72   uidiv.o
       130          0          0          0          0        144   fepilogue.o
        14          0          0          0          0         68   ffltui.o
        24          0          0          0          0         60   fscalb.o

    ----------------------------------------------------------------------
       422         16          0          0          0        512   Library Totals
         2          0          0          0          0          0   (incl. Padding)

    ----------------------------------------------------------------------

      Code (inc. data)   RO Data    RW Data    ZI Data      Debug   Library Name

       252         16          0          0          0        240   mc_p.l
       168          0          0          0          0        272   mf_p.l

    ----------------------------------------------------------------------
       422         16          0          0          0        512   Library Totals

    ----------------------------------------------------------------------

==============================================================================


      Code (inc. data)   RO Data    RW Data    ZI Data      Debug   

      7868        814       4240        580       2900     178985   Grand Totals
      7868        814       4240        128       2900     178985   ELF Image Totals (compressed)
      7868        814       4240        128          0          0   ROM Totals

==============================================================================

    Total RO  Size (Code + RO Data)                12108 (  11.82kB)
    Total RW  Size (RW Data + ZI Data)              3480 (   3.40kB)
    Total ROM Size (Code + RO Data + RW Data)      12236 (  11.95kB)

==============================================================================

